<html>
<body>
<pre>
<h1>µVision Build Log</h1>
<h2>Tool Versions:</h2>
IDE-Version: µVision V5.28.0.0
Copyright (C) 2019 ARM Ltd and ARM Germany GmbH. All rights reserved.
License Information: sdbvchcfhweb rwgvbwergv, rvergverver, LIC=----
 
Tool Versions:
Toolchain:       MDK-Lite  Version: 5.28.0.0
Toolchain Path:  D:\Keil C\ARM\ARMCC\Bin
C Compiler:      Armcc.exe V5.06 update 6 (build 750)
Assembler:       Armasm.exe V5.06 update 6 (build 750)
Linker/Locator:  ArmLink.exe V5.06 update 6 (build 750)
Library Manager: ArmAr.exe V5.06 update 6 (build 750)
Hex Converter:   FromElf.exe V5.06 update 6 (build 750)
CPU DLL:         SARMCM3.DLL V5.28.0.0
Dialog DLL:      DCM.DLL V1.17.3.0
Target DLL:      STLink\ST-LINKIII-KEIL_SWO.dll V3.0.6.0
Dialog DLL:      TCM.DLL V1.36.2.0
 
<h2>Project:</h2>
C:\Users\hnaco\Desktop\Thiet_ke_dien_tu\MPU6050_version4\MDK\mpu.uvprojx
Project File Date:  09/29/2022

<h2>Output:</h2>
*** Using Compiler 'V5.06 update 6 (build 750)', folder: 'D:\Keil C\ARM\ARMCC\Bin'
Rebuild target 'Target 1'
compiling time.c...
..\USER\time.h(26): warning:  #1-D: last line of file ends without a newline
  /******************************************************************************/
..\USER\time.c: 1 warning, 0 errors
compiling idp_iic.c...
..\USER\idp_iic.h(49): warning:  #1-D: last line of file ends without a newline
  																					
..\USER\idp_iic.c(64): warning:  #223-D: function "printf" declared implicitly
    IDP_IIC__ERROR("I2C !errorCode = %d",errorCode);
..\USER\idp_iic.c: 2 warnings, 0 errors
compiling motor.c...
..\USER\motor.c(44): warning:  #188-D: enumerated type mixed with another type
      if (Count_timer2 <= Count_TOP2) GPIO_WriteBit(GPIOA, Step_L, 1);
..\USER\motor.c(45): warning:  #188-D: enumerated type mixed with another type
      else GPIO_WriteBit(GPIOA, Step_L, 0);;
..\USER\motor.c(55): warning:  #188-D: enumerated type mixed with another type
      if (Count_timer3 <= Count_TOP3)GPIO_WriteBit(GPIOA, Step_R, 1);
..\USER\motor.c(56): warning:  #188-D: enumerated type mixed with another type
      else GPIO_WriteBit(GPIOA, Step_R, 0);
..\USER\motor.c(73): warning:  #188-D: enumerated type mixed with another type
  		GPIO_WriteBit(GPIOA, Dir_L, 0);
..\USER\motor.c(78): warning:  #188-D: enumerated type mixed with another type
  		GPIO_WriteBit(GPIOA, Dir_L, 1);
..\USER\motor.c(90): warning:  #188-D: enumerated type mixed with another type
  		GPIO_WriteBit(GPIOA, Dir_R, 0);
..\USER\motor.c(95): warning:  #188-D: enumerated type mixed with another type
  		GPIO_WriteBit(GPIOA, Dir_R, 1);
..\USER\motor.c: 8 warnings, 0 errors
compiling usart_lib.c...
compiling system.c...
..\USER\idp_iic.h(49): warning:  #1-D: last line of file ends without a newline
  																					
..\USER\time.h(26): warning:  #1-D: last line of file ends without a newline
  /******************************************************************************/
..\USER\stmpu6050.h(20): warning:  #1295-D: Deprecated declaration readAngles - give arg types
  void readAngles();
..\USER\stmpu6050.h(21): warning:  #1295-D: Deprecated declaration getYAngle - give arg types
  double getYAngle();
..\USER\system.h(34): warning:  #1-D: last line of file ends without a newline
  /******************************************************************************/
..\USER\system.c(78): warning:  #1-D: last line of file ends without a newline
  }
..\USER\system.c: 6 warnings, 0 errors
compiling main.c...
..\USER\idp_iic.h(49): warning:  #1-D: last line of file ends without a newline
  																					
..\USER\time.h(26): warning:  #1-D: last line of file ends without a newline
  /******************************************************************************/
..\USER\stmpu6050.h(20): warning:  #1295-D: Deprecated declaration readAngles - give arg types
  void readAngles();
..\USER\stmpu6050.h(21): warning:  #1295-D: Deprecated declaration getYAngle - give arg types
  double getYAngle();
..\USER\system.h(34): warning:  #1-D: last line of file ends without a newline
  /******************************************************************************/
..\USER\main.c(10): warning:  #1-D: last line of file ends without a newline
  }
..\USER\main.c: 6 warnings, 0 errors
compiling stmpu6050.c...
..\USER\idp_iic.h(49): warning:  #1-D: last line of file ends without a newline
  																					
..\USER\stmpu6050.h(20): warning:  #1295-D: Deprecated declaration readAngles - give arg types
  void readAngles();
..\USER\stmpu6050.h(21): warning:  #1295-D: Deprecated declaration getYAngle - give arg types
  double getYAngle();
..\USER\time.h(26): warning:  #1-D: last line of file ends without a newline
  /******************************************************************************/
..\USER\stmpu6050.c(39): warning:  #550-D: variable "res"  was set but never used
  			u8 buf[6],res;  
..\USER\stmpu6050.c(61): warning:  #550-D: variable "res"  was set but never used
  		u8 Rec_Data[14],res;
..\USER\stmpu6050.c(89): warning:  #1-D: last line of file ends without a newline
  }
..\USER\stmpu6050.c: 7 warnings, 0 errors
assembling startup_stm32f10x_md.s...
compiling misc.c...
compiling stm32f10x_gpio.c...
compiling stm32f10x_rcc.c...
compiling stm32f10x_i2c.c...
compiling stm32f10x_usart.c...
compiling stm32f10x_tim.c...
compiling system_stm32f10x.c...
linking...
Program Size: Code=4384 RO-data=268 RW-data=212 ZI-data=1732  
".\Objects\mpu.axf" - 0 Error(s), 30 Warning(s).

<h2>Software Packages used:</h2>

Package Vendor: ARM
                http://www.keil.com/pack/ARM.CMSIS.5.9.0.pack
                ARM.CMSIS.5.9.0
                CMSIS (Common Microcontroller Software Interface Standard)
   * Component: CORE Version: 5.6.0

Package Vendor: Keil
                http://www.keil.com/pack/Keil.STM32F1xx_DFP.2.4.0.pack
                Keil.STM32F1xx_DFP.2.4.0
                STMicroelectronics STM32F1 Series Device Support, Drivers and Examples
   * Component: Startup Version: 1.0.0
   * Component: Framework Version: 3.6.0
   * Component: GPIO Version: 3.6.0
   * Component: I2C Version: 3.6.0
   * Component: RCC Version: 3.6.0
   * Component: TIM Version: 3.6.0
   * Component: USART Version: 3.6.0

<h2>Collection of Component include folders:</h2>
  .\RTE\Device\STM32F103C8
  .\RTE\_Target_1
  D:\Keil C\ARM\CMSIS\5.9.0\CMSIS\Core\Include
  D:\Keil C\Keil\STM32F1xx_DFP\2.4.0\Device\Include
  D:\Keil C\Keil\STM32F1xx_DFP\2.4.0\Device\StdPeriph_Driver\inc

<h2>Collection of Component Files used:</h2>

   * Component: ARM::CMSIS:CORE:5.6.0

   * Component: Keil::Device:Startup:1.0.0
      Source file:   Device\Source\ARM\startup_stm32f10x_md.s
      Include file:  RTE_Driver\Config\RTE_Device.h
      Source file:   Device\Source\ARM\STM32F1xx_OPT.s
      Source file:   Device\Source\system_stm32f10x.c

   * Component: Keil::Device:StdPeriph Drivers:Framework:3.6.0
      Include file:  Device\StdPeriph_Driver\inc\misc.h
      Source file:   Device\StdPeriph_Driver\templates\stm32f10x_conf.h
      Source file:   Device\StdPeriph_Driver\src\misc.c
      Include file:  Device\StdPeriph_Driver\templates\stm32f10x_it.h
      Source file:   Device\StdPeriph_Driver\templates\stm32f10x_it.c

   * Component: Keil::Device:StdPeriph Drivers:GPIO:3.6.0
      Include file:  Device\StdPeriph_Driver\inc\stm32f10x_gpio.h
      Source file:   Device\StdPeriph_Driver\src\stm32f10x_gpio.c

   * Component: Keil::Device:StdPeriph Drivers:I2C:3.6.0
      Source file:   Device\StdPeriph_Driver\src\stm32f10x_i2c.c
      Include file:  Device\StdPeriph_Driver\inc\stm32f10x_i2c.h

   * Component: Keil::Device:StdPeriph Drivers:RCC:3.6.0
      Include file:  Device\StdPeriph_Driver\inc\stm32f10x_rcc.h
      Source file:   Device\StdPeriph_Driver\src\stm32f10x_rcc.c

   * Component: Keil::Device:StdPeriph Drivers:TIM:3.6.0
      Include file:  Device\StdPeriph_Driver\inc\stm32f10x_tim.h
      Source file:   Device\StdPeriph_Driver\src\stm32f10x_tim.c

   * Component: Keil::Device:StdPeriph Drivers:USART:3.6.0
      Source file:   Device\StdPeriph_Driver\src\stm32f10x_usart.c
      Include file:  Device\StdPeriph_Driver\inc\stm32f10x_usart.h
Build Time Elapsed:  00:00:02
</pre>
</body>
</html>
