<html>
<body>
<pre>
<h1>µVision Build Log</h1>
<h2>Tool Versions:</h2>
IDE-Version: µVision V5.28.0.0
Copyright (C) 2019 ARM Ltd and ARM Germany GmbH. All rights reserved.
License Information: sdbvchcfhweb rwgvbwergv, rvergverver, LIC=----
 
Tool Versions:
Toolchain:       MDK-Lite  Version: 5.28.0.0
Toolchain Path:  D:\Keil C\ARM\ARMCC\Bin
C Compiler:      Armcc.exe V5.06 update 6 (build 750)
Assembler:       Armasm.exe V5.06 update 6 (build 750)
Linker/Locator:  ArmLink.exe V5.06 update 6 (build 750)
Library Manager: ArmAr.exe V5.06 update 6 (build 750)
Hex Converter:   FromElf.exe V5.06 update 6 (build 750)
CPU DLL:         SARMCM3.DLL V5.28.0.0
Dialog DLL:      DCM.DLL V1.17.3.0
Target DLL:      STLink\ST-LINKIII-KEIL_SWO.dll V3.0.6.0
Dialog DLL:      TCM.DLL V1.36.2.0
 
<h2>Project:</h2>
C:\Users\hnaco\Desktop\Thiet_ke_dien_tu\MPU6050_version3\MDK\balancing.uvprojx
Project File Date:  09/29/2022

<h2>Output:</h2>
*** Using Compiler 'V5.06 update 6 (build 750)', folder: 'D:\Keil C\ARM\ARMCC\Bin'
Rebuild target 'Target 1'
compiling stm32f10x_gpio.c...
compiling usart_lib.c...
compiling time.c...
..\USER\time.h(26): warning:  #1-D: last line of file ends without a newline
  /******************************************************************************/
..\USER\time.c: 1 warning, 0 errors
compiling misc.c...
compiling main.c...
..\USER\i2c.h(57): warning:  #1-D: last line of file ends without a newline
  /******************************************************************************/
..\USER\mpu6050.h(50): warning:  #1295-D: Deprecated declaration MPU6050_Init - give arg types
  uint8_t MPU6050_Init();
..\USER\mpu6050.h(60): warning:  #1-D: last line of file ends without a newline
  double Kalman_getAngle(Kalman_t *Kalman, double newAngle, double newRate, double dt);
..\USER\main.c(10): warning:  #223-D: function "printf" declared implicitly
  	printf("CONNECTED MPU6050\n");
..\USER\main.c: 4 warnings, 0 errors
compiling i2c.c...
..\USER\i2c.h(57): warning:  #1-D: last line of file ends without a newline
  /******************************************************************************/
..\USER\i2c.c(70): warning:  #223-D: function "printf" declared implicitly
    IDP_IIC__ERROR("I2C!errorCode = %d",errorCode);
..\USER\i2c.c(96): warning:  #223-D: function "printf" declared implicitly
  		printf("%d\n",I2CTimeout);
..\USER\i2c.c: 3 warnings, 0 errors
compiling mpu6050.c...
..\USER\i2c.h(57): warning:  #1-D: last line of file ends without a newline
  /******************************************************************************/
..\USER\mpu6050.h(50): warning:  #1295-D: Deprecated declaration MPU6050_Init - give arg types
  uint8_t MPU6050_Init();
..\USER\mpu6050.h(60): warning:  #1-D: last line of file ends without a newline
  double Kalman_getAngle(Kalman_t *Kalman, double newAngle, double newRate, double dt);
..\USER\time.h(26): warning:  #1-D: last line of file ends without a newline
  /******************************************************************************/
..\USER\mpu6050.c(37): warning:  #550-D: variable "Data"  was set but never used
      uint8_t Data;
..\USER\mpu6050.c(40): warning:  #177-D: variable "timeout"  was declared but never referenced
  		uint32_t timeout = I2CT_LONG_TIMEOUT;
..\USER\mpu6050.c(71): warning:  #550-D: variable "res"  was set but never used
  		uint8_t Rec_Data[6],res; 
..\USER\mpu6050.c(95): warning:  #550-D: variable "res"  was set but never used
  		uint8_t Rec_Data[6],res;  
..\USER\mpu6050.c(126): warning:  #550-D: variable "res"  was set but never used
      uint8_t Rec_Data[14],res;
..\USER\mpu6050.c(204): warning:  #1-D: last line of file ends without a newline
  };
..\USER\mpu6050.c: 10 warnings, 0 errors
assembling startup_stm32f10x_md.s...
compiling system_stm32f10x.c...
compiling stm32f10x_usart.c...
compiling stm32f10x_rcc.c...
compiling stm32f10x_i2c.c...
compiling stm32f10x_tim.c...
linking...
Program Size: Code=14628 RO-data=604 RW-data=200 ZI-data=1848  
".\Objects\balancing.axf" - 0 Error(s), 18 Warning(s).

<h2>Software Packages used:</h2>

Package Vendor: ARM
                http://www.keil.com/pack/ARM.CMSIS.5.9.0.pack
                ARM.CMSIS.5.9.0
                CMSIS (Common Microcontroller Software Interface Standard)
   * Component: CORE Version: 5.6.0

Package Vendor: Keil
                http://www.keil.com/pack/Keil.STM32F1xx_DFP.2.4.0.pack
                Keil.STM32F1xx_DFP.2.4.0
                STMicroelectronics STM32F1 Series Device Support, Drivers and Examples
   * Component: Startup Version: 1.0.0
   * Component: Framework Version: 3.6.0
   * Component: GPIO Version: 3.6.0
   * Component: I2C Version: 3.6.0
   * Component: RCC Version: 3.6.0
   * Component: TIM Version: 3.6.0
   * Component: USART Version: 3.6.0

<h2>Collection of Component include folders:</h2>
  .\RTE\Device\STM32F103C8
  .\RTE\_Target_1
  D:\Keil C\ARM\CMSIS\5.9.0\CMSIS\Core\Include
  D:\Keil C\Keil\STM32F1xx_DFP\2.4.0\Device\Include
  D:\Keil C\Keil\STM32F1xx_DFP\2.4.0\Device\StdPeriph_Driver\inc

<h2>Collection of Component Files used:</h2>

   * Component: ARM::CMSIS:CORE:5.6.0

   * Component: Keil::Device:Startup:1.0.0
      Source file:   Device\Source\ARM\STM32F1xx_OPT.s
      Source file:   Device\Source\ARM\startup_stm32f10x_md.s
      Include file:  RTE_Driver\Config\RTE_Device.h
      Source file:   Device\Source\system_stm32f10x.c

   * Component: Keil::Device:StdPeriph Drivers:Framework:3.6.0
      Include file:  Device\StdPeriph_Driver\inc\misc.h
      Source file:   Device\StdPeriph_Driver\src\misc.c
      Source file:   Device\StdPeriph_Driver\templates\stm32f10x_conf.h
      Source file:   Device\StdPeriph_Driver\templates\stm32f10x_it.c
      Include file:  Device\StdPeriph_Driver\templates\stm32f10x_it.h

   * Component: Keil::Device:StdPeriph Drivers:GPIO:3.6.0
      Include file:  Device\StdPeriph_Driver\inc\stm32f10x_gpio.h
      Source file:   Device\StdPeriph_Driver\src\stm32f10x_gpio.c

   * Component: Keil::Device:StdPeriph Drivers:I2C:3.6.0
      Include file:  Device\StdPeriph_Driver\inc\stm32f10x_i2c.h
      Source file:   Device\StdPeriph_Driver\src\stm32f10x_i2c.c

   * Component: Keil::Device:StdPeriph Drivers:RCC:3.6.0
      Include file:  Device\StdPeriph_Driver\inc\stm32f10x_rcc.h
      Source file:   Device\StdPeriph_Driver\src\stm32f10x_rcc.c

   * Component: Keil::Device:StdPeriph Drivers:TIM:3.6.0
      Include file:  Device\StdPeriph_Driver\inc\stm32f10x_tim.h
      Source file:   Device\StdPeriph_Driver\src\stm32f10x_tim.c

   * Component: Keil::Device:StdPeriph Drivers:USART:3.6.0
      Include file:  Device\StdPeriph_Driver\inc\stm32f10x_usart.h
      Source file:   Device\StdPeriph_Driver\src\stm32f10x_usart.c
Build Time Elapsed:  00:00:02
</pre>
</body>
</html>
