Component: ARM Compiler 5.06 update 6 (build 750) Tool: armlink [4d35ed]

==============================================================================

Section Cross References

    i2c.o(i.I2C_BufferRead) refers to i2c.o(i.I2C_TIMEOUT_UserCallback) for I2C_TIMEOUT_UserCallback
    i2c.o(i.I2C_BufferRead) refers to stm32f10x_i2c.o(i.I2C_GetFlagStatus) for I2C_GetFlagStatus
    i2c.o(i.I2C_BufferRead) refers to stm32f10x_i2c.o(i.I2C_GenerateSTART) for I2C_GenerateSTART
    i2c.o(i.I2C_BufferRead) refers to stm32f10x_i2c.o(i.I2C_CheckEvent) for I2C_CheckEvent
    i2c.o(i.I2C_BufferRead) refers to stm32f10x_i2c.o(i.I2C_Send7bitAddress) for I2C_Send7bitAddress
    i2c.o(i.I2C_BufferRead) refers to stm32f10x_i2c.o(i.I2C_Cmd) for I2C_Cmd
    i2c.o(i.I2C_BufferRead) refers to stm32f10x_i2c.o(i.I2C_SendData) for I2C_SendData
    i2c.o(i.I2C_BufferRead) refers to stm32f10x_i2c.o(i.I2C_AcknowledgeConfig) for I2C_AcknowledgeConfig
    i2c.o(i.I2C_BufferRead) refers to stm32f10x_i2c.o(i.I2C_GenerateSTOP) for I2C_GenerateSTOP
    i2c.o(i.I2C_BufferRead) refers to stm32f10x_i2c.o(i.I2C_ReceiveData) for I2C_ReceiveData
    i2c.o(i.I2C_BufferRead) refers to i2c.o(.data) for I2CTimeout
    i2c.o(i.I2C_ByteWrite) refers to _printf_percent.o(.ARM.Collect$$_printf_percent$$00000000) for _printf_percent
    i2c.o(i.I2C_ByteWrite) refers to _printf_d.o(.ARM.Collect$$_printf_percent$$00000009) for _printf_d
    i2c.o(i.I2C_ByteWrite) refers to _printf_dec.o(.text) for _printf_int_dec
    i2c.o(i.I2C_ByteWrite) refers to stm32f10x_i2c.o(i.I2C_GenerateSTART) for I2C_GenerateSTART
    i2c.o(i.I2C_ByteWrite) refers to i2c.o(i.I2C_TIMEOUT_UserCallback) for I2C_TIMEOUT_UserCallback
    i2c.o(i.I2C_ByteWrite) refers to stm32f10x_i2c.o(i.I2C_CheckEvent) for I2C_CheckEvent
    i2c.o(i.I2C_ByteWrite) refers to stm32f10x_i2c.o(i.I2C_Send7bitAddress) for I2C_Send7bitAddress
    i2c.o(i.I2C_ByteWrite) refers to noretval__2printf.o(.text) for __2printf
    i2c.o(i.I2C_ByteWrite) refers to stm32f10x_i2c.o(i.I2C_SendData) for I2C_SendData
    i2c.o(i.I2C_ByteWrite) refers to stm32f10x_i2c.o(i.I2C_GenerateSTOP) for I2C_GenerateSTOP
    i2c.o(i.I2C_ByteWrite) refers to i2c.o(.data) for I2CTimeout
    i2c.o(i.I2C_EE_WaitEepromStandbyState) refers to stm32f10x_i2c.o(i.I2C_GenerateSTART) for I2C_GenerateSTART
    i2c.o(i.I2C_EE_WaitEepromStandbyState) refers to stm32f10x_i2c.o(i.I2C_ReadRegister) for I2C_ReadRegister
    i2c.o(i.I2C_EE_WaitEepromStandbyState) refers to stm32f10x_i2c.o(i.I2C_Send7bitAddress) for I2C_Send7bitAddress
    i2c.o(i.I2C_EE_WaitEepromStandbyState) refers to stm32f10x_i2c.o(i.I2C_ClearFlag) for I2C_ClearFlag
    i2c.o(i.I2C_EE_WaitEepromStandbyState) refers to stm32f10x_i2c.o(i.I2C_GenerateSTOP) for I2C_GenerateSTOP
    i2c.o(i.I2C_EE_WaitEepromStandbyState) refers to i2c.o(.data) for EEPROM_ADDRESS
    i2c.o(i.I2C_GPIO_Config) refers to stm32f10x_rcc.o(i.RCC_APB1PeriphClockCmd) for RCC_APB1PeriphClockCmd
    i2c.o(i.I2C_GPIO_Config) refers to stm32f10x_rcc.o(i.RCC_APB2PeriphClockCmd) for RCC_APB2PeriphClockCmd
    i2c.o(i.I2C_GPIO_Config) refers to stm32f10x_gpio.o(i.GPIO_Init) for GPIO_Init
    i2c.o(i.I2C_Mode_Configu) refers to stm32f10x_i2c.o(i.I2C_Init) for I2C_Init
    i2c.o(i.I2C_Mode_Configu) refers to stm32f10x_i2c.o(i.I2C_Cmd) for I2C_Cmd
    i2c.o(i.I2C_TIMEOUT_UserCallback) refers to _printf_percent.o(.ARM.Collect$$_printf_percent$$00000000) for _printf_percent
    i2c.o(i.I2C_TIMEOUT_UserCallback) refers to _printf_d.o(.ARM.Collect$$_printf_percent$$00000009) for _printf_d
    i2c.o(i.I2C_TIMEOUT_UserCallback) refers to _printf_dec.o(.text) for _printf_int_dec
    i2c.o(i.I2C_TIMEOUT_UserCallback) refers to noretval__2printf.o(.text) for __2printf
    i2c.o(i.IDP_IIC_Init) refers to i2c.o(i.I2C_GPIO_Config) for I2C_GPIO_Config
    i2c.o(i.IDP_IIC_Init) refers to i2c.o(i.I2C_Mode_Configu) for I2C_Mode_Configu
    main.o(i.main) refers to _printf_percent.o(.ARM.Collect$$_printf_percent$$00000000) for _printf_percent
    main.o(i.main) refers to _printf_d.o(.ARM.Collect$$_printf_percent$$00000009) for _printf_d
    main.o(i.main) refers to _printf_dec.o(.text) for _printf_int_dec
    main.o(i.main) refers to _printf_f.o(.ARM.Collect$$_printf_percent$$00000003) for _printf_f
    main.o(i.main) refers to printf1.o(x$fpl$printf1) for _printf_fp_dec
    main.o(i.main) refers to time.o(i.TimeSystickInit) for TimeSystickInit
    main.o(i.main) refers to usart_lib.o(i.UsartLib_Init) for UsartLib_Init
    main.o(i.main) refers to mpu6050.o(i.MPU6050_Init) for MPU6050_Init
    main.o(i.main) refers to noretval__2printf.o(.text) for __2printf
    main.o(i.main) refers to time.o(i.SystickMillis) for SystickMillis
    main.o(i.main) refers to mpu6050.o(i.MPU6050_Read_All) for MPU6050_Read_All
    main.o(i.main) refers to f2d.o(x$fpl$f2d) for __aeabi_f2d
    main.o(i.main) refers to usart_lib.o(i.delay) for delay
    main.o(i.main) refers to main.o(.bss) for mpu
[...]
    ../clib/bigflt.c                         0x00000000   Number         0  bigflt0.o ABSOLUTE
    ../clib/btod.s                           0x00000000   Number         0  btod.o ABSOLUTE
    ../clib/fenv.c                           0x00000000   Number         0  _rserrno.o ABSOLUTE
    ../clib/heapalloc.c                      0x00000000   Number         0  hrguard.o ABSOLUTE
    ../clib/heapaux.c                        0x00000000   Number         0  heapauxi.o ABSOLUTE
    ../clib/libinit.s                        0x00000000   Number         0  libshutdown.o ABSOLUTE
    ../clib/libinit.s                        0x00000000   Number         0  libshutdown2.o ABSOLUTE
    ../clib/libinit.s                        0x00000000   Number         0  libinit2.o ABSOLUTE
    ../clib/libinit.s                        0x00000000   Number         0  libinit.o ABSOLUTE
    ../clib/locale.s                         0x00000000   Number         0  lc_numeric_c.o ABSOLUTE
    ../clib/longlong.s                       0x00000000   Number         0  lludiv10.o ABSOLUTE
    ../clib/memcpset.s                       0x00000000   Number         0  strcmpv7m.o ABSOLUTE
    ../clib/misc.s                           0x00000000   Number         0  printf_stubs.o ABSOLUTE
    ../clib/printf.c                         0x00000000   Number         0  __printf_nopercent.o ABSOLUTE
    ../clib/printf.c                         0x00000000   Number         0  _printf_char_common.o ABSOLUTE
    ../clib/printf.c                         0x00000000   Number         0  _printf_fp_dec.o ABSOLUTE
    ../clib/printf.c                         0x00000000   Number         0  _sputc.o ABSOLUTE
    ../clib/printf.c                         0x00000000   Number         0  _printf_intcommon.o ABSOLUTE
    ../clib/printf.c                         0x00000000   Number         0  _printf_fp_infnan.o ABSOLUTE
    ../clib/printf.c                         0x00000000   Number         0  __printf_ss.o ABSOLUTE
    ../clib/printf.c                         0x00000000   Number         0  __printf_flags.o ABSOLUTE
    ../clib/printf.c                         0x00000000   Number         0  _printf_dec.o ABSOLUTE
    ../clib/printf.c                         0x00000000   Number         0  __printf.o ABSOLUTE
    ../clib/printf.c                         0x00000000   Number         0  noretval__2sprintf.o ABSOLUTE
    ../clib/printf.c                         0x00000000   Number         0  __printf_ss_wp.o ABSOLUTE
    ../clib/printf.c                         0x00000000   Number         0  __printf_flags_wp.o ABSOLUTE
    ../clib/printf.c                         0x00000000   Number         0  __2printf.o ABSOLUTE
    ../clib/printf.c                         0x00000000   Number         0  __printf_wp.o ABSOLUTE
    ../clib/printf.c                         0x00000000   Number         0  _printf_char_file.o ABSOLUTE
    ../clib/printf.c                         0x00000000   Number         0  __2sprintf.o ABSOLUTE
    ../clib/printf.c                         0x00000000   Number         0  noretval__2printf.o ABSOLUTE
    ../clib/printf.c                         0x00000000   Number         0  __printf_flags_ss.o ABSOLUTE
    ../clib/printf.c                         0x00000000   Number         0  __printf_flags_ss_wp.o ABSOLUTE
    ../clib/printf_percent.s                 0x00000000   Number         0  _printf_percent.o ABSOLUTE
    ../clib/printf_percent.s                 0x00000000   Number         0  _printf_f.o ABSOLUTE
    ../clib/printf_percent.s                 0x00000000   Number         0  _printf_d.o ABSOLUTE
    ../clib/printf_percent.s                 0x00000000   Number         0  _printf_percent_end.o ABSOLUTE
    ../clib/signal.c                         0x00000000   Number         0  defsig_exit.o ABSOLUTE
    ../clib/signal.c                         0x00000000   Number         0  __raise.o ABSOLUTE
    ../clib/signal.c                         0x00000000   Number         0  defsig_rtmem_inner.o ABSOLUTE
    ../clib/signal.c                         0x00000000   Number         0  defsig_abrt_inner.o ABSOLUTE
    ../clib/signal.c                         0x00000000   Number         0  defsig_rtred_inner.o ABSOLUTE
    ../clib/signal.c                         0x00000000   Number         0  defsig_general.o ABSOLUTE
    ../clib/signal.c                         0x00000000   Number         0  defsig_rtmem_outer.o ABSOLUTE
    ../clib/signal.c                         0x00000000   Number         0  defsig_fpe_inner.o ABSOLUTE
    ../clib/signal.c                         0x00000000   Number         0  defsig_stak_inner.o ABSOLUTE
    ../clib/signal.c                         0x00000000   Number         0  defsig_pvfn_inner.o ABSOLUTE
    ../clib/signal.c                         0x00000000   Number         0  defsig_cppl_inner.o ABSOLUTE
    ../clib/signal.c                         0x00000000   Number         0  defsig_segv_inner.o ABSOLUTE
    ../clib/signal.c                         0x00000000   Number         0  defsig_other.o ABSOLUTE
    ../clib/signal.c                         0x00000000   Number         0  defsig_rtmem_formal.o ABSOLUTE
    ../clib/signal.s                         0x00000000   Number         0  defsig.o ABSOLUTE
    ../clib/stdio.c                          0x00000000   Number         0  ferror.o ABSOLUTE
    ../clib/stdio.c                          0x00000000   Number         0  ferror_locked.o ABSOLUTE
    ../clib/stdlib.c                         0x00000000   Number         0  exit.o ABSOLUTE
    ../clib/string.c                         0x00000000   Number         0  strstr.o ABSOLUTE
    ../fplib/daddsub.s                       0x00000000   Number         0  daddsub_clz.o ABSOLUTE
    ../fplib/dcheck1.s                       0x00000000   Number         0  dcheck1.o ABSOLUTE
    ../fplib/dcmpi.s                         0x00000000   Number         0  dcmpi.o ABSOLUTE
    ../fplib/ddiv.s                          0x00000000   Number         0  ddiv.o ABSOLUTE
    ../fplib/deqf.s                          0x00000000   Number         0  deqf.o ABSOLUTE
    ../fplib/dflt.s                          0x00000000   Number         0  dflt_clz.o ABSOLUTE
    ../fplib/dleqf.s                         0x00000000   Number         0  dleqf.o ABSOLUTE
    ../fplib/dmul.s                          0x00000000   Number         0  dmul.o ABSOLUTE
    ../fplib/dnaninf.s                       0x00000000   Number         0  dnaninf.o ABSOLUTE
    ../fplib/dretinf.s                       0x00000000   Number         0  dretinf.o ABSOLUTE
    ../fplib/drleqf.s                        0x00000000   Number         0  drleqf.o ABSOLUTE
    ../fplib/dsqrt.s                         0x00000000   Number         0  dsqrt_noumaal.o ABSOLUTE
    ../fplib/f2d.s                           0x00000000   Number         0  f2d.o ABSOLUTE
    ../fplib/faddsub.s                       0x00000000   Number         0  faddsub_clz.o ABSOLUTE
    ../fplib/fdiv.s                          0x00000000   Number         0  fdiv.o ABSOLUTE
    ../fplib/fflt.s                          0x00000000   Number         0  fflt_clz.o ABSOLUTE
    ../fplib/fnaninf.s                       0x00000000   Number         0  fnaninf.o ABSOLUTE
    ../fplib/fpinit.s                        0x00000000   Number         0  fpinit.o ABSOLUTE
    ../fplib/fretinf.s                       0x00000000   Number         0  fretinf.o ABSOLUTE
    ../fplib/istatus.s                       0x00000000   Number         0  istatus.o ABSOLUTE
    ../fplib/printf1.s                       0x00000000   Number         0  printf1.o ABSOLUTE
    ../fplib/retnan.s                        0x00000000   Number         0  retnan.o ABSOLUTE
    ../fplib/scalbn.s                        0x00000000   Number         0  scalbn.o ABSOLUTE
    ../fplib/trapv.s                         0x00000000   Number         0  trapv.o ABSOLUTE
    ../fplib/usenofp.s                       0x00000000   Number         0  usenofp.o ABSOLUTE
    ../mathlib/atan.c                        0x00000000   Number         0  atan_x.o ABSOLUTE
    ../mathlib/atan.c                        0x00000000   Number         0  atan.o ABSOLUTE
    ../mathlib/atan2.c                       0x00000000   Number         0  atan2_x.o ABSOLUTE
    ../mathlib/atan2.c                       0x00000000   Number         0  atan2.o ABSOLUTE
    ../mathlib/dunder.c                      0x00000000   Number         0  dunder.o ABSOLUTE
    ../mathlib/fpclassify.c                  0x00000000   Number         0  fpclassify.o ABSOLUTE
    ../mathlib/poly.c                        0x00000000   Number         0  poly.o ABSOLUTE
    ../mathlib/qnan.c                        0x00000000   Number         0  qnan.o ABSOLUTE
    ../mathlib/sqrt.c                        0x00000000   Number         0  sqrt_x.o ABSOLUTE
    ../mathlib/sqrt.c                        0x00000000   Number         0  sqrt.o ABSOLUTE
    ..\USER\i2c.c                            0x00000000   Number         0  i2c.o ABSOLUTE
    ..\USER\main.c                           0x00000000   Number         0  main.o ABSOLUTE
    ..\USER\mpu6050.c                        0x00000000   Number         0  mpu6050.o ABSOLUTE
    ..\USER\stm_mpu6050.cpp                  0x00000000   Number         0  stm_mpu6050.o ABSOLUTE
    ..\USER\time.c                           0x00000000   Number         0  time.o ABSOLUTE
    ..\USER\usart_lib.c                      0x00000000   Number         0  usart_lib.o ABSOLUTE
    ..\\USER\\i2c.c                          0x00000000   Number         0  i2c.o ABSOLUTE
    ..\\USER\\main.c                         0x00000000   Number         0  main.o ABSOLUTE
    ..\\USER\\mpu6050.c                      0x00000000   Number         0  mpu6050.o ABSOLUTE
    ..\\USER\\time.c                         0x00000000   Number         0  time.o ABSOLUTE
    ..\\USER\\usart_lib.c                    0x00000000   Number         0  usart_lib.o ABSOLUTE
    D:\Keil C\Keil\STM32F1xx_DFP\2.4.0\Device\StdPeriph_Driver\src\misc.c 0x00000000   Number         0  misc.o ABSOLUTE
    D:\Keil C\Keil\STM32F1xx_DFP\2.4.0\Device\StdPeriph_Driver\src\stm32f10x_gpio.c 0x00000000   Number         0  stm32f10x_gpio.o ABSOLUTE
    D:\Keil C\Keil\STM32F1xx_DFP\2.4.0\Device\StdPeriph_Driver\src\stm32f10x_i2c.c 0x00000000   Number         0  stm32f10x_i2c.o ABSOLUTE
    D:\Keil C\Keil\STM32F1xx_DFP\2.4.0\Device\StdPeriph_Driver\src\stm32f10x_rcc.c 0x00000000   Number         0  stm32f10x_rcc.o ABSOLUTE
    D:\Keil C\Keil\STM32F1xx_DFP\2.4.0\Device\StdPeriph_Driver\src\stm32f10x_tim.c 0x00000000   Number         0  stm32f10x_tim.o ABSOLUTE
    D:\Keil C\Keil\STM32F1xx_DFP\2.4.0\Device\StdPeriph_Driver\src\stm32f10x_usart.c 0x00000000   Number         0  stm32f10x_usart.o ABSOLUTE
    D:\\Keil C\\Keil\\STM32F1xx_DFP\\2.4.0\\Device\\StdPeriph_Driver\\src\\misc.c 0x00000000   Number         0  misc.o ABSOLUTE
    D:\\Keil C\\Keil\\STM32F1xx_DFP\\2.4.0\\Device\\StdPeriph_Driver\\src\\stm32f10x_gpio.c 0x00000000   Number         0  stm32f10x_gpio.o ABSOLUTE
    D:\\Keil C\\Keil\\STM32F1xx_DFP\\2.4.0\\Device\\StdPeriph_Driver\\src\\stm32f10x_i2c.c 0x00000000   Number         0  stm32f10x_i2c.o ABSOLUTE
    D:\\Keil C\\Keil\\STM32F1xx_DFP\\2.4.0\\Device\\StdPeriph_Driver\\src\\stm32f10x_rcc.c 0x00000000   Number         0  stm32f10x_rcc.o ABSOLUTE
    D:\\Keil C\\Keil\\STM32F1xx_DFP\\2.4.0\\Device\\StdPeriph_Driver\\src\\stm32f10x_tim.c 0x00000000   Number         0  stm32f10x_tim.o ABSOLUTE
    D:\\Keil C\\Keil\\STM32F1xx_DFP\\2.4.0\\Device\\StdPeriph_Driver\\src\\stm32f10x_usart.c 0x00000000   Number         0  stm32f10x_usart.o ABSOLUTE
    RTE\Device\STM32F103C8\startup_stm32f10x_md.s 0x00000000   Number         0  startup_stm32f10x_md.o ABSOLUTE
    RTE\Device\STM32F103C8\system_stm32f10x.c 0x00000000   Number         0  system_stm32f10x.o ABSOLUTE
    RTE\\Device\\STM32F103C8\\system_stm32f10x.c 0x00000000   Number         0  system_stm32f10x.o ABSOLUTE
    dc.s                                     0x00000000   Number         0  dc.o ABSOLUTE
    RESET                                    0x08000000   Section      236  startup_stm32f10x_md.o(RESET)
    !!!main                                  0x080000ec   Section        8  __main.o(!!!main)
    !!!scatter                               0x080000f4   Section       52  __scatter.o(!!!scatter)
    !!handler_copy                           0x08000128   Section       26  __scatter_copy.o(!!handler_copy)
    !!handler_zi                             0x08000144   Section       28  __scatter_zi.o(!!handler_zi)
    .ARM.Collect$$_printf_percent$$00000000  0x08000160   Section        0  _printf_percent.o(.ARM.Collect$$_printf_percent$$00000000)
    .ARM.Collect$$_printf_percent$$00000003  0x08000160   Section        6  _printf_f.o(.ARM.Collect$$_printf_percent$$00000003)
    .ARM.Collect$$_printf_percent$$00000009  0x08000166   Section        6  _printf_d.o(.ARM.Collect$$_printf_percent$$00000009)
    .ARM.Collect$$_printf_percent$$00000017  0x0800016c   Section        4  _printf_percent_end.o(.ARM.Collect$$_printf_percent$$00000017)
    .ARM.Collect$$libinit$$00000000          0x08000170   Section        2  libinit.o(.ARM.Collect$$libinit$$00000000)
    .ARM.Collect$$libinit$$00000002          0x08000172   Section        0  libinit2.o(.ARM.Collect$$libinit$$00000002)
    .ARM.Collect$$libinit$$00000004          0x08000172   Section        0  libinit2.o(.ARM.Collect$$libinit$$00000004)
    .ARM.Collect$$libinit$$0000000A          0x08000172   Section        0  libinit2.o(.ARM.Collect$$libinit$$0000000A)
    .ARM.Collect$$libinit$$0000000C          0x08000172   Section        0  libinit2.o(.ARM.Collect$$libinit$$0000000C)
    .ARM.Collect$$libinit$$0000000E          0x08000172   Section        0  libinit2.o(.ARM.Collect$$libinit$$0000000E)
    .ARM.Collect$$libinit$$0000000F          0x08000172   Section        6  libinit2.o(.ARM.Collect$$libinit$$0000000F)
    .ARM.Collect$$libinit$$00000011          0x08000178   Section        0  libinit2.o(.ARM.Collect$$libinit$$00000011)
    .ARM.Collect$$libinit$$00000013          0x08000178   Section        0  libinit2.o(.ARM.Collect$$libinit$$00000013)
    .ARM.Collect$$libinit$$00000015          0x08000178   Section        0  libinit2.o(.ARM.Collect$$libinit$$00000015)
    .ARM.Collect$$libinit$$00000016          0x08000178   Section       10  libinit2.o(.ARM.Collect$$libinit$$00000016)
    .ARM.Collect$$libinit$$00000017          0x08000182   Section        0  libinit2.o(.ARM.Collect$$libinit$$00000017)
    .ARM.Collect$$libinit$$00000019          0x08000182   Section        0  libinit2.o(.ARM.Collect$$libinit$$00000019)
    .ARM.Collect$$libinit$$0000001B          0x08000182   Section        0  libinit2.o(.ARM.Collect$$libinit$$0000001B)
    .ARM.Collect$$libinit$$0000001D          0x08000182   Section        0  libinit2.o(.ARM.Collect$$libinit$$0000001D)
    .ARM.Collect$$libinit$$0000001F          0x08000182   Section        0  libinit2.o(.ARM.Collect$$libinit$$0000001F)
    .ARM.Collect$$libinit$$00000021          0x08000182   Section        0  libinit2.o(.ARM.Collect$$libinit$$00000021)
    .ARM.Collect$$libinit$$00000023          0x08000182   Section        0  libinit2.o(.ARM.Collect$$libinit$$00000023)
    .ARM.Collect$$libinit$$00000025          0x08000182   Section        0  libinit2.o(.ARM.Collect$$libinit$$00000025)
    .ARM.Collect$$libinit$$0000002C          0x08000182   Section        0  libinit2.o(.ARM.Collect$$libinit$$0000002C)
    .ARM.Collect$$libinit$$0000002E          0x08000182   Section        0  libinit2.o(.ARM.Collect$$libinit$$0000002E)
    .ARM.Collect$$libinit$$00000030          0x08000182   Section        0  libinit2.o(.ARM.Collect$$libinit$$00000030)
    .ARM.Collect$$libinit$$00000032          0x08000182   Section        0  libinit2.o(.ARM.Collect$$libinit$$00000032)
    .ARM.Collect$$libinit$$00000033          0x08000182   Section        2  libinit2.o(.ARM.Collect$$libinit$$00000033)
    .ARM.Collect$$libshutdown$$00000000      0x08000184   Section        2  libshutdown.o(.ARM.Collect$$libshutdown$$00000000)
    .ARM.Collect$$libshutdown$$00000002      0x08000186   Section        0  libshutdown2.o(.ARM.Collect$$libshutdown$$00000002)
    .ARM.Collect$$libshutdown$$00000004      0x08000186   Section        0  libshutdown2.o(.ARM.Collect$$libshutdown$$00000004)
    .ARM.Collect$$libshutdown$$00000007      0x08000186   Section        0  libshutdown2.o(.ARM.Collect$$libshutdown$$00000007)
    .ARM.Collect$$libshutdown$$0000000A      0x08000186   Section        0  libshutdown2.o(.ARM.Collect$$libshutdown$$0000000A)
    .ARM.Collect$$libshutdown$$0000000C      0x08000186   Section        0  libshutdown2.o(.ARM.Collect$$libshutdown$$0000000C)
    .ARM.Collect$$libshutdown$$0000000F      0x08000186   Section        0  libshutdown2.o(.ARM.Collect$$libshutdown$$0000000F)
    .ARM.Collect$$libshutdown$$00000010      0x08000186   Section        2  libshutdown2.o(.ARM.Collect$$libshutdown$$00000010)
    .ARM.Collect$$rtentry$$00000000          0x08000188   Section        0  __rtentry.o(.ARM.Collect$$rtentry$$00000000)
    .ARM.Collect$$rtentry$$00000002          0x08000188   Section        0  __rtentry2.o(.ARM.Collect$$rtentry$$00000002)
    .ARM.Collect$$rtentry$$00000004          0x08000188   Section        6  __rtentry4.o(.ARM.Collect$$rtentry$$00000004)
    .ARM.Collect$$rtentry$$00000009          0x0800018e   Section        0  __rtentry2.o(.ARM.Collect$$rtentry$$00000009)
    .ARM.Collect$$rtentry$$0000000A          0x0800018e   Section        4  __rtentry2.o(.ARM.Collect$$rtentry$$0000000A)
    .ARM.Collect$$rtentry$$0000000C          0x08000192   Section        0  __rtentry2.o(.ARM.Collect$$rtentry$$0000000C)
    .ARM.Collect$$rtentry$$0000000D          0x08000192   Section        8  __rtentry2.o(.ARM.Collect$$rtentry$$0000000D)
    .ARM.Collect$$rtexit$$00000000           0x0800019a   Section        2  rtexit.o(.ARM.Collect$$rtexit$$00000000)
    .ARM.Collect$$rtexit$$00000002           0x0800019c   Section        0  rtexit2.o(.ARM.Collect$$rtexit$$00000002)
    .ARM.Collect$$rtexit$$00000003           0x0800019c   Section        4  rtexit2.o(.ARM.Collect$$rtexit$$00000003)
    .ARM.Collect$$rtexit$$00000004           0x080001a0   Section        6  rtexit2.o(.ARM.Collect$$rtexit$$00000004)
    .text                                    0x080001a8   Section       64  startup_stm32f10x_md.o(.text)
    .text                                    0x080001e8   Section        0  noretval__2printf.o(.text)
    .text                                    0x08000200   Section        0  _printf_dec.o(.text)
    .text                                    0x08000278   Section        0  __printf_ss.o(.text)
    .text                                    0x08000330   Section        0  heapauxi.o(.text)
    .text                                    0x08000336   Section        0  _rserrno.o(.text)
    .text                                    0x0800034c   Section        0  _printf_intcommon.o(.text)
    .text                                    0x080003fe   Section        0  _printf_fp_dec.o(.text)
    _fp_digits                               0x08000401   Thumb Code   432  _printf_fp_dec.o(.text)
    .text                                    0x0800081c   Section        0  _printf_char_common.o(.text)
    _printf_input_char                       0x0800081d   Thumb Code    10  _printf_char_common.o(.text)
    .text                                    0x0800084c   Section        0  _printf_char_file.o(.text)
    .text                                    0x08000870   Section        8  rt_locale_intlibspace.o(.text)
    .text                                    0x08000878   Section        8  rt_errno_addr_intlibspace.o(.text)
    .text                                    0x08000880   Section      138  lludiv10.o(.text)
    .text                                    0x0800090c   Section        0  _printf_fp_infnan.o(.text)
    .text                                    0x0800098c   Section        0  bigflt0.o(.text)
    .text                                    0x08000a70   Section        0  ferror.o(.text)
    .text                                    0x08000a78   Section        8  libspace.o(.text)
    .text                                    0x08000a80   Section       74  sys_stackheap_outer.o(.text)
    .text                                    0x08000aca   Section        0  exit.o(.text)
    .text                                    0x08000adc   Section      128  strcmpv7m.o(.text)
    .text                                    0x08000b5c   Section        0  sys_exit.o(.text)
    .text                                    0x08000b68   Section        2  use_no_semi.o(.text)
    .text                                    0x08000b6a   Section        0  indicate_semi.o(.text)
    CL$$btod_d2e                             0x08000b6a   Section       62  btod.o(CL$$btod_d2e)
    CL$$btod_d2e_denorm_low                  0x08000ba8   Section       70  btod.o(CL$$btod_d2e_denorm_low)
    CL$$btod_d2e_norm_op1                    0x08000bee   Section       96  btod.o(CL$$btod_d2e_norm_op1)
    CL$$btod_div_common                      0x08000c4e   Section      824  btod.o(CL$$btod_div_common)
    CL$$btod_e2e                             0x08000f86   Section      220  btod.o(CL$$btod_e2e)
    CL$$btod_ediv                            0x08001062   Section       42  btod.o(CL$$btod_ediv)
    CL$$btod_emul                            0x0800108c   Section       42  btod.o(CL$$btod_emul)
    CL$$btod_mult_common                     0x080010b6   Section      580  btod.o(CL$$btod_mult_common)
    i.GPIO_Init                              0x080012fa   Section        0  stm32f10x_gpio.o(i.GPIO_Init)
    i.I2C_AcknowledgeConfig                  0x08001410   Section        0  stm32f10x_i2c.o(i.I2C_AcknowledgeConfig)
    i.I2C_BufferRead                         0x08001428   Section        0  i2c.o(i.I2C_BufferRead)
    i.I2C_ByteWrite                          0x080015dc   Section        0  i2c.o(i.I2C_ByteWrite)
    i.I2C_CheckEvent                         0x080016dc   Section        0  stm32f10x_i2c.o(i.I2C_CheckEvent)
    i.I2C_Cmd                                0x08001706   Section        0  stm32f10x_i2c.o(i.I2C_Cmd)
    i.I2C_GPIO_Config                        0x08001720   Section        0  i2c.o(i.I2C_GPIO_Config)
    I2C_GPIO_Config                          0x08001721   Thumb Code    72  i2c.o(i.I2C_GPIO_Config)
    i.I2C_GenerateSTART                      0x0800176c   Section        0  stm32f10x_i2c.o(i.I2C_GenerateSTART)
    i.I2C_GenerateSTOP                       0x08001784   Section        0  stm32f10x_i2c.o(i.I2C_GenerateSTOP)
    i.I2C_GetFlagStatus                      0x0800179c   Section        0  stm32f10x_i2c.o(i.I2C_GetFlagStatus)
    i.I2C_Init                               0x080017d8   Section        0  stm32f10x_i2c.o(i.I2C_Init)
    i.I2C_Mode_Configu                       0x080018c4   Section        0  i2c.o(i.I2C_Mode_Configu)
    I2C_Mode_Configu                         0x080018c5   Thumb Code    58  i2c.o(i.I2C_Mode_Configu)
    i.I2C_ReceiveData                        0x08001908   Section        0  stm32f10x_i2c.o(i.I2C_ReceiveData)
    i.I2C_Send7bitAddress                    0x08001910   Section        0  stm32f10x_i2c.o(i.I2C_Send7bitAddress)
    i.I2C_SendData                           0x08001922   Section        0  stm32f10x_i2c.o(i.I2C_SendData)
    i.I2C_TIMEOUT_UserCallback               0x08001928   Section        0  i2c.o(i.I2C_TIMEOUT_UserCallback)
    I2C_TIMEOUT_UserCallback                 0x08001929   Thumb Code    16  i2c.o(i.I2C_TIMEOUT_UserCallback)
    i.IDP_IIC_Init                           0x08001960   Section        0  i2c.o(i.IDP_IIC_Init)
    i.Kalman_getAngle                        0x0800196c   Section        0  mpu6050.o(i.Kalman_getAngle)
    i.MPU6050_Init                           0x08001b88   Section        0  mpu6050.o(i.MPU6050_Init)
    i.MPU6050_Read_All                       0x08001c88   Section        0  mpu6050.o(i.MPU6050_Read_All)
    i.RCC_APB1PeriphClockCmd                 0x08001f28   Section        0  stm32f10x_rcc.o(i.RCC_APB1PeriphClockCmd)
    i.RCC_APB2PeriphClockCmd                 0x08001f48   Section        0  stm32f10x_rcc.o(i.RCC_APB2PeriphClockCmd)
    i.RCC_GetClocksFreq                      0x08001f68   Section        0  stm32f10x_rcc.o(i.RCC_GetClocksFreq)
    i.SetSysClock                            0x0800203c   Section        0  system_stm32f10x.o(i.SetSysClock)
    SetSysClock                              0x0800203d   Thumb Code     8  system_stm32f10x.o(i.SetSysClock)
    i.SetSysClockTo72                        0x08002044   Section        0  system_stm32f10x.o(i.SetSysClockTo72)
    SetSysClockTo72                          0x08002045   Thumb Code   214  system_stm32f10x.o(i.SetSysClockTo72)
    i.SysTick_Handler                        0x08002124   Section        0  time.o(i.SysTick_Handler)
    i.SystemCoreClockUpdate                  0x08002134   Section        0  system_stm32f10x.o(i.SystemCoreClockUpdate)
    i.SystemInit                             0x080021d8   Section        0  system_stm32f10x.o(i.SystemInit)
    i.SystickMillis                          0x08002238   Section        0  time.o(i.SystickMillis)
    i.TimeSystickInit                        0x08002244   Section        0  time.o(i.TimeSystickInit)
    i.USART1_IRQHandler                      0x080022ac   Section        0  usart_lib.o(i.USART1_IRQHandler)
    i.USART_ClearFlag                        0x0800231c   Section        0  stm32f10x_usart.o(i.USART_ClearFlag)
    i.USART_ClearITPendingBit                0x0800232e   Section        0  stm32f10x_usart.o(i.USART_ClearITPendingBit)
    i.USART_Cmd                              0x0800234c   Section        0  stm32f10x_usart.o(i.USART_Cmd)
    i.USART_GetFlagStatus                    0x08002364   Section        0  stm32f10x_usart.o(i.USART_GetFlagStatus)
    i.USART_ITConfig                         0x0800237e   Section        0  stm32f10x_usart.o(i.USART_ITConfig)
    i.USART_Init                             0x080023c8   Section        0  stm32f10x_usart.o(i.USART_Init)
    i.USART_ReceiveData                      0x080024a0   Section        0  stm32f10x_usart.o(i.USART_ReceiveData)
    i.USART_SendData                         0x080024aa   Section        0  stm32f10x_usart.o(i.USART_SendData)
    i.UsartLib_Init                          0x080024b4   Section        0  usart_lib.o(i.UsartLib_Init)
    i.UsartLib_SendChar                      0x08002570   Section        0  usart_lib.o(i.UsartLib_SendChar)
    i.__ARM_fpclassify                       0x08002590   Section        0  fpclassify.o(i.__ARM_fpclassify)
    i.__kernel_poly                          0x080025b8   Section        0  poly.o(i.__kernel_poly)
    i.__mathlib_dbl_infnan                   0x08002662   Section        0  dunder.o(i.__mathlib_dbl_infnan)
    i.__mathlib_dbl_infnan2                  0x08002668   Section        0  dunder.o(i.__mathlib_dbl_infnan2)
    i.__mathlib_dbl_underflow                0x0800266c   Section        0  dunder.o(i.__mathlib_dbl_underflow)
    i.atan                                   0x0800267c   Section        0  atan.o(i.atan)
    i.atan2                                  0x0800289c   Section        0  atan2.o(i.atan2)
    i.delay                                  0x08002a1c   Section        0  usart_lib.o(i.delay)
    i.delayms                                0x08002a36   Section        0  mpu6050.o(i.delayms)
    i.fputc                                  0x08002a58   Section        0  usart_lib.o(i.fputc)
    i.main                                   0x08002a68   Section        0  main.o(i.main)
    i.sqrt                                   0x08002ad0   Section        0  sqrt.o(i.sqrt)
    locale$$code                             0x08002b1c   Section       44  lc_numeric_c.o(locale$$code)
    x$fpl$dadd                               0x08002b48   Section      336  daddsub_clz.o(x$fpl$dadd)
    _dadd1                                   0x08002b59   Thumb Code     0  daddsub_clz.o(x$fpl$dadd)
    x$fpl$dcheck1                            0x08002c98   Section       16  dcheck1.o(x$fpl$dcheck1)
    x$fpl$dcmpinf                            0x08002ca8   Section       24  dcmpi.o(x$fpl$dcmpinf)
    x$fpl$ddiv                               0x08002cc0   Section      688  ddiv.o(x$fpl$ddiv)
    ddiv_entry                               0x08002cc7   Thumb Code     0  ddiv.o(x$fpl$ddiv)
    x$fpl$deqf                               0x08002f70   Section      120  deqf.o(x$fpl$deqf)
    x$fpl$dflt                               0x08002fe8   Section       46  dflt_clz.o(x$fpl$dflt)
    x$fpl$dleqf                              0x08003018   Section      120  dleqf.o(x$fpl$dleqf)
    x$fpl$dmul                               0x08003090   Section      340  dmul.o(x$fpl$dmul)
    x$fpl$dnaninf                            0x080031e4   Section      156  dnaninf.o(x$fpl$dnaninf)
    x$fpl$dretinf                            0x08003280   Section       12  dretinf.o(x$fpl$dretinf)
    x$fpl$drleqf                             0x0800328c   Section      108  drleqf.o(x$fpl$drleqf)
    x$fpl$drsb                               0x080032f8   Section       22  daddsub_clz.o(x$fpl$drsb)
    x$fpl$dsqrt                              0x08003310   Section      460  dsqrt_noumaal.o(x$fpl$dsqrt)
    x$fpl$dsub                               0x080034dc   Section      468  daddsub_clz.o(x$fpl$dsub)
    _dsub1                                   0x080034ed   Thumb Code     0  daddsub_clz.o(x$fpl$dsub)
    x$fpl$f2d                                0x080036b0   Section       86  f2d.o(x$fpl$f2d)
    x$fpl$fadd                               0x08003708   Section      196  faddsub_clz.o(x$fpl$fadd)
    _fadd1                                   0x08003717   Thumb Code     0  faddsub_clz.o(x$fpl$fadd)
    x$fpl$fdiv                               0x080037cc   Section      388  fdiv.o(x$fpl$fdiv)
    _fdiv1                                   0x080037cd   Thumb Code     0  fdiv.o(x$fpl$fdiv)
    x$fpl$fflt                               0x08003950   Section       48  fflt_clz.o(x$fpl$fflt)
    x$fpl$fnaninf                            0x08003980   Section      140  fnaninf.o(x$fpl$fnaninf)
    x$fpl$fretinf                            0x08003a0c   Section       10  fretinf.o(x$fpl$fretinf)
    x$fpl$fsub                               0x08003a18   Section      234  faddsub_clz.o(x$fpl$fsub)
    _fsub1                                   0x08003a27   Thumb Code     0  faddsub_clz.o(x$fpl$fsub)
    x$fpl$printf1                            0x08003b02   Section        4  printf1.o(x$fpl$printf1)
    x$fpl$retnan                             0x08003b06   Section      100  retnan.o(x$fpl$retnan)
    x$fpl$scalbn                             0x08003b6a   Section       92  scalbn.o(x$fpl$scalbn)
    x$fpl$trapveneer                         0x08003bc6   Section       48  trapv.o(x$fpl$trapveneer)
    x$fpl$usenofp                            0x08003bf6   Section        0  usenofp.o(x$fpl$usenofp)
    .constdata                               0x08003bf8   Section      152  atan.o(.constdata)
    atanhi                                   0x08003bf8   Data          32  atan.o(.constdata)
    atanlo                                   0x08003c18   Data          32  atan.o(.constdata)
    aTodd                                    0x08003c38   Data          40  atan.o(.constdata)
    aTeven                                   0x08003c60   Data          48  atan.o(.constdata)
    .constdata                               0x08003c90   Section        8  qnan.o(.constdata)
    .constdata                               0x08003c98   Section      148  bigflt0.o(.constdata)
    tenpwrs_x                                0x08003c98   Data          60  bigflt0.o(.constdata)
    tenpwrs_i                                0x08003cd4   Data          64  bigflt0.o(.constdata)
    locale$$data                             0x08003d4c   Section       28  lc_numeric_c.o(locale$$data)
    __lcnum_c_name                           0x08003d50   Data           2  lc_numeric_c.o(locale$$data)
    __lcnum_c_start                          0x08003d58   Data           0  lc_numeric_c.o(locale$$data)
    __lcnum_c_point                          0x08003d64   Data           0  lc_numeric_c.o(locale$$data)
    __lcnum_c_thousands                      0x08003d66   Data           0  lc_numeric_c.o(locale$$data)
    __lcnum_c_grouping                       0x08003d67   Data           0  lc_numeric_c.o(locale$$data)
    __lcnum_c_end                            0x08003d68   Data           0  lc_numeric_c.o(locale$$data)
    .data                                    0x20000000   Section        8  i2c.o(.data)
    I2CTimeout                               0x20000004   Data           4  i2c.o(.data)
    .data                                    0x20000008   Section      152  mpu6050.o(.data)
    .data                                    0x200000a0   Section       16  usart_lib.o(.data)
    .data                                    0x200000b0   Section        4  time.o(.data)
    .data                                    0x200000b4   Section       20  stm32f10x_rcc.o(.data)
    APBAHBPrescTable                         0x200000b4   Data          16  stm32f10x_rcc.o(.data)
    ADCPrescTable                            0x200000c4   Data           4  stm32f10x_rcc.o(.data)
    .data                                    0x200000c8   Section       20  system_stm32f10x.o(.data)
    .bss                                     0x200000e0   Section       88  main.o(.bss)
    .bss                                     0x20000138   Section      100  usart_lib.o(.bss)
    .bss                                     0x2000019c   Section       96  libspace.o(.bss)
    HEAP                                     0x20000200   Section      512  startup_stm32f10x_md.o(HEAP)
    Heap_Mem                                 0x20000200   Data         512  startup_stm32f10x_md.o(HEAP)
    STACK                                    0x20000400   Section     1024  startup_stm32f10x_md.o(STACK)
    Stack_Mem                                0x20000400   Data        1024  startup_stm32f10x_md.o(STACK)
    __initial_sp                             0x20000800   Data           0  startup_stm32f10x_md.o(STACK)

    Global Symbols

    Symbol Name                              Value     Ov Type        Size  Object(Section)

    BuildAttributes$$THM_ISAv4$P$D$K$B$S$PE$A:L22UL41UL21$X:L11$S22US41US21$IEEE1$IW$USESV6$~STKCKD$USESV7$~SHL$OTIME$ROPI$IEEEX$EBA8$UX$STANDARDLIB$REQ8$PRES8$EABIv2 0x00000000   Number         0  anon$$obj.o ABSOLUTE
    __ARM_use_no_argv                        0x00000000   Number         0  main.o ABSOLUTE
    _printf_flags                            0x00000000   Number         0  printf_stubs.o ABSOLUTE
    _printf_return_value                     0x00000000   Number         0  printf_stubs.o ABSOLUTE
    _printf_sizespec                         0x00000000   Number         0  printf_stubs.o ABSOLUTE
    _printf_widthprec                        0x00000000   Number         0  printf_stubs.o ABSOLUTE
    __ARM_exceptions_init                     - Undefined Weak Reference
    __alloca_initialize                       - Undefined Weak Reference
    __arm_preinit_                            - Undefined Weak Reference
    __cpp_initialize__aeabi_                  - Undefined Weak Reference
    __cxa_finalize                            - Undefined Weak Reference
    __sigvec_lookup                           - Undefined Weak Reference
    _atexit_init                              - Undefined Weak Reference
    _call_atexit_fns                          - Undefined Weak Reference
    _clock_init                               - Undefined Weak Reference
    _fp_trap_init                             - Undefined Weak Reference
    _fp_trap_shutdown                         - Undefined Weak Reference
    _get_lc_collate                           - Undefined Weak Reference
    _get_lc_ctype                             - Undefined Weak Reference
    _get_lc_monetary                          - Undefined Weak Reference
    _get_lc_time                              - Undefined Weak Reference
    _getenv_init                              - Undefined Weak Reference
    _handle_redirection                       - Undefined Weak Reference
    _init_alloc                               - Undefined Weak Reference
    _init_user_alloc                          - Undefined Weak Reference
    _initio                                   - Undefined Weak Reference
    _mutex_acquire                            - Undefined Weak Reference
    _mutex_release                            - Undefined Weak Reference
    _printf_post_padding                      - Undefined Weak Reference
    _printf_pre_padding                       - Undefined Weak Reference
    _printf_truncate_signed                   - Undefined Weak Reference
    _printf_truncate_unsigned                 - Undefined Weak Reference
    _rand_init                                - Undefined Weak Reference
    _signal_finish                            - Undefined Weak Reference
    _signal_init                              - Undefined Weak Reference
    _terminate_alloc                          - Undefined Weak Reference
    _terminate_user_alloc                     - Undefined Weak Reference
    _terminateio                              - Undefined Weak Reference
    __Vectors_Size                           0x000000ec   Number         0  startup_stm32f10x_md.o ABSOLUTE
    __Vectors                                0x08000000   Data           4  startup_stm32f10x_md.o(RESET)
    __Vectors_End                            0x080000ec   Data           0  startup_stm32f10x_md.o(RESET)
    __main                                   0x080000ed   Thumb Code     8  __main.o(!!!main)
    __scatterload                            0x080000f5   Thumb Code     0  __scatter.o(!!!scatter)
    __scatterload_rt2                        0x080000f5   Thumb Code    44  __scatter.o(!!!scatter)
    __scatterload_rt2_thumb_only             0x080000f5   Thumb Code     0  __scatter.o(!!!scatter)
    __scatterload_null                       0x08000103   Thumb Code     0  __scatter.o(!!!scatter)
    __scatterload_copy                       0x08000129   Thumb Code    26  __scatter_copy.o(!!handler_copy)
    __scatterload_zeroinit                   0x08000145   Thumb Code    28  __scatter_zi.o(!!handler_zi)
    _printf_f                                0x08000161   Thumb Code     0  _printf_f.o(.ARM.Collect$$_printf_percent$$00000003)
    _printf_percent                          0x08000161   Thumb Code     0  _printf_percent.o(.ARM.Collect$$_printf_percent$$00000000)
    _printf_d                                0x08000167   Thumb Code     0  _printf_d.o(.ARM.Collect$$_printf_percent$$00000009)
    _printf_percent_end                      0x0800016d   Thumb Code     0  _printf_percent_end.o(.ARM.Collect$$_printf_percent$$00000017)
    __rt_lib_init                            0x08000171   Thumb Code     0  libinit.o(.ARM.Collect$$libinit$$00000000)
    __rt_lib_init_fp_1                       0x08000173   Thumb Code     0  libinit2.o(.ARM.Collect$$libinit$$00000002)
    __rt_lib_init_heap_1                     0x08000173   Thumb Code     0  libinit2.o(.ARM.Collect$$libinit$$0000000A)
    __rt_lib_init_lc_common                  0x08000173   Thumb Code     0  libinit2.o(.ARM.Collect$$libinit$$0000000F)
    __rt_lib_init_preinit_1                  0x08000173   Thumb Code     0  libinit2.o(.ARM.Collect$$libinit$$00000004)
    __rt_lib_init_rand_1                     0x08000173   Thumb Code     0  libinit2.o(.ARM.Collect$$libinit$$0000000E)
    __rt_lib_init_user_alloc_1               0x08000173   Thumb Code     0  libinit2.o(.ARM.Collect$$libinit$$0000000C)
    __rt_lib_init_lc_collate_1               0x08000179   Thumb Code     0  libinit2.o(.ARM.Collect$$libinit$$00000011)
    __rt_lib_init_lc_ctype_1                 0x08000179   Thumb Code     0  libinit2.o(.ARM.Collect$$libinit$$00000013)
    __rt_lib_init_lc_monetary_1              0x08000179   Thumb Code     0  libinit2.o(.ARM.Collect$$libinit$$00000015)
    __rt_lib_init_lc_numeric_2               0x08000179   Thumb Code     0  libinit2.o(.ARM.Collect$$libinit$$00000016)
    __rt_lib_init_alloca_1                   0x08000183   Thumb Code     0  libinit2.o(.ARM.Collect$$libinit$$0000002E)
    __rt_lib_init_argv_1                     0x08000183   Thumb Code     0  libinit2.o(.ARM.Collect$$libinit$$0000002C)
    __rt_lib_init_atexit_1                   0x08000183   Thumb Code     0  libinit2.o(.ARM.Collect$$libinit$$0000001B)
    __rt_lib_init_clock_1                    0x08000183   Thumb Code     0  libinit2.o(.ARM.Collect$$libinit$$00000021)
    __rt_lib_init_cpp_1                      0x08000183   Thumb Code     0  libinit2.o(.ARM.Collect$$libinit$$00000032)
    __rt_lib_init_exceptions_1               0x08000183   Thumb Code     0  libinit2.o(.ARM.Collect$$libinit$$00000030)
    __rt_lib_init_fp_trap_1                  0x08000183   Thumb Code     0  libinit2.o(.ARM.Collect$$libinit$$0000001F)
    __rt_lib_init_getenv_1                   0x08000183   Thumb Code     0  libinit2.o(.ARM.Collect$$libinit$$00000023)
    __rt_lib_init_lc_numeric_1               0x08000183   Thumb Code     0  libinit2.o(.ARM.Collect$$libinit$$00000017)
    __rt_lib_init_lc_time_1                  0x08000183   Thumb Code     0  libinit2.o(.ARM.Collect$$libinit$$00000019)
    __rt_lib_init_return                     0x08000183   Thumb Code     0  libinit2.o(.ARM.Collect$$libinit$$00000033)
    __rt_lib_init_signal_1                   0x08000183   Thumb Code     0  libinit2.o(.ARM.Collect$$libinit$$0000001D)
    __rt_lib_init_stdio_1                    0x08000183   Thumb Code     0  libinit2.o(.ARM.Collect$$libinit$$00000025)
    __rt_lib_shutdown                        0x08000185   Thumb Code     0  libshutdown.o(.ARM.Collect$$libshutdown$$00000000)
    __rt_lib_shutdown_cpp_1                  0x08000187   Thumb Code     0  libshutdown2.o(.ARM.Collect$$libshutdown$$00000002)
    __rt_lib_shutdown_fp_trap_1              0x08000187   Thumb Code     0  libshutdown2.o(.ARM.Collect$$libshutdown$$00000007)
    __rt_lib_shutdown_heap_1                 0x08000187   Thumb Code     0  libshutdown2.o(.ARM.Collect$$libshutdown$$0000000F)
    __rt_lib_shutdown_return                 0x08000187   Thumb Code     0  libshutdown2.o(.ARM.Collect$$libshutdown$$00000010)
    __rt_lib_shutdown_signal_1               0x08000187   Thumb Code     0  libshutdown2.o(.ARM.Collect$$libshutdown$$0000000A)
    __rt_lib_shutdown_stdio_1                0x08000187   Thumb Code     0  libshutdown2.o(.ARM.Collect$$libshutdown$$00000004)
    __rt_lib_shutdown_user_alloc_1           0x08000187   Thumb Code     0  libshutdown2.o(.ARM.Collect$$libshutdown$$0000000C)
    __rt_entry                               0x08000189   Thumb Code     0  __rtentry.o(.ARM.Collect$$rtentry$$00000000)
    __rt_entry_presh_1                       0x08000189   Thumb Code     0  __rtentry2.o(.ARM.Collect$$rtentry$$00000002)
    __rt_entry_sh                            0x08000189   Thumb Code     0  __rtentry4.o(.ARM.Collect$$rtentry$$00000004)
    __rt_entry_li                            0x0800018f   Thumb Code     0  __rtentry2.o(.ARM.Collect$$rtentry$$0000000A)
    __rt_entry_postsh_1                      0x0800018f   Thumb Code     0  __rtentry2.o(.ARM.Collect$$rtentry$$00000009)
    __rt_entry_main                          0x08000193   Thumb Code     0  __rtentry2.o(.ARM.Collect$$rtentry$$0000000D)
    __rt_entry_postli_1                      0x08000193   Thumb Code     0  __rtentry2.o(.ARM.Collect$$rtentry$$0000000C)
    __rt_exit                                0x0800019b   Thumb Code     0  rtexit.o(.ARM.Collect$$rtexit$$00000000)
    __rt_exit_ls                             0x0800019d   Thumb Code     0  rtexit2.o(.ARM.Collect$$rtexit$$00000003)
    __rt_exit_prels_1                        0x0800019d   Thumb Code     0  rtexit2.o(.ARM.Collect$$rtexit$$00000002)
    __rt_exit_exit                           0x080001a1   Thumb Code     0  rtexit2.o(.ARM.Collect$$rtexit$$00000004)
    Reset_Handler                            0x080001a9   Thumb Code     8  startup_stm32f10x_md.o(.text)
    NMI_Handler                              0x080001b1   Thumb Code     2  startup_stm32f10x_md.o(.text)
    HardFault_Handler                        0x080001b3   Thumb Code     2  startup_stm32f10x_md.o(.text)
    MemManage_Handler                        0x080001b5   Thumb Code     2  startup_stm32f10x_md.o(.text)
    BusFault_Handler                         0x080001b7   Thumb Code     2  startup_stm32f10x_md.o(.text)
    UsageFault_Handler                       0x080001b9   Thumb Code     2  startup_stm32f10x_md.o(.text)
    SVC_Handler                              0x080001bb   Thumb Code     2  startup_stm32f10x_md.o(.text)
    DebugMon_Handler                         0x080001bd   Thumb Code     2  startup_stm32f10x_md.o(.text)
    PendSV_Handler                           0x080001bf   Thumb Code     2  startup_stm32f10x_md.o(.text)
    ADC1_2_IRQHandler                        0x080001c3   Thumb Code     0  startup_stm32f10x_md.o(.text)
    CAN1_RX1_IRQHandler                      0x080001c3   Thumb Code     0  startup_stm32f10x_md.o(.text)
    CAN1_SCE_IRQHandler                      0x080001c3   Thumb Code     0  startup_stm32f10x_md.o(.text)
    DMA1_Channel1_IRQHandler                 0x080001c3   Thumb Code     0  startup_stm32f10x_md.o(.text)
    DMA1_Channel2_IRQHandler                 0x080001c3   Thumb Code     0  startup_stm32f10x_md.o(.text)
    DMA1_Channel3_IRQHandler                 0x080001c3   Thumb Code     0  startup_stm32f10x_md.o(.text)
    DMA1_Channel4_IRQHandler                 0x080001c3   Thumb Code     0  startup_stm32f10x_md.o(.text)
    DMA1_Channel5_IRQHandler                 0x080001c3   Thumb Code     0  startup_stm32f10x_md.o(.text)
    DMA1_Channel6_IRQHandler                 0x080001c3   Thumb Code     0  startup_stm32f10x_md.o(.text)
    DMA1_Channel7_IRQHandler                 0x080001c3   Thumb Code     0  startup_stm32f10x_md.o(.text)
    EXTI0_IRQHandler                         0x080001c3   Thumb Code     0  startup_stm32f10x_md.o(.text)
    EXTI15_10_IRQHandler                     0x080001c3   Thumb Code     0  startup_stm32f10x_md.o(.text)
    EXTI1_IRQHandler                         0x080001c3   Thumb Code     0  startup_stm32f10x_md.o(.text)
    EXTI2_IRQHandler                         0x080001c3   Thumb Code     0  startup_stm32f10x_md.o(.text)
    EXTI3_IRQHandler                         0x080001c3   Thumb Code     0  startup_stm32f10x_md.o(.text)
    EXTI4_IRQHandler                         0x080001c3   Thumb Code     0  startup_stm32f10x_md.o(.text)
    EXTI9_5_IRQHandler                       0x080001c3   Thumb Code     0  startup_stm32f10x_md.o(.text)
    FLASH_IRQHandler                         0x080001c3   Thumb Code     0  startup_stm32f10x_md.o(.text)
    I2C1_ER_IRQHandler                       0x080001c3   Thumb Code     0  startup_stm32f10x_md.o(.text)
    I2C1_EV_IRQHandler                       0x080001c3   Thumb Code     0  startup_stm32f10x_md.o(.text)
    I2C2_ER_IRQHandler                       0x080001c3   Thumb Code     0  startup_stm32f10x_md.o(.text)
    I2C2_EV_IRQHandler                       0x080001c3   Thumb Code     0  startup_stm32f10x_md.o(.text)
    PVD_IRQHandler                           0x080001c3   Thumb Code     0  startup_stm32f10x_md.o(.text)
    RCC_IRQHandler                           0x080001c3   Thumb Code     0  startup_stm32f10x_md.o(.text)
    RTCAlarm_IRQHandler                      0x080001c3   Thumb Code     0  startup_stm32f10x_md.o(.text)
    RTC_IRQHandler                           0x080001c3   Thumb Code     0  startup_stm32f10x_md.o(.text)
    SPI1_IRQHandler                          0x080001c3   Thumb Code     0  startup_stm32f10x_md.o(.text)
    SPI2_IRQHandler                          0x080001c3   Thumb Code     0  startup_stm32f10x_md.o(.text)
    TAMPER_IRQHandler                        0x080001c3   Thumb Code     0  startup_stm32f10x_md.o(.text)
    TIM1_BRK_IRQHandler                      0x080001c3   Thumb Code     0  startup_stm32f10x_md.o(.text)
    TIM1_CC_IRQHandler                       0x080001c3   Thumb Code     0  startup_stm32f10x_md.o(.text)
    TIM1_TRG_COM_IRQHandler                  0x080001c3   Thumb Code     0  startup_stm32f10x_md.o(.text)
    TIM1_UP_IRQHandler                       0x080001c3   Thumb Code     0  startup_stm32f10x_md.o(.text)
    TIM2_IRQHandler                          0x080001c3   Thumb Code     0  startup_stm32f10x_md.o(.text)
    TIM3_IRQHandler                          0x080001c3   Thumb Code     0  startup_stm32f10x_md.o(.text)
    TIM4_IRQHandler                          0x080001c3   Thumb Code     0  startup_stm32f10x_md.o(.text)
    USART2_IRQHandler                        0x080001c3   Thumb Code     0  startup_stm32f10x_md.o(.text)
    USART3_IRQHandler                        0x080001c3   Thumb Code     0  startup_stm32f10x_md.o(.text)
    USBWakeUp_IRQHandler                     0x080001c3   Thumb Code     0  startup_stm32f10x_md.o(.text)
    USB_HP_CAN1_TX_IRQHandler                0x080001c3   Thumb Code     0  startup_stm32f10x_md.o(.text)
    USB_LP_CAN1_RX0_IRQHandler               0x080001c3   Thumb Code     0  startup_stm32f10x_md.o(.text)
    WWDG_IRQHandler                          0x080001c3   Thumb Code     0  startup_stm32f10x_md.o(.text)
    __user_initial_stackheap                 0x080001c5   Thumb Code     0  startup_stm32f10x_md.o(.text)
    __2printf                                0x080001e9   Thumb Code    20  noretval__2printf.o(.text)
    _printf_int_dec                          0x08000201   Thumb Code   104  _printf_dec.o(.text)
    __printf                                 0x08000279   Thumb Code   184  __printf_ss.o(.text)
    __use_two_region_memory                  0x08000331   Thumb Code     2  heapauxi.o(.text)
    __rt_heap_escrow$2region                 0x08000333   Thumb Code     2  heapauxi.o(.text)
    __rt_heap_expand$2region                 0x08000335   Thumb Code     2  heapauxi.o(.text)
    __read_errno                             0x08000337   Thumb Code    10  _rserrno.o(.text)
    __set_errno                              0x08000341   Thumb Code    12  _rserrno.o(.text)
    _printf_int_common                       0x0800034d   Thumb Code   178  _printf_intcommon.o(.text)
    __lib_sel_fp_printf                      0x080003ff   Thumb Code     2  _printf_fp_dec.o(.text)
    _printf_fp_dec_real                      0x080005b1   Thumb Code   620  _printf_fp_dec.o(.text)
    _printf_char_common                      0x08000827   Thumb Code    32  _printf_char_common.o(.text)
    _printf_char_file                        0x0800084d   Thumb Code    32  _printf_char_file.o(.text)
    __rt_locale                              0x08000871   Thumb Code     8  rt_locale_intlibspace.o(.text)
    __aeabi_errno_addr                       0x08000879   Thumb Code     8  rt_errno_addr_intlibspace.o(.text)
    __errno$intlibspace                      0x08000879   Thumb Code     0  rt_errno_addr_intlibspace.o(.text)
    __rt_errno_addr$intlibspace              0x08000879   Thumb Code     0  rt_errno_addr_intlibspace.o(.text)
    _ll_udiv10                               0x08000881   Thumb Code   138  lludiv10.o(.text)
    _printf_fp_infnan                        0x0800090d   Thumb Code   112  _printf_fp_infnan.o(.text)
    _btod_etento                             0x0800098d   Thumb Code   224  bigflt0.o(.text)
    ferror                                   0x08000a71   Thumb Code     8  ferror.o(.text)
    __user_libspace                          0x08000a79   Thumb Code     8  libspace.o(.text)
    __user_perproc_libspace                  0x08000a79   Thumb Code     0  libspace.o(.text)
    __user_perthread_libspace                0x08000a79   Thumb Code     0  libspace.o(.text)
    __user_setup_stackheap                   0x08000a81   Thumb Code    74  sys_stackheap_outer.o(.text)
    exit                                     0x08000acb   Thumb Code    18  exit.o(.text)
    strcmp                                   0x08000add   Thumb Code   128  strcmpv7m.o(.text)
    _sys_exit                                0x08000b5d   Thumb Code     8  sys_exit.o(.text)
    __I$use$semihosting                      0x08000b69   Thumb Code     0  use_no_semi.o(.text)
    __use_no_semihosting_swi                 0x08000b69   Thumb Code     2  use_no_semi.o(.text)
    __semihosting_library_function           0x08000b6b   Thumb Code     0  indicate_semi.o(.text)
    _btod_d2e                                0x08000b6b   Thumb Code    62  btod.o(CL$$btod_d2e)
    _d2e_denorm_low                          0x08000ba9   Thumb Code    70  btod.o(CL$$btod_d2e_denorm_low)
    _d2e_norm_op1                            0x08000bef   Thumb Code    96  btod.o(CL$$btod_d2e_norm_op1)
    __btod_div_common                        0x08000c4f   Thumb Code   696  btod.o(CL$$btod_div_common)
    _e2e                                     0x08000f87   Thumb Code   220  btod.o(CL$$btod_e2e)
    _btod_ediv                               0x08001063   Thumb Code    42  btod.o(CL$$btod_ediv)
    _btod_emul                               0x0800108d   Thumb Code    42  btod.o(CL$$btod_emul)
    __btod_mult_common                       0x080010b7   Thumb Code   580  btod.o(CL$$btod_mult_common)
    GPIO_Init                                0x080012fb   Thumb Code   278  stm32f10x_gpio.o(i.GPIO_Init)
    I2C_AcknowledgeConfig                    0x08001411   Thumb Code    24  stm32f10x_i2c.o(i.I2C_AcknowledgeConfig)
    I2C_BufferRead                           0x08001429   Thumb Code   420  i2c.o(i.I2C_BufferRead)
    I2C_ByteWrite                            0x080015dd   Thumb Code   236  i2c.o(i.I2C_ByteWrite)
    I2C_CheckEvent                           0x080016dd   Thumb Code    42  stm32f10x_i2c.o(i.I2C_CheckEvent)
    I2C_Cmd                                  0x08001707   Thumb Code    24  stm32f10x_i2c.o(i.I2C_Cmd)
    I2C_GenerateSTART                        0x0800176d   Thumb Code    24  stm32f10x_i2c.o(i.I2C_GenerateSTART)
    I2C_GenerateSTOP                         0x08001785   Thumb Code    24  stm32f10x_i2c.o(i.I2C_GenerateSTOP)
    I2C_GetFlagStatus                        0x0800179d   Thumb Code    58  stm32f10x_i2c.o(i.I2C_GetFlagStatus)
    I2C_Init                                 0x080017d9   Thumb Code   222  stm32f10x_i2c.o(i.I2C_Init)
    I2C_ReceiveData                          0x08001909   Thumb Code     8  stm32f10x_i2c.o(i.I2C_ReceiveData)
    I2C_Send7bitAddress                      0x08001911   Thumb Code    18  stm32f10x_i2c.o(i.I2C_Send7bitAddress)
    I2C_SendData                             0x08001923   Thumb Code     4  stm32f10x_i2c.o(i.I2C_SendData)
    IDP_IIC_Init                             0x08001961   Thumb Code    12  i2c.o(i.IDP_IIC_Init)
    Kalman_getAngle                          0x0800196d   Thumb Code   540  mpu6050.o(i.Kalman_getAngle)
    MPU6050_Init                             0x08001b89   Thumb Code   248  mpu6050.o(i.MPU6050_Init)
    MPU6050_Read_All                         0x08001c89   Thumb Code   628  mpu6050.o(i.MPU6050_Read_All)
    RCC_APB1PeriphClockCmd                   0x08001f29   Thumb Code    26  stm32f10x_rcc.o(i.RCC_APB1PeriphClockCmd)
    RCC_APB2PeriphClockCmd                   0x08001f49   Thumb Code    26  stm32f10x_rcc.o(i.RCC_APB2PeriphClockCmd)
    RCC_GetClocksFreq                        0x08001f69   Thumb Code   192  stm32f10x_rcc.o(i.RCC_GetClocksFreq)
    SysTick_Handler                          0x08002125   Thumb Code    12  time.o(i.SysTick_Handler)
    SystemCoreClockUpdate                    0x08002135   Thumb Code   142  system_stm32f10x.o(i.SystemCoreClockUpdate)
    SystemInit                               0x080021d9   Thumb Code    78  system_stm32f10x.o(i.SystemInit)
    SystickMillis                            0x08002239   Thumb Code     6  time.o(i.SystickMillis)
    TimeSystickInit                          0x08002245   Thumb Code    90  time.o(i.TimeSystickInit)
    USART1_IRQHandler                        0x080022ad   Thumb Code    92  usart_lib.o(i.USART1_IRQHandler)
    USART_ClearFlag                          0x0800231d   Thumb Code    18  stm32f10x_usart.o(i.USART_ClearFlag)
    USART_ClearITPendingBit                  0x0800232f   Thumb Code    30  stm32f10x_usart.o(i.USART_ClearITPendingBit)
    USART_Cmd                                0x0800234d   Thumb Code    24  stm32f10x_usart.o(i.USART_Cmd)
    USART_GetFlagStatus                      0x08002365   Thumb Code    26  stm32f10x_usart.o(i.USART_GetFlagStatus)
    USART_ITConfig                           0x0800237f   Thumb Code    74  stm32f10x_usart.o(i.USART_ITConfig)
    USART_Init                               0x080023c9   Thumb Code   210  stm32f10x_usart.o(i.USART_Init)
    USART_ReceiveData                        0x080024a1   Thumb Code    10  stm32f10x_usart.o(i.USART_ReceiveData)
    USART_SendData                           0x080024ab   Thumb Code     8  stm32f10x_usart.o(i.USART_SendData)
    UsartLib_Init                            0x080024b5   Thumb Code   180  usart_lib.o(i.UsartLib_Init)
    UsartLib_SendChar                        0x08002571   Thumb Code    28  usart_lib.o(i.UsartLib_SendChar)
    __ARM_fpclassify                         0x08002591   Thumb Code    40  fpclassify.o(i.__ARM_fpclassify)
    __kernel_poly                            0x080025b9   Thumb Code   170  poly.o(i.__kernel_poly)
    __mathlib_dbl_infnan                     0x08002663   Thumb Code     6  dunder.o(i.__mathlib_dbl_infnan)
    __mathlib_dbl_infnan2                    0x08002669   Thumb Code     4  dunder.o(i.__mathlib_dbl_infnan2)
    __mathlib_dbl_underflow                  0x0800266d   Thumb Code    10  dunder.o(i.__mathlib_dbl_underflow)
    atan                                     0x0800267d   Thumb Code   474  atan.o(i.atan)
    atan2                                    0x0800289d   Thumb Code   346  atan2.o(i.atan2)
    delay                                    0x08002a1d   Thumb Code    26  usart_lib.o(i.delay)
    delayms                                  0x08002a37   Thumb Code    34  mpu6050.o(i.delayms)
    fputc                                    0x08002a59   Thumb Code    16  usart_lib.o(i.fputc)
    main                                     0x08002a69   Thumb Code    72  main.o(i.main)
    sqrt                                     0x08002ad1   Thumb Code    76  sqrt.o(i.sqrt)
    _get_lc_numeric                          0x08002b1d   Thumb Code    44  lc_numeric_c.o(locale$$code)
    __aeabi_dadd                             0x08002b49   Thumb Code     0  daddsub_clz.o(x$fpl$dadd)
    _dadd                                    0x08002b49   Thumb Code   332  daddsub_clz.o(x$fpl$dadd)
    __fpl_dcheck_NaN1                        0x08002c99   Thumb Code    10  dcheck1.o(x$fpl$dcheck1)
    __fpl_dcmp_Inf                           0x08002ca9   Thumb Code    24  dcmpi.o(x$fpl$dcmpinf)
    __aeabi_ddiv                             0x08002cc1   Thumb Code     0  ddiv.o(x$fpl$ddiv)
    _ddiv                                    0x08002cc1   Thumb Code   552  ddiv.o(x$fpl$ddiv)
    __aeabi_cdcmpeq                          0x08002f71   Thumb Code     0  deqf.o(x$fpl$deqf)
    _dcmpeq                                  0x08002f71   Thumb Code   120  deqf.o(x$fpl$deqf)
    __aeabi_i2d                              0x08002fe9   Thumb Code     0  dflt_clz.o(x$fpl$dflt)
    _dflt                                    0x08002fe9   Thumb Code    46  dflt_clz.o(x$fpl$dflt)
    __aeabi_cdcmple                          0x08003019   Thumb Code     0  dleqf.o(x$fpl$dleqf)
    _dcmple                                  0x08003019   Thumb Code   120  dleqf.o(x$fpl$dleqf)
    __fpl_dcmple_InfNaN                      0x0800307b   Thumb Code     0  dleqf.o(x$fpl$dleqf)
    __aeabi_dmul                             0x08003091   Thumb Code     0  dmul.o(x$fpl$dmul)
    _dmul                                    0x08003091   Thumb Code   332  dmul.o(x$fpl$dmul)
    __fpl_dnaninf                            0x080031e5   Thumb Code   156  dnaninf.o(x$fpl$dnaninf)
    __fpl_dretinf                            0x08003281   Thumb Code    12  dretinf.o(x$fpl$dretinf)
    __aeabi_cdrcmple                         0x0800328d   Thumb Code     0  drleqf.o(x$fpl$drleqf)
    _drcmple                                 0x0800328d   Thumb Code   108  drleqf.o(x$fpl$drleqf)
    __aeabi_drsub                            0x080032f9   Thumb Code     0  daddsub_clz.o(x$fpl$drsb)
    _drsb                                    0x080032f9   Thumb Code    22  daddsub_clz.o(x$fpl$drsb)
    _dsqrt                                   0x08003311   Thumb Code   456  dsqrt_noumaal.o(x$fpl$dsqrt)
    __aeabi_dsub                             0x080034dd   Thumb Code     0  daddsub_clz.o(x$fpl$dsub)
    _dsub                                    0x080034dd   Thumb Code   464  daddsub_clz.o(x$fpl$dsub)
    __aeabi_f2d                              0x080036b1   Thumb Code     0  f2d.o(x$fpl$f2d)
    _f2d                                     0x080036b1   Thumb Code    86  f2d.o(x$fpl$f2d)
    __aeabi_fadd                             0x08003709   Thumb Code     0  faddsub_clz.o(x$fpl$fadd)
    _fadd                                    0x08003709   Thumb Code   196  faddsub_clz.o(x$fpl$fadd)
    __aeabi_fdiv                             0x080037cd   Thumb Code     0  fdiv.o(x$fpl$fdiv)
    _fdiv                                    0x080037cd   Thumb Code   384  fdiv.o(x$fpl$fdiv)
    __aeabi_i2f                              0x08003951   Thumb Code     0  fflt_clz.o(x$fpl$fflt)
    _fflt                                    0x08003951   Thumb Code    48  fflt_clz.o(x$fpl$fflt)
    __fpl_fnaninf                            0x08003981   Thumb Code   140  fnaninf.o(x$fpl$fnaninf)
    __fpl_fretinf                            0x08003a0d   Thumb Code    10  fretinf.o(x$fpl$fretinf)
    __aeabi_fsub                             0x08003a19   Thumb Code     0  faddsub_clz.o(x$fpl$fsub)
    _fsub                                    0x08003a19   Thumb Code   234  faddsub_clz.o(x$fpl$fsub)
    _printf_fp_dec                           0x08003b03   Thumb Code     4  printf1.o(x$fpl$printf1)
    __fpl_return_NaN                         0x08003b07   Thumb Code   100  retnan.o(x$fpl$retnan)
    __ARM_scalbn                             0x08003b6b   Thumb Code    92  scalbn.o(x$fpl$scalbn)
    __fpl_cmpreturn                          0x08003bc7   Thumb Code    48  trapv.o(x$fpl$trapveneer)
    __I$use$fp                               0x08003bf6   Number         0  usenofp.o(x$fpl$usenofp)
    __mathlib_zero                           0x08003c90   Data           8  qnan.o(.constdata)
    Region$$Table$$Base                      0x08003d2c   Number         0  anon$$obj.o(Region$$Table)
    Region$$Table$$Limit                     0x08003d4c   Number         0  anon$$obj.o(Region$$Table)
    EEPROM_ADDRESS                           0x20000000   Data           2  i2c.o(.data)
    timer                                    0x20000008   Data           4  mpu6050.o(.data)
    KalmanX                                  0x20000010   Data          72  mpu6050.o(.data)
    KalmanY                                  0x20000058   Data          72  mpu6050.o(.data)
    count                                    0x200000a0   Data           4  usart_lib.o(.data)
    Data                                     0x200000a4   Data           1  usart_lib.o(.data)
    Stt_receive                              0x200000a8   Data           4  usart_lib.o(.data)
    __stdout                                 0x200000ac   Data           4  usart_lib.o(.data)
    Count                                    0x200000b0   Data           4  time.o(.data)
    SystemCoreClock                          0x200000c8   Data           4  system_stm32f10x.o(.data)
    AHBPrescTable                            0x200000cc   Data          16  system_stm32f10x.o(.data)
    mpu                                      0x200000e0   Data          88  main.o(.bss)
    String_receive                           0x20000138   Data         100  usart_lib.o(.bss)
    __libspace_start                         0x2000019c   Data          96  libspace.o(.bss)
    __temporary_stack_top$libspace           0x200001fc   Data           0  libspace.o(.bss)



==============================================================================

Memory Map of the image

  Image Entry point : 0x080001a9

  Load Region LR_1 (Base: 0x08000000, Size: 0x00003e44, Max: 0xffffffff, ABSOLUTE)

    Execution Region ER_RO (Exec base: 0x08000000, Load base: 0x08000000, Size: 0x00003d68, Max: 0xffffffff, ABSOLUTE)

    Exec Addr    Load Addr    Size         Type   Attr      Idx    E Section Name        Object

    0x08000000   0x08000000   0x000000ec   Data   RO         1738    RESET               startup_stm32f10x_md.o
    0x080000ec   0x080000ec   0x00000008   Code   RO         1830  * !!!main             c_w.l(__main.o)
    0x080000f4   0x080000f4   0x00000034   Code   RO         2162    !!!scatter          c_w.l(__scatter.o)
    0x08000128   0x08000128   0x0000001a   Code   RO         2164    !!handler_copy      c_w.l(__scatter_copy.o)
    0x08000142   0x08000142   0x00000002   PAD
    0x08000144   0x08000144   0x0000001c   Code   RO         2166    !!handler_zi        c_w.l(__scatter_zi.o)
    0x08000160   0x08000160   0x00000000   Code   RO         1825    .ARM.Collect$$_printf_percent$$00000000  c_w.l(_printf_percent.o)
    0x08000160   0x08000160   0x00000006   Code   RO         1824    .ARM.Collect$$_printf_percent$$00000003  c_w.l(_printf_f.o)
    0x08000166   0x08000166   0x00000006   Code   RO         1823    .ARM.Collect$$_printf_percent$$00000009  c_w.l(_printf_d.o)
    0x0800016c   0x0800016c   0x00000004   Code   RO         1915    .ARM.Collect$$_printf_percent$$00000017  c_w.l(_printf_percent_end.o)
    0x08000170   0x08000170   0x00000002   Code   RO         2031    .ARM.Collect$$libinit$$00000000  c_w.l(libinit.o)
    0x08000172   0x08000172   0x00000000   Code   RO         2033    .ARM.Collect$$libinit$$00000002  c_w.l(libinit2.o)
    0x08000172   0x08000172   0x00000000   Code   RO         2035    .ARM.Collect$$libinit$$00000004  c_w.l(libinit2.o)
    0x08000172   0x08000172   0x00000000   Code   RO         2038    .ARM.Collect$$libinit$$0000000A  c_w.l(libinit2.o)
    0x08000172   0x08000172   0x00000000   Code   RO         2040    .ARM.Collect$$libinit$$0000000C  c_w.l(libinit2.o)
    0x08000172   0x08000172   0x00000000   Code   RO         2042    .ARM.Collect$$libinit$$0000000E  c_w.l(libinit2.o)
    0x08000172   0x08000172   0x00000006   Code   RO         2043    .ARM.Collect$$libinit$$0000000F  c_w.l(libinit2.o)
    0x08000178   0x08000178   0x00000000   Code   RO         2045    .ARM.Collect$$libinit$$00000011  c_w.l(libinit2.o)
    0x08000178   0x08000178   0x00000000   Code   RO         2047    .ARM.Collect$$libinit$$00000013  c_w.l(libinit2.o)
    0x08000178   0x08000178   0x00000000   Code   RO         2049    .ARM.Collect$$libinit$$00000015  c_w.l(libinit2.o)
    0x08000178   0x08000178   0x0000000a   Code   RO         2050    .ARM.Collect$$libinit$$00000016  c_w.l(libinit2.o)
    0x08000182   0x08000182   0x00000000   Code   RO         2051    .ARM.Collect$$libinit$$00000017  c_w.l(libinit2.o)
    0x08000182   0x08000182   0x00000000   Code   RO         2053    .ARM.Collect$$libinit$$00000019  c_w.l(libinit2.o)
    0x08000182   0x08000182   0x00000000   Code   RO         2055    .ARM.Collect$$libinit$$0000001B  c_w.l(libinit2.o)
    0x08000182   0x08000182   0x00000000   Code   RO         2057    .ARM.Collect$$libinit$$0000001D  c_w.l(libinit2.o)
    0x08000182   0x08000182   0x00000000   Code   RO         2059    .ARM.Collect$$libinit$$0000001F  c_w.l(libinit2.o)
    0x08000182   0x08000182   0x00000000   Code   RO         2061    .ARM.Collect$$libinit$$00000021  c_w.l(libinit2.o)
    0x08000182   0x08000182   0x00000000   Code   RO         2063    .ARM.Collect$$libinit$$00000023  c_w.l(libinit2.o)
    0x08000182   0x08000182   0x00000000   Code   RO         2065    .ARM.Collect$$libinit$$00000025  c_w.l(libinit2.o)
    0x08000182   0x08000182   0x00000000   Code   RO         2069    .ARM.Collect$$libinit$$0000002C  c_w.l(libinit2.o)
    0x08000182   0x08000182   0x00000000   Code   RO         2071    .ARM.Collect$$libinit$$0000002E  c_w.l(libinit2.o)
    0x08000182   0x08000182   0x00000000   Code   RO         2073    .ARM.Collect$$libinit$$00000030  c_w.l(libinit2.o)
    0x08000182   0x08000182   0x00000000   Code   RO         2075    .ARM.Collect$$libinit$$00000032  c_w.l(libinit2.o)
    0x08000182   0x08000182   0x00000002   Code   RO         2076    .ARM.Collect$$libinit$$00000033  c_w.l(libinit2.o)
    0x08000184   0x08000184   0x00000002   Code   RO         2110    .ARM.Collect$$libshutdown$$00000000  c_w.l(libshutdown.o)
    0x08000186   0x08000186   0x00000000   Code   RO         2121    .ARM.Collect$$libshutdown$$00000002  c_w.l(libshutdown2.o)
    0x08000186   0x08000186   0x00000000   Code   RO         2123    .ARM.Collect$$libshutdown$$00000004  c_w.l(libshutdown2.o)
    0x08000186   0x08000186   0x00000000   Code   RO         2126    .ARM.Collect$$libshutdown$$00000007  c_w.l(libshutdown2.o)
    0x08000186   0x08000186   0x00000000   Code   RO         2129    .ARM.Collect$$libshutdown$$0000000A  c_w.l(libshutdown2.o)
    0x08000186   0x08000186   0x00000000   Code   RO         2131    .ARM.Collect$$libshutdown$$0000000C  c_w.l(libshutdown2.o)
    0x08000186   0x08000186   0x00000000   Code   RO         2134    .ARM.Collect$$libshutdown$$0000000F  c_w.l(libshutdown2.o)
    0x08000186   0x08000186   0x00000002   Code   RO         2135    .ARM.Collect$$libshutdown$$00000010  c_w.l(libshutdown2.o)
    0x08000188   0x08000188   0x00000000   Code   RO         1902    .ARM.Collect$$rtentry$$00000000  c_w.l(__rtentry.o)
    0x08000188   0x08000188   0x00000000   Code   RO         1951    .ARM.Collect$$rtentry$$00000002  c_w.l(__rtentry2.o)
    0x08000188   0x08000188   0x00000006   Code   RO         1963    .ARM.Collect$$rtentry$$00000004  c_w.l(__rtentry4.o)
    0x0800018e   0x0800018e   0x00000000   Code   RO         1953    .ARM.Collect$$rtentry$$00000009  c_w.l(__rtentry2.o)
    0x0800018e   0x0800018e   0x00000004   Code   RO         1954    .ARM.Collect$$rtentry$$0000000A  c_w.l(__rtentry2.o)
    0x08000192   0x08000192   0x00000000   Code   RO         1956    .ARM.Collect$$rtentry$$0000000C  c_w.l(__rtentry2.o)
    0x08000192   0x08000192   0x00000008   Code   RO         1957    .ARM.Collect$$rtentry$$0000000D  c_w.l(__rtentry2.o)
    0x0800019a   0x0800019a   0x00000002   Code   RO         2079    .ARM.Collect$$rtexit$$00000000  c_w.l(rtexit.o)
    0x0800019c   0x0800019c   0x00000000   Code   RO         2088    .ARM.Collect$$rtexit$$00000002  c_w.l(rtexit2.o)
    0x0800019c   0x0800019c   0x00000004   Code   RO         2089    .ARM.Collect$$rtexit$$00000003  c_w.l(rtexit2.o)
    0x080001a0   0x080001a0   0x00000006   Code   RO         2090    .ARM.Collect$$rtexit$$00000004  c_w.l(rtexit2.o)
    0x080001a6   0x080001a6   0x00000002   PAD
    0x080001a8   0x080001a8   0x00000040   Code   RO         1739  * .text               startup_stm32f10x_md.o
    0x080001e8   0x080001e8   0x00000018   Code   RO         1795    .text               c_w.l(noretval__2printf.o)
    0x08000200   0x08000200   0x00000078   Code   RO         1801    .text               c_w.l(_printf_dec.o)
    0x08000278   0x08000278   0x000000b8   Code   RO         1806    .text               c_w.l(__printf_ss.o)
    0x08000330   0x08000330   0x00000006   Code   RO         1828    .text               c_w.l(heapauxi.o)
    0x08000336   0x08000336   0x00000016   Code   RO         1903    .text               c_w.l(_rserrno.o)
    0x0800034c   0x0800034c   0x000000b2   Code   RO         1905    .text               c_w.l(_printf_intcommon.o)
    0x080003fe   0x080003fe   0x0000041e   Code   RO         1907    .text               c_w.l(_printf_fp_dec.o)
    0x0800081c   0x0800081c   0x00000030   Code   RO         1909    .text               c_w.l(_printf_char_common.o)
    0x0800084c   0x0800084c   0x00000024   Code   RO         1913    .text               c_w.l(_printf_char_file.o)
    0x08000870   0x08000870   0x00000008   Code   RO         1968    .text               c_w.l(rt_locale_intlibspace.o)
    0x08000878   0x08000878   0x00000008   Code   RO         1973    .text               c_w.l(rt_errno_addr_intlibspace.o)
    0x08000880   0x08000880   0x0000008a   Code   RO         1975    .text               c_w.l(lludiv10.o)
    0x0800090a   0x0800090a   0x00000002   PAD
    0x0800090c   0x0800090c   0x00000080   Code   RO         1977    .text               c_w.l(_printf_fp_infnan.o)
    0x0800098c   0x0800098c   0x000000e4   Code   RO         1981    .text               c_w.l(bigflt0.o)
    0x08000a70   0x08000a70   0x00000008   Code   RO         2006    .text               c_w.l(ferror.o)
    0x08000a78   0x08000a78   0x00000008   Code   RO         2017    .text               c_w.l(libspace.o)
    0x08000a80   0x08000a80   0x0000004a   Code   RO         2020    .text               c_w.l(sys_stackheap_outer.o)
    0x08000aca   0x08000aca   0x00000012   Code   RO         2022    .text               c_w.l(exit.o)
    0x08000adc   0x08000adc   0x00000080   Code   RO         2024    .text               c_w.l(strcmpv7m.o)
    0x08000b5c   0x08000b5c   0x0000000c   Code   RO         2100    .text               c_w.l(sys_exit.o)
    0x08000b68   0x08000b68   0x00000002   Code   RO         2111    .text               c_w.l(use_no_semi.o)
    0x08000b6a   0x08000b6a   0x00000000   Code   RO         2113    .text               c_w.l(indicate_semi.o)
    0x08000b6a   0x08000b6a   0x0000003e   Code   RO         1984    CL$$btod_d2e        c_w.l(btod.o)
    0x08000ba8   0x08000ba8   0x00000046   Code   RO         1986    CL$$btod_d2e_denorm_low  c_w.l(btod.o)
    0x08000bee   0x08000bee   0x00000060   Code   RO         1985    CL$$btod_d2e_norm_op1  c_w.l(btod.o)
    0x08000c4e   0x08000c4e   0x00000338   Code   RO         1994    CL$$btod_div_common  c_w.l(btod.o)
    0x08000f86   0x08000f86   0x000000dc   Code   RO         1991    CL$$btod_e2e        c_w.l(btod.o)
    0x08001062   0x08001062   0x0000002a   Code   RO         1988    CL$$btod_ediv       c_w.l(btod.o)
    0x0800108c   0x0800108c   0x0000002a   Code   RO         1987    CL$$btod_emul       c_w.l(btod.o)
    0x080010b6   0x080010b6   0x00000244   Code   RO         1993    CL$$btod_mult_common  c_w.l(btod.o)
    0x080012fa   0x080012fa   0x00000116   Code   RO          439    i.GPIO_Init         stm32f10x_gpio.o
    0x08001410   0x08001410   0x00000018   Code   RO          560    i.I2C_AcknowledgeConfig  stm32f10x_i2c.o
    0x08001428   0x08001428   0x000001b4   Code   RO            4    i.I2C_BufferRead    i2c.o
    0x080015dc   0x080015dc   0x00000100   Code   RO            5    i.I2C_ByteWrite     i2c.o
    0x080016dc   0x080016dc   0x0000002a   Code   RO          562    i.I2C_CheckEvent    stm32f10x_i2c.o
    0x08001706   0x08001706   0x00000018   Code   RO          565    i.I2C_Cmd           stm32f10x_i2c.o
    0x0800171e   0x0800171e   0x00000002   PAD
    0x08001720   0x08001720   0x0000004c   Code   RO            7    i.I2C_GPIO_Config   i2c.o
    0x0800176c   0x0800176c   0x00000018   Code   RO          572    i.I2C_GenerateSTART  stm32f10x_i2c.o
    0x08001784   0x08001784   0x00000018   Code   RO          573    i.I2C_GenerateSTOP  stm32f10x_i2c.o
    0x0800179c   0x0800179c   0x0000003a   Code   RO          574    i.I2C_GetFlagStatus  stm32f10x_i2c.o
    0x080017d6   0x080017d6   0x00000002   PAD
    0x080017d8   0x080017d8   0x000000ec   Code   RO          579    i.I2C_Init          stm32f10x_i2c.o
    0x080018c4   0x080018c4   0x00000044   Code   RO            8    i.I2C_Mode_Configu  i2c.o
    0x08001908   0x08001908   0x00000008   Code   RO          584    i.I2C_ReceiveData   stm32f10x_i2c.o
    0x08001910   0x08001910   0x00000012   Code   RO          586    i.I2C_Send7bitAddress  stm32f10x_i2c.o
    0x08001922   0x08001922   0x00000004   Code   RO          587    i.I2C_SendData      stm32f10x_i2c.o
    0x08001926   0x08001926   0x00000002   PAD
    0x08001928   0x08001928   0x00000038   Code   RO            9    i.I2C_TIMEOUT_UserCallback  i2c.o
    0x08001960   0x08001960   0x0000000c   Code   RO           10    i.IDP_IIC_Init      i2c.o
    0x0800196c   0x0800196c   0x0000021c   Code   RO          157    i.Kalman_getAngle   mpu6050.o
    0x08001b88   0x08001b88   0x00000100   Code   RO          158    i.MPU6050_Init      mpu6050.o
    0x08001c88   0x08001c88   0x000002a0   Code   RO          160    i.MPU6050_Read_All  mpu6050.o
    0x08001f28   0x08001f28   0x00000020   Code   RO          777    i.RCC_APB1PeriphClockCmd  stm32f10x_rcc.o
    0x08001f48   0x08001f48   0x00000020   Code   RO          779    i.RCC_APB2PeriphClockCmd  stm32f10x_rcc.o
    0x08001f68   0x08001f68   0x000000d4   Code   RO          787    i.RCC_GetClocksFreq  stm32f10x_rcc.o
    0x0800203c   0x0800203c   0x00000008   Code   RO         1746    i.SetSysClock       system_stm32f10x.o
    0x08002044   0x08002044   0x000000e0   Code   RO         1747    i.SetSysClockTo72   system_stm32f10x.o
    0x08002124   0x08002124   0x00000010   Code   RO          342    i.SysTick_Handler   time.o
    0x08002134   0x08002134   0x000000a4   Code   RO         1748    i.SystemCoreClockUpdate  system_stm32f10x.o
    0x080021d8   0x080021d8   0x00000060   Code   RO         1749    i.SystemInit        system_stm32f10x.o
    0x08002238   0x08002238   0x0000000c   Code   RO          343    i.SystickMillis     time.o
    0x08002244   0x08002244   0x00000068   Code   RO          344    i.TimeSystickInit   time.o
    0x080022ac   0x080022ac   0x00000070   Code   RO          235    i.USART1_IRQHandler  usart_lib.o
    0x0800231c   0x0800231c   0x00000012   Code   RO         1547    i.USART_ClearFlag   stm32f10x_usart.o
    0x0800232e   0x0800232e   0x0000001e   Code   RO         1548    i.USART_ClearITPendingBit  stm32f10x_usart.o
    0x0800234c   0x0800234c   0x00000018   Code   RO         1551    i.USART_Cmd         stm32f10x_usart.o
    0x08002364   0x08002364   0x0000001a   Code   RO         1554    i.USART_GetFlagStatus  stm32f10x_usart.o
    0x0800237e   0x0800237e   0x0000004a   Code   RO         1557    i.USART_ITConfig    stm32f10x_usart.o
    0x080023c8   0x080023c8   0x000000d8   Code   RO         1558    i.USART_Init        stm32f10x_usart.o
    0x080024a0   0x080024a0   0x0000000a   Code   RO         1565    i.USART_ReceiveData  stm32f10x_usart.o
    0x080024aa   0x080024aa   0x00000008   Code   RO         1568    i.USART_SendData    stm32f10x_usart.o
    0x080024b2   0x080024b2   0x00000002   PAD
    0x080024b4   0x080024b4   0x000000bc   Code   RO          238    i.UsartLib_Init     usart_lib.o
    0x08002570   0x08002570   0x00000020   Code   RO          240    i.UsartLib_SendChar  usart_lib.o
    0x08002590   0x08002590   0x00000028   Code   RO         1945    i.__ARM_fpclassify  m_ws.l(fpclassify.o)
    0x080025b8   0x080025b8   0x000000aa   Code   RO         1947    i.__kernel_poly     m_ws.l(poly.o)
    0x08002662   0x08002662   0x00000006   Code   RO         1932    i.__mathlib_dbl_infnan  m_ws.l(dunder.o)
    0x08002668   0x08002668   0x00000004   Code   RO         1933    i.__mathlib_dbl_infnan2  m_ws.l(dunder.o)
    0x0800266c   0x0800266c   0x00000010   Code   RO         1937    i.__mathlib_dbl_underflow  m_ws.l(dunder.o)
    0x0800267c   0x0800267c   0x00000220   Code   RO         1877    i.atan              m_ws.l(atan.o)
    0x0800289c   0x0800289c   0x00000180   Code   RO         1887    i.atan2             m_ws.l(atan2.o)
    0x08002a1c   0x08002a1c   0x0000001a   Code   RO          244    i.delay             usart_lib.o
    0x08002a36   0x08002a36   0x00000022   Code   RO          163    i.delayms           mpu6050.o
    0x08002a58   0x08002a58   0x00000010   Code   RO          245    i.fputc             usart_lib.o
    0x08002a68   0x08002a68   0x00000068   Code   RO          120    i.main              main.o
    0x08002ad0   0x08002ad0   0x0000004c   Code   RO         1895    i.sqrt              m_ws.l(sqrt.o)
    0x08002b1c   0x08002b1c   0x0000002c   Code   RO         2011    locale$$code        c_w.l(lc_numeric_c.o)
    0x08002b48   0x08002b48   0x00000150   Code   RO         1832    x$fpl$dadd          fz_ws.l(daddsub_clz.o)
    0x08002c98   0x08002c98   0x00000010   Code   RO         2013    x$fpl$dcheck1       fz_ws.l(dcheck1.o)
    0x08002ca8   0x08002ca8   0x00000018   Code   RO         1916    x$fpl$dcmpinf       fz_ws.l(dcmpi.o)
    0x08002cc0   0x08002cc0   0x000002b0   Code   RO         1839    x$fpl$ddiv          fz_ws.l(ddiv.o)
    0x08002f70   0x08002f70   0x00000078   Code   RO         1842    x$fpl$deqf          fz_ws.l(deqf.o)
    0x08002fe8   0x08002fe8   0x0000002e   Code   RO         1845    x$fpl$dflt          fz_ws.l(dflt_clz.o)
    0x08003016   0x08003016   0x00000002   PAD
    0x08003018   0x08003018   0x00000078   Code   RO         1850    x$fpl$dleqf         fz_ws.l(dleqf.o)
    0x08003090   0x08003090   0x00000154   Code   RO         1852    x$fpl$dmul          fz_ws.l(dmul.o)
    0x080031e4   0x080031e4   0x0000009c   Code   RO         1918    x$fpl$dnaninf       fz_ws.l(dnaninf.o)
    0x08003280   0x08003280   0x0000000c   Code   RO         1920    x$fpl$dretinf       fz_ws.l(dretinf.o)
    0x0800328c   0x0800328c   0x0000006c   Code   RO         1854    x$fpl$drleqf        fz_ws.l(drleqf.o)
    0x080032f8   0x080032f8   0x00000016   Code   RO         1833    x$fpl$drsb          fz_ws.l(daddsub_clz.o)
    0x0800330e   0x0800330e   0x00000002   PAD
    0x08003310   0x08003310   0x000001cc   Code   RO         1922    x$fpl$dsqrt         fz_ws.l(dsqrt_noumaal.o)
    0x080034dc   0x080034dc   0x000001d4   Code   RO         1834    x$fpl$dsub          fz_ws.l(daddsub_clz.o)
    0x080036b0   0x080036b0   0x00000056   Code   RO         1856    x$fpl$f2d           fz_ws.l(f2d.o)
    0x08003706   0x08003706   0x00000002   PAD
    0x08003708   0x08003708   0x000000c4   Code   RO         1858    x$fpl$fadd          fz_ws.l(faddsub_clz.o)
    0x080037cc   0x080037cc   0x00000184   Code   RO         1865    x$fpl$fdiv          fz_ws.l(fdiv.o)
    0x08003950   0x08003950   0x00000030   Code   RO         1869    x$fpl$fflt          fz_ws.l(fflt_clz.o)
    0x08003980   0x08003980   0x0000008c   Code   RO         1924    x$fpl$fnaninf       fz_ws.l(fnaninf.o)
    0x08003a0c   0x08003a0c   0x0000000a   Code   RO         1926    x$fpl$fretinf       fz_ws.l(fretinf.o)
    0x08003a16   0x08003a16   0x00000002   PAD
    0x08003a18   0x08003a18   0x000000ea   Code   RO         1860    x$fpl$fsub          fz_ws.l(faddsub_clz.o)
    0x08003b02   0x08003b02   0x00000004   Code   RO         1874    x$fpl$printf1       fz_ws.l(printf1.o)
    0x08003b06   0x08003b06   0x00000064   Code   RO         2077    x$fpl$retnan        fz_ws.l(retnan.o)
    0x08003b6a   0x08003b6a   0x0000005c   Code   RO         1928    x$fpl$scalbn        fz_ws.l(scalbn.o)
    0x08003bc6   0x08003bc6   0x00000030   Code   RO         2085    x$fpl$trapveneer    fz_ws.l(trapv.o)
    0x08003bf6   0x08003bf6   0x00000000   Code   RO         1930    x$fpl$usenofp       fz_ws.l(usenofp.o)
    0x08003bf6   0x08003bf6   0x00000002   PAD
    0x08003bf8   0x08003bf8   0x00000098   Data   RO         1878    .constdata          m_ws.l(atan.o)
    0x08003c90   0x08003c90   0x00000008   Data   RO         1949    .constdata          m_ws.l(qnan.o)
    0x08003c98   0x08003c98   0x00000094   Data   RO         1982    .constdata          c_w.l(bigflt0.o)
    0x08003d2c   0x08003d2c   0x00000020   Data   RO         2160    Region$$Table       anon$$obj.o
    0x08003d4c   0x08003d4c   0x0000001c   Data   RO         2010    locale$$data        c_w.l(lc_numeric_c.o)


    Execution Region ER_RW (Exec base: 0x20000000, Load base: 0x08003d68, Size: 0x000000dc, Max: 0xffffffff, ABSOLUTE)

    Exec Addr    Load Addr    Size         Type   Attr      Idx    E Section Name        Object

    0x20000000   0x08003d68   0x00000008   Data   RW           11    .data               i2c.o
    0x20000008   0x08003d70   0x00000098   Data   RW          166    .data               mpu6050.o
    0x200000a0   0x08003e08   0x00000010   Data   RW          247    .data               usart_lib.o
    0x200000b0   0x08003e18   0x00000004   Data   RW          345    .data               time.o
    0x200000b4   0x08003e1c   0x00000014   Data   RW          807    .data               stm32f10x_rcc.o
    0x200000c8   0x08003e30   0x00000014   Data   RW         1750    .data               system_stm32f10x.o


    Execution Region ER_ZI (Exec base: 0x200000dc, Load base: 0x08003e44, Size: 0x00000724, Max: 0xffffffff, ABSOLUTE)

    Exec Addr    Load Addr    Size         Type   Attr      Idx    E Section Name        Object

    0x200000dc   0x08003e44   0x00000004   PAD
    0x200000e0        -       0x00000058   Zero   RW          121    .bss                main.o
    0x20000138        -       0x00000064   Zero   RW          246    .bss                usart_lib.o
    0x2000019c        -       0x00000060   Zero   RW         2018    .bss                c_w.l(libspace.o)
    0x200001fc   0x08003e44   0x00000004   PAD
    0x20000200        -       0x00000200   Zero   RW         1737    HEAP                startup_stm32f10x_md.o
    0x20000400        -       0x00000400   Zero   RW         1736    STACK               startup_stm32f10x_md.o


==============================================================================

Image component sizes


      Code (inc. data)   RO Data    RW Data    ZI Data      Debug   Object Name

       904         90          0          8          0     243437   i2c.o
       104         32          0          0         88       1781   main.o
      1502         52          0        152          0       4072   mpu6050.o
        64         26        236          0       1536        820   startup_stm32f10x_md.o
       278          0          0          0          0       2156   stm32f10x_gpio.o
       462         14          0          0          0       8020   stm32f10x_i2c.o
       276         32          0         20          0       4634   stm32f10x_rcc.o
       406          6          0          0          0       6889   stm32f10x_usart.o
       492         50          0         20          0       3025   system_stm32f10x.o
       132         24          0          4          0      27399   time.o
       374         32          0         16        100      30219   usart_lib.o

    ----------------------------------------------------------------------
      5002        358        268        220       1728     332452   Object Totals
         0          0         32          0          0          0   (incl. Generated)
         8          0          0          0          4          0   (incl. Padding)

    ----------------------------------------------------------------------

      Code (inc. data)   RO Data    RW Data    ZI Data      Debug   Library Member Name

         8          0          0          0          0         68   __main.o
       184          0          0          0          0         84   __printf_ss.o
         0          0          0          0          0          0   __rtentry.o
        12          0          0          0          0          0   __rtentry2.o
         6          0          0          0          0          0   __rtentry4.o
        52          8          0          0          0          0   __scatter.o
        26          0          0          0          0          0   __scatter_copy.o
        28          0          0          0          0          0   __scatter_zi.o
        48          6          0          0          0         96   _printf_char_common.o
        36          4          0          0          0         80   _printf_char_file.o
         6          0          0          0          0          0   _printf_d.o
       120         16          0          0          0         92   _printf_dec.o
         6          0          0          0          0          0   _printf_f.o
      1054          0          0          0          0        216   _printf_fp_dec.o
       128         16          0          0          0         84   _printf_fp_infnan.o
       178          0          0          0          0         88   _printf_intcommon.o
         0          0          0          0          0          0   _printf_percent.o
         4          0          0          0          0          0   _printf_percent_end.o
        22          0          0          0          0        100   _rserrno.o
       228          4        148          0          0         96   bigflt0.o
      1936        128          0          0          0        672   btod.o
        18          0          0          0          0         80   exit.o
         8          0          0          0          0         68   ferror.o
         6          0          0          0          0        152   heapauxi.o
         0          0          0          0          0          0   indicate_semi.o
        44         10         28          0          0         76   lc_numeric_c.o
         2          0          0          0          0          0   libinit.o
        18          0          0          0          0          0   libinit2.o
         2          0          0          0          0          0   libshutdown.o
         2          0          0          0          0          0   libshutdown2.o
         8          4          0          0         96         68   libspace.o
       138          0          0          0          0         80   lludiv10.o
        24          4          0          0          0         84   noretval__2printf.o
         8          4          0          0          0         68   rt_errno_addr_intlibspace.o
         8          4          0          0          0         68   rt_locale_intlibspace.o
         2          0          0          0          0          0   rtexit.o
        10          0          0          0          0          0   rtexit2.o
       128          0          0          0          0         68   strcmpv7m.o
        12          4          0          0          0         68   sys_exit.o
        74          0          0          0          0         80   sys_stackheap_outer.o
         2          0          0          0          0         68   use_no_semi.o
       826         16          0          0          0        348   daddsub_clz.o
        16          4          0          0          0         68   dcheck1.o
        24          0          0          0          0         68   dcmpi.o
       688        140          0          0          0        208   ddiv.o
       120          4          0          0          0         92   deqf.o
        46          0          0          0          0         68   dflt_clz.o
       120          4          0          0          0         92   dleqf.o
       340         12          0          0          0        104   dmul.o
       156          4          0          0          0         92   dnaninf.o
        12          0          0          0          0         68   dretinf.o
       108          0          0          0          0         80   drleqf.o
       460         56          0          0          0        120   dsqrt_noumaal.o
        86          4          0          0          0         84   f2d.o
       430          8          0          0          0        168   faddsub_clz.o
       388         76          0          0          0         96   fdiv.o
        48          0          0          0          0         68   fflt_clz.o
       140          4          0          0          0         84   fnaninf.o
        10          0          0          0          0         68   fretinf.o
         4          0          0          0          0         68   printf1.o
       100          0          0          0          0         68   retnan.o
        92          0          0          0          0         68   scalbn.o
        48          0          0          0          0         68   trapv.o
         0          0          0          0          0          0   usenofp.o
       544         70        152          0          0        124   atan.o
       384         38          0          0          0        144   atan2.o
        26          6          0          0          0        204   dunder.o
        40          0          0          0          0         68   fpclassify.o
       170          0          0          0          0         96   poly.o
         0          0          8          0          0          0   qnan.o
        76          0          0          0          0         84   sqrt.o

    ----------------------------------------------------------------------
     10114        658        336          0        100       5672   Library Totals
        16          0          0          0          4          0   (incl. Padding)

    ----------------------------------------------------------------------

      Code (inc. data)   RO Data    RW Data    ZI Data      Debug   Library Name

      4596        212        176          0         96       2704   c_w.l
      4262        332          0          0          0       2248   fz_ws.l
      1240        114        160          0          0        720   m_ws.l

    ----------------------------------------------------------------------
     10114        658        336          0        100       5672   Library Totals

    ----------------------------------------------------------------------

==============================================================================


      Code (inc. data)   RO Data    RW Data    ZI Data      Debug   

     15116       1016        604        220       1828     332816   Grand Totals
     15116       1016        604        220       1828     332816   ELF Image Totals
     15116       1016        604        220          0          0   ROM Totals

==============================================================================

    Total RO  Size (Code + RO Data)                15720 (  15.35kB)
    Total RW  Size (RW Data + ZI Data)              2048 (   2.00kB)
    Total ROM Size (Code + RO Data + RW Data)      15940 (  15.57kB)

==============================================================================

