Component: ARM Compiler 5.06 update 6 (build 750) Tool: armlink [4d35ed]

==============================================================================

Section Cross References

    i2c.o(i.I2C1_Init) refers to stm32f10x_rcc.o(i.RCC_APB1PeriphClockCmd) for RCC_APB1PeriphClockCmd
    i2c.o(i.I2C1_Init) refers to stm32f10x_rcc.o(i.RCC_APB2PeriphClockCmd) for RCC_APB2PeriphClockCmd
    i2c.o(i.I2C1_Init) refers to stm32f10x_gpio.o(i.GPIO_Init) for GPIO_Init
    i2c.o(i.I2C1_Init) refers to stm32f10x_i2c.o(i.I2C_Init) for I2C_Init
    i2c.o(i.I2C_BufferRead) refers to i2c.o(i.I2C_TIMEOUT_UserCallback) for I2C_TIMEOUT_UserCallback
    i2c.o(i.I2C_BufferRead) refers to stm32f10x_i2c.o(i.I2C_GetFlagStatus) for I2C_GetFlagStatus
    i2c.o(i.I2C_BufferRead) refers to stm32f10x_i2c.o(i.I2C_GenerateSTART) for I2C_GenerateSTART
    i2c.o(i.I2C_BufferRead) refers to stm32f10x_i2c.o(i.I2C_CheckEvent) for I2C_CheckEvent
    i2c.o(i.I2C_BufferRead) refers to stm32f10x_i2c.o(i.I2C_Send7bitAddress) for I2C_Send7bitAddress
    i2c.o(i.I2C_BufferRead) refers to stm32f10x_i2c.o(i.I2C_Cmd) for I2C_Cmd
    i2c.o(i.I2C_BufferRead) refers to stm32f10x_i2c.o(i.I2C_SendData) for I2C_SendData
    i2c.o(i.I2C_BufferRead) refers to stm32f10x_i2c.o(i.I2C_AcknowledgeConfig) for I2C_AcknowledgeConfig
    i2c.o(i.I2C_BufferRead) refers to stm32f10x_i2c.o(i.I2C_GenerateSTOP) for I2C_GenerateSTOP
    i2c.o(i.I2C_BufferRead) refers to stm32f10x_i2c.o(i.I2C_ReceiveData) for I2C_ReceiveData
    i2c.o(i.I2C_BufferRead) refers to i2c.o(.data) for I2CTimeout
    i2c.o(i.I2C_ByteWrite) refers to stm32f10x_i2c.o(i.I2C_GenerateSTART) for I2C_GenerateSTART
    i2c.o(i.I2C_ByteWrite) refers to i2c.o(i.I2C_TIMEOUT_UserCallback) for I2C_TIMEOUT_UserCallback
    i2c.o(i.I2C_ByteWrite) refers to stm32f10x_i2c.o(i.I2C_CheckEvent) for I2C_CheckEvent
    i2c.o(i.I2C_ByteWrite) refers to stm32f10x_i2c.o(i.I2C_Send7bitAddress) for I2C_Send7bitAddress
    i2c.o(i.I2C_ByteWrite) refers to stm32f10x_i2c.o(i.I2C_SendData) for I2C_SendData
    i2c.o(i.I2C_ByteWrite) refers to stm32f10x_i2c.o(i.I2C_GenerateSTOP) for I2C_GenerateSTOP
    i2c.o(i.I2C_ByteWrite) refers to i2c.o(.data) for I2CTimeout
    i2c.o(i.I2C_EE_WaitEepromStandbyState) refers to stm32f10x_i2c.o(i.I2C_GenerateSTART) for I2C_GenerateSTART
    i2c.o(i.I2C_EE_WaitEepromStandbyState) refers to stm32f10x_i2c.o(i.I2C_ReadRegister) for I2C_ReadRegister
    i2c.o(i.I2C_EE_WaitEepromStandbyState) refers to stm32f10x_i2c.o(i.I2C_Send7bitAddress) for I2C_Send7bitAddress
    i2c.o(i.I2C_EE_WaitEepromStandbyState) refers to stm32f10x_i2c.o(i.I2C_ClearFlag) for I2C_ClearFlag
    i2c.o(i.I2C_EE_WaitEepromStandbyState) refers to stm32f10x_i2c.o(i.I2C_GenerateSTOP) for I2C_GenerateSTOP
    i2c.o(i.I2C_EE_WaitEepromStandbyState) refers to i2c.o(.data) for EEPROM_ADDRESS
    i2c.o(i.I2C_TIMEOUT_UserCallback) refers to _printf_percent.o(.ARM.Collect$$_printf_percent$$00000000) for _printf_percent
    i2c.o(i.I2C_TIMEOUT_UserCallback) refers to _printf_d.o(.ARM.Collect$$_printf_percent$$00000009) for _printf_d
    i2c.o(i.I2C_TIMEOUT_UserCallback) refers to _printf_dec.o(.text) for _printf_int_dec
    i2c.o(i.I2C_TIMEOUT_UserCallback) refers to noretval__2printf.o(.text) for __2printf
    main.o(i.main) refers to system.o(i.SysInit) for SysInit
    main.o(i.main) refers to system.o(i.SysRun) for SysRun
    motor.o(i.MotorInit) refers to stm32f10x_rcc.o(i.RCC_APB2PeriphClockCmd) for RCC_APB2PeriphClockCmd
    motor.o(i.MotorInit) refers to stm32f10x_gpio.o(i.GPIO_Init) for GPIO_Init
    motor.o(i.MotorInit) refers to stm32f10x_rcc.o(i.RCC_APB1PeriphClockCmd) for RCC_APB1PeriphClockCmd
    motor.o(i.MotorInit) refers to stm32f10x_tim.o(i.TIM_TimeBaseInit) for TIM_TimeBaseInit
    motor.o(i.MotorInit) refers to stm32f10x_tim.o(i.TIM_ClearFlag) for TIM_ClearFlag
    motor.o(i.MotorInit) refers to stm32f10x_tim.o(i.TIM_ITConfig) for TIM_ITConfig
    motor.o(i.MotorInit) refers to stm32f10x_tim.o(i.TIM_Cmd) for TIM_Cmd
    motor.o(i.MotorInit) refers to stm32f10x_gpio.o(i.GPIO_ResetBits) for GPIO_ResetBits
    motor.o(i.Speed_L) refers to stm32f10x_gpio.o(i.GPIO_WriteBit) for GPIO_WriteBit
    motor.o(i.Speed_L) refers to motor.o(.data) for Dir_M2
    motor.o(i.Speed_R) refers to stm32f10x_gpio.o(i.GPIO_WriteBit) for GPIO_WriteBit
    motor.o(i.Speed_R) refers to motor.o(.data) for Dir_M3
    motor.o(i.SystickMillis) refers to motor.o(.data) for Ms_Count
    motor.o(i.TIM4_IRQHandler) refers to stm32f10x_tim.o(i.TIM_GetITStatus) for TIM_GetITStatus
    motor.o(i.TIM4_IRQHandler) refers to stm32f10x_gpio.o(i.GPIO_WriteBit) for GPIO_WriteBit
    motor.o(i.TIM4_IRQHandler) refers to stm32f10x_tim.o(i.TIM_ClearITPendingBit) for TIM_ClearITPendingBit
    motor.o(i.TIM4_IRQHandler) refers to motor.o(.data) for u20u_Count
    mpu6050.o(i.Mpu6050_Calibrate) refers to i2c.o(i.I2C_BufferRead) for I2C_BufferRead
    mpu6050.o(i.Mpu6050_Calibrate) refers to dflt_clz.o(x$fpl$dflt) for __aeabi_i2d
[...]
    ../clib/printf.c                         0x00000000   Number         0  __2printf.o ABSOLUTE
    ../clib/printf.c                         0x00000000   Number         0  _printf_intcommon.o ABSOLUTE
    ../clib/printf.c                         0x00000000   Number         0  _printf_fp_dec.o ABSOLUTE
    ../clib/printf_percent.s                 0x00000000   Number         0  _printf_f.o ABSOLUTE
    ../clib/printf_percent.s                 0x00000000   Number         0  _printf_percent.o ABSOLUTE
    ../clib/printf_percent.s                 0x00000000   Number         0  _printf_percent_end.o ABSOLUTE
    ../clib/printf_percent.s                 0x00000000   Number         0  _printf_d.o ABSOLUTE
    ../clib/signal.c                         0x00000000   Number         0  defsig_rtmem_outer.o ABSOLUTE
    ../clib/signal.c                         0x00000000   Number         0  defsig_rtred_inner.o ABSOLUTE
    ../clib/signal.c                         0x00000000   Number         0  defsig_rtmem_inner.o ABSOLUTE
    ../clib/signal.c                         0x00000000   Number         0  defsig_pvfn_inner.o ABSOLUTE
    ../clib/signal.c                         0x00000000   Number         0  defsig_fpe_inner.o ABSOLUTE
    ../clib/signal.c                         0x00000000   Number         0  defsig_exit.o ABSOLUTE
    ../clib/signal.c                         0x00000000   Number         0  defsig_abrt_inner.o ABSOLUTE
    ../clib/signal.c                         0x00000000   Number         0  defsig_other.o ABSOLUTE
    ../clib/signal.c                         0x00000000   Number         0  defsig_segv_inner.o ABSOLUTE
    ../clib/signal.c                         0x00000000   Number         0  defsig_general.o ABSOLUTE
    ../clib/signal.c                         0x00000000   Number         0  __raise.o ABSOLUTE
    ../clib/signal.c                         0x00000000   Number         0  defsig_cppl_inner.o ABSOLUTE
    ../clib/signal.c                         0x00000000   Number         0  defsig_rtmem_formal.o ABSOLUTE
    ../clib/signal.c                         0x00000000   Number         0  defsig_stak_inner.o ABSOLUTE
    ../clib/signal.s                         0x00000000   Number         0  defsig.o ABSOLUTE
    ../clib/stdio.c                          0x00000000   Number         0  ferror_locked.o ABSOLUTE
    ../clib/stdio.c                          0x00000000   Number         0  ferror.o ABSOLUTE
    ../clib/stdlib.c                         0x00000000   Number         0  exit.o ABSOLUTE
    ../clib/string.c                         0x00000000   Number         0  strstr.o ABSOLUTE
    ../fplib/daddsub.s                       0x00000000   Number         0  daddsub_clz.o ABSOLUTE
    ../fplib/dcheck1.s                       0x00000000   Number         0  dcheck1.o ABSOLUTE
    ../fplib/dcmpi.s                         0x00000000   Number         0  dcmpi.o ABSOLUTE
    ../fplib/ddiv.s                          0x00000000   Number         0  ddiv.o ABSOLUTE
    ../fplib/dflt.s                          0x00000000   Number         0  dflt_clz.o ABSOLUTE
    ../fplib/dleqf.s                         0x00000000   Number         0  dleqf.o ABSOLUTE
    ../fplib/dmul.s                          0x00000000   Number         0  dmul.o ABSOLUTE
    ../fplib/dnaninf.s                       0x00000000   Number         0  dnaninf.o ABSOLUTE
    ../fplib/dretinf.s                       0x00000000   Number         0  dretinf.o ABSOLUTE
    ../fplib/drleqf.s                        0x00000000   Number         0  drleqf.o ABSOLUTE
    ../fplib/dsqrt.s                         0x00000000   Number         0  dsqrt_noumaal.o ABSOLUTE
    ../fplib/fpinit.s                        0x00000000   Number         0  fpinit.o ABSOLUTE
    ../fplib/istatus.s                       0x00000000   Number         0  istatus.o ABSOLUTE
    ../fplib/printf1.s                       0x00000000   Number         0  printf1.o ABSOLUTE
    ../fplib/retnan.s                        0x00000000   Number         0  retnan.o ABSOLUTE
    ../fplib/scalbn.s                        0x00000000   Number         0  scalbn.o ABSOLUTE
    ../fplib/trapv.s                         0x00000000   Number         0  trapv.o ABSOLUTE
    ../fplib/usenofp.s                       0x00000000   Number         0  usenofp.o ABSOLUTE
    ../mathlib/atan.c                        0x00000000   Number         0  atan_x.o ABSOLUTE
    ../mathlib/atan.c                        0x00000000   Number         0  atan.o ABSOLUTE
    ../mathlib/dunder.c                      0x00000000   Number         0  dunder.o ABSOLUTE
    ../mathlib/fpclassify.c                  0x00000000   Number         0  fpclassify.o ABSOLUTE
    ../mathlib/poly.c                        0x00000000   Number         0  poly.o ABSOLUTE
    ../mathlib/pow.c                         0x00000000   Number         0  pow.o ABSOLUTE
    ../mathlib/pow.c                         0x00000000   Number         0  pow_x.o ABSOLUTE
    ../mathlib/qnan.c                        0x00000000   Number         0  qnan.o ABSOLUTE
    ../mathlib/sqrt.c                        0x00000000   Number         0  sqrt_x.o ABSOLUTE
    ../mathlib/sqrt.c                        0x00000000   Number         0  sqrt.o ABSOLUTE
    ..\USER\i2c.c                            0x00000000   Number         0  i2c.o ABSOLUTE
    ..\USER\main.c                           0x00000000   Number         0  main.o ABSOLUTE
    ..\USER\motor.c                          0x00000000   Number         0  motor.o ABSOLUTE
    ..\USER\mpu6050.c                        0x00000000   Number         0  mpu6050.o ABSOLUTE
    ..\USER\system.c                         0x00000000   Number         0  system.o ABSOLUTE
    ..\USER\usart_lib.c                      0x00000000   Number         0  usart_lib.o ABSOLUTE
    ..\\USER\\i2c.c                          0x00000000   Number         0  i2c.o ABSOLUTE
    ..\\USER\\main.c                         0x00000000   Number         0  main.o ABSOLUTE
    ..\\USER\\motor.c                        0x00000000   Number         0  motor.o ABSOLUTE
    ..\\USER\\mpu6050.c                      0x00000000   Number         0  mpu6050.o ABSOLUTE
    ..\\USER\\system.c                       0x00000000   Number         0  system.o ABSOLUTE
    ..\\USER\\usart_lib.c                    0x00000000   Number         0  usart_lib.o ABSOLUTE
    D:\Keil C\Keil\STM32F1xx_DFP\2.4.0\Device\StdPeriph_Driver\src\misc.c 0x00000000   Number         0  misc.o ABSOLUTE
    D:\Keil C\Keil\STM32F1xx_DFP\2.4.0\Device\StdPeriph_Driver\src\stm32f10x_gpio.c 0x00000000   Number         0  stm32f10x_gpio.o ABSOLUTE
    D:\Keil C\Keil\STM32F1xx_DFP\2.4.0\Device\StdPeriph_Driver\src\stm32f10x_i2c.c 0x00000000   Number         0  stm32f10x_i2c.o ABSOLUTE
    D:\Keil C\Keil\STM32F1xx_DFP\2.4.0\Device\StdPeriph_Driver\src\stm32f10x_rcc.c 0x00000000   Number         0  stm32f10x_rcc.o ABSOLUTE
    D:\Keil C\Keil\STM32F1xx_DFP\2.4.0\Device\StdPeriph_Driver\src\stm32f10x_tim.c 0x00000000   Number         0  stm32f10x_tim.o ABSOLUTE
    D:\Keil C\Keil\STM32F1xx_DFP\2.4.0\Device\StdPeriph_Driver\src\stm32f10x_usart.c 0x00000000   Number         0  stm32f10x_usart.o ABSOLUTE
    D:\\Keil C\\Keil\\STM32F1xx_DFP\\2.4.0\\Device\\StdPeriph_Driver\\src\\misc.c 0x00000000   Number         0  misc.o ABSOLUTE
    D:\\Keil C\\Keil\\STM32F1xx_DFP\\2.4.0\\Device\\StdPeriph_Driver\\src\\stm32f10x_gpio.c 0x00000000   Number         0  stm32f10x_gpio.o ABSOLUTE
    D:\\Keil C\\Keil\\STM32F1xx_DFP\\2.4.0\\Device\\StdPeriph_Driver\\src\\stm32f10x_i2c.c 0x00000000   Number         0  stm32f10x_i2c.o ABSOLUTE
    D:\\Keil C\\Keil\\STM32F1xx_DFP\\2.4.0\\Device\\StdPeriph_Driver\\src\\stm32f10x_rcc.c 0x00000000   Number         0  stm32f10x_rcc.o ABSOLUTE
    D:\\Keil C\\Keil\\STM32F1xx_DFP\\2.4.0\\Device\\StdPeriph_Driver\\src\\stm32f10x_tim.c 0x00000000   Number         0  stm32f10x_tim.o ABSOLUTE
    D:\\Keil C\\Keil\\STM32F1xx_DFP\\2.4.0\\Device\\StdPeriph_Driver\\src\\stm32f10x_usart.c 0x00000000   Number         0  stm32f10x_usart.o ABSOLUTE
    RTE\Device\STM32F103C8\startup_stm32f10x_md.s 0x00000000   Number         0  startup_stm32f10x_md.o ABSOLUTE
    RTE\Device\STM32F103C8\system_stm32f10x.c 0x00000000   Number         0  system_stm32f10x.o ABSOLUTE
    RTE\\Device\\STM32F103C8\\system_stm32f10x.c 0x00000000   Number         0  system_stm32f10x.o ABSOLUTE
    dc.s                                     0x00000000   Number         0  dc.o ABSOLUTE
    RESET                                    0x08000000   Section      236  startup_stm32f10x_md.o(RESET)
    !!!main                                  0x080000ec   Section        8  __main.o(!!!main)
    !!!scatter                               0x080000f4   Section       52  __scatter.o(!!!scatter)
    !!handler_copy                           0x08000128   Section       26  __scatter_copy.o(!!handler_copy)
    !!handler_zi                             0x08000144   Section       28  __scatter_zi.o(!!handler_zi)
    .ARM.Collect$$_printf_percent$$00000000  0x08000160   Section        0  _printf_percent.o(.ARM.Collect$$_printf_percent$$00000000)
    .ARM.Collect$$_printf_percent$$00000003  0x08000160   Section        6  _printf_f.o(.ARM.Collect$$_printf_percent$$00000003)
    .ARM.Collect$$_printf_percent$$00000009  0x08000166   Section        6  _printf_d.o(.ARM.Collect$$_printf_percent$$00000009)
    .ARM.Collect$$_printf_percent$$00000017  0x0800016c   Section        4  _printf_percent_end.o(.ARM.Collect$$_printf_percent$$00000017)
    .ARM.Collect$$libinit$$00000000          0x08000170   Section        2  libinit.o(.ARM.Collect$$libinit$$00000000)
    .ARM.Collect$$libinit$$00000002          0x08000172   Section        0  libinit2.o(.ARM.Collect$$libinit$$00000002)
    .ARM.Collect$$libinit$$00000004          0x08000172   Section        0  libinit2.o(.ARM.Collect$$libinit$$00000004)
    .ARM.Collect$$libinit$$0000000A          0x08000172   Section        0  libinit2.o(.ARM.Collect$$libinit$$0000000A)
    .ARM.Collect$$libinit$$0000000C          0x08000172   Section        0  libinit2.o(.ARM.Collect$$libinit$$0000000C)
    .ARM.Collect$$libinit$$0000000E          0x08000172   Section        0  libinit2.o(.ARM.Collect$$libinit$$0000000E)
    .ARM.Collect$$libinit$$0000000F          0x08000172   Section        6  libinit2.o(.ARM.Collect$$libinit$$0000000F)
    .ARM.Collect$$libinit$$00000011          0x08000178   Section        0  libinit2.o(.ARM.Collect$$libinit$$00000011)
    .ARM.Collect$$libinit$$00000013          0x08000178   Section        0  libinit2.o(.ARM.Collect$$libinit$$00000013)
    .ARM.Collect$$libinit$$00000015          0x08000178   Section        0  libinit2.o(.ARM.Collect$$libinit$$00000015)
    .ARM.Collect$$libinit$$00000016          0x08000178   Section       10  libinit2.o(.ARM.Collect$$libinit$$00000016)
    .ARM.Collect$$libinit$$00000017          0x08000182   Section        0  libinit2.o(.ARM.Collect$$libinit$$00000017)
    .ARM.Collect$$libinit$$00000019          0x08000182   Section        0  libinit2.o(.ARM.Collect$$libinit$$00000019)
    .ARM.Collect$$libinit$$0000001B          0x08000182   Section        0  libinit2.o(.ARM.Collect$$libinit$$0000001B)
    .ARM.Collect$$libinit$$0000001D          0x08000182   Section        0  libinit2.o(.ARM.Collect$$libinit$$0000001D)
    .ARM.Collect$$libinit$$0000001F          0x08000182   Section        0  libinit2.o(.ARM.Collect$$libinit$$0000001F)
    .ARM.Collect$$libinit$$00000021          0x08000182   Section        0  libinit2.o(.ARM.Collect$$libinit$$00000021)
    .ARM.Collect$$libinit$$00000023          0x08000182   Section        0  libinit2.o(.ARM.Collect$$libinit$$00000023)
    .ARM.Collect$$libinit$$00000025          0x08000182   Section        0  libinit2.o(.ARM.Collect$$libinit$$00000025)
    .ARM.Collect$$libinit$$0000002C          0x08000182   Section        0  libinit2.o(.ARM.Collect$$libinit$$0000002C)
    .ARM.Collect$$libinit$$0000002E          0x08000182   Section        0  libinit2.o(.ARM.Collect$$libinit$$0000002E)
    .ARM.Collect$$libinit$$00000030          0x08000182   Section        0  libinit2.o(.ARM.Collect$$libinit$$00000030)
    .ARM.Collect$$libinit$$00000032          0x08000182   Section        0  libinit2.o(.ARM.Collect$$libinit$$00000032)
    .ARM.Collect$$libinit$$00000033          0x08000182   Section        2  libinit2.o(.ARM.Collect$$libinit$$00000033)
    .ARM.Collect$$libshutdown$$00000000      0x08000184   Section        2  libshutdown.o(.ARM.Collect$$libshutdown$$00000000)
    .ARM.Collect$$libshutdown$$00000002      0x08000186   Section        0  libshutdown2.o(.ARM.Collect$$libshutdown$$00000002)
    .ARM.Collect$$libshutdown$$00000004      0x08000186   Section        0  libshutdown2.o(.ARM.Collect$$libshutdown$$00000004)
    .ARM.Collect$$libshutdown$$00000007      0x08000186   Section        0  libshutdown2.o(.ARM.Collect$$libshutdown$$00000007)
    .ARM.Collect$$libshutdown$$0000000A      0x08000186   Section        0  libshutdown2.o(.ARM.Collect$$libshutdown$$0000000A)
    .ARM.Collect$$libshutdown$$0000000C      0x08000186   Section        0  libshutdown2.o(.ARM.Collect$$libshutdown$$0000000C)
    .ARM.Collect$$libshutdown$$0000000F      0x08000186   Section        0  libshutdown2.o(.ARM.Collect$$libshutdown$$0000000F)
    .ARM.Collect$$libshutdown$$00000010      0x08000186   Section        2  libshutdown2.o(.ARM.Collect$$libshutdown$$00000010)
    .ARM.Collect$$rtentry$$00000000          0x08000188   Section        0  __rtentry.o(.ARM.Collect$$rtentry$$00000000)
    .ARM.Collect$$rtentry$$00000002          0x08000188   Section        0  __rtentry2.o(.ARM.Collect$$rtentry$$00000002)
    .ARM.Collect$$rtentry$$00000004          0x08000188   Section        6  __rtentry4.o(.ARM.Collect$$rtentry$$00000004)
    .ARM.Collect$$rtentry$$00000009          0x0800018e   Section        0  __rtentry2.o(.ARM.Collect$$rtentry$$00000009)
    .ARM.Collect$$rtentry$$0000000A          0x0800018e   Section        4  __rtentry2.o(.ARM.Collect$$rtentry$$0000000A)
    .ARM.Collect$$rtentry$$0000000C          0x08000192   Section        0  __rtentry2.o(.ARM.Collect$$rtentry$$0000000C)
    .ARM.Collect$$rtentry$$0000000D          0x08000192   Section        8  __rtentry2.o(.ARM.Collect$$rtentry$$0000000D)
    .ARM.Collect$$rtexit$$00000000           0x0800019a   Section        2  rtexit.o(.ARM.Collect$$rtexit$$00000000)
    .ARM.Collect$$rtexit$$00000002           0x0800019c   Section        0  rtexit2.o(.ARM.Collect$$rtexit$$00000002)
    .ARM.Collect$$rtexit$$00000003           0x0800019c   Section        4  rtexit2.o(.ARM.Collect$$rtexit$$00000003)
    .ARM.Collect$$rtexit$$00000004           0x080001a0   Section        6  rtexit2.o(.ARM.Collect$$rtexit$$00000004)
    .text                                    0x080001a8   Section       64  startup_stm32f10x_md.o(.text)
    .text                                    0x080001e8   Section        0  noretval__2printf.o(.text)
    .text                                    0x08000200   Section        0  _printf_dec.o(.text)
    .text                                    0x08000278   Section        0  __printf_ss.o(.text)
    .text                                    0x08000330   Section        0  heapauxi.o(.text)
    .text                                    0x08000336   Section        0  _rserrno.o(.text)
    .text                                    0x0800034c   Section        0  _printf_intcommon.o(.text)
    .text                                    0x080003fe   Section        0  _printf_fp_dec.o(.text)
    _fp_digits                               0x08000401   Thumb Code   432  _printf_fp_dec.o(.text)
    .text                                    0x0800081c   Section        0  _printf_char_common.o(.text)
    _printf_input_char                       0x0800081d   Thumb Code    10  _printf_char_common.o(.text)
    .text                                    0x0800084c   Section        0  _printf_char_file.o(.text)
    .text                                    0x08000870   Section        8  rt_locale_intlibspace.o(.text)
    .text                                    0x08000878   Section        8  rt_errno_addr_intlibspace.o(.text)
    .text                                    0x08000880   Section      138  lludiv10.o(.text)
    .text                                    0x0800090c   Section        0  _printf_fp_infnan.o(.text)
    .text                                    0x0800098c   Section        0  bigflt0.o(.text)
    .text                                    0x08000a70   Section        0  ferror.o(.text)
    .text                                    0x08000a78   Section        8  libspace.o(.text)
    .text                                    0x08000a80   Section       74  sys_stackheap_outer.o(.text)
    .text                                    0x08000aca   Section        0  exit.o(.text)
    .text                                    0x08000adc   Section      128  strcmpv7m.o(.text)
    .text                                    0x08000b5c   Section        0  sys_exit.o(.text)
    .text                                    0x08000b68   Section        2  use_no_semi.o(.text)
    .text                                    0x08000b6a   Section        0  indicate_semi.o(.text)
    CL$$btod_d2e                             0x08000b6a   Section       62  btod.o(CL$$btod_d2e)
    CL$$btod_d2e_denorm_low                  0x08000ba8   Section       70  btod.o(CL$$btod_d2e_denorm_low)
    CL$$btod_d2e_norm_op1                    0x08000bee   Section       96  btod.o(CL$$btod_d2e_norm_op1)
    CL$$btod_div_common                      0x08000c4e   Section      824  btod.o(CL$$btod_div_common)
    CL$$btod_e2e                             0x08000f86   Section      220  btod.o(CL$$btod_e2e)
    CL$$btod_ediv                            0x08001062   Section       42  btod.o(CL$$btod_ediv)
    CL$$btod_emul                            0x0800108c   Section       42  btod.o(CL$$btod_emul)
    CL$$btod_mult_common                     0x080010b6   Section      580  btod.o(CL$$btod_mult_common)
    i.GPIO_Init                              0x080012fa   Section        0  stm32f10x_gpio.o(i.GPIO_Init)
    i.GPIO_ResetBits                         0x08001410   Section        0  stm32f10x_gpio.o(i.GPIO_ResetBits)
    i.GPIO_WriteBit                          0x08001414   Section        0  stm32f10x_gpio.o(i.GPIO_WriteBit)
    i.I2C1_Init                              0x08001420   Section        0  i2c.o(i.I2C1_Init)
    i.I2C_AcknowledgeConfig                  0x0800148c   Section        0  stm32f10x_i2c.o(i.I2C_AcknowledgeConfig)
    i.I2C_BufferRead                         0x080014a4   Section        0  i2c.o(i.I2C_BufferRead)
    i.I2C_ByteWrite                          0x08001658   Section        0  i2c.o(i.I2C_ByteWrite)
    i.I2C_CheckEvent                         0x08001744   Section        0  stm32f10x_i2c.o(i.I2C_CheckEvent)
    i.I2C_Cmd                                0x0800176e   Section        0  stm32f10x_i2c.o(i.I2C_Cmd)
    i.I2C_GenerateSTART                      0x08001786   Section        0  stm32f10x_i2c.o(i.I2C_GenerateSTART)
    i.I2C_GenerateSTOP                       0x0800179e   Section        0  stm32f10x_i2c.o(i.I2C_GenerateSTOP)
    i.I2C_GetFlagStatus                      0x080017b6   Section        0  stm32f10x_i2c.o(i.I2C_GetFlagStatus)
    i.I2C_Init                               0x080017f0   Section        0  stm32f10x_i2c.o(i.I2C_Init)
    i.I2C_ReceiveData                        0x080018dc   Section        0  stm32f10x_i2c.o(i.I2C_ReceiveData)
    i.I2C_Send7bitAddress                    0x080018e4   Section        0  stm32f10x_i2c.o(i.I2C_Send7bitAddress)
    i.I2C_SendData                           0x080018f6   Section        0  stm32f10x_i2c.o(i.I2C_SendData)
    i.I2C_TIMEOUT_UserCallback               0x080018fc   Section        0  i2c.o(i.I2C_TIMEOUT_UserCallback)
    I2C_TIMEOUT_UserCallback                 0x080018fd   Thumb Code    16  i2c.o(i.I2C_TIMEOUT_UserCallback)
    i.MotorInit                              0x08001934   Section        0  motor.o(i.MotorInit)
    i.Mpu6050_GetYAngle                      0x080019e8   Section        0  mpu6050.o(i.Mpu6050_GetYAngle)
    i.Mpu6050_Init                           0x080019f8   Section        0  mpu6050.o(i.Mpu6050_Init)
    i.Mpu6050_ReadAngles                     0x08001aa0   Section        0  mpu6050.o(i.Mpu6050_ReadAngles)
    i.RCC_APB1PeriphClockCmd                 0x08001e10   Section        0  stm32f10x_rcc.o(i.RCC_APB1PeriphClockCmd)
    i.RCC_APB2PeriphClockCmd                 0x08001e30   Section        0  stm32f10x_rcc.o(i.RCC_APB2PeriphClockCmd)
    i.RCC_GetClocksFreq                      0x08001e50   Section        0  stm32f10x_rcc.o(i.RCC_GetClocksFreq)
    i.SetSysClock                            0x08001f24   Section        0  system_stm32f10x.o(i.SetSysClock)
    SetSysClock                              0x08001f25   Thumb Code     8  system_stm32f10x.o(i.SetSysClock)
    i.SetSysClockTo72                        0x08001f2c   Section        0  system_stm32f10x.o(i.SetSysClockTo72)
    SetSysClockTo72                          0x08001f2d   Thumb Code   214  system_stm32f10x.o(i.SetSysClockTo72)
    i.SysInit                                0x0800200c   Section        0  system.o(i.SysInit)
    i.SysRun                                 0x08002030   Section        0  system.o(i.SysRun)
    i.SystemInit                             0x08002054   Section        0  system_stm32f10x.o(i.SystemInit)
    i.SystickMillis                          0x080020b4   Section        0  motor.o(i.SystickMillis)
    i.TIM4_IRQHandler                        0x080020c0   Section        0  motor.o(i.TIM4_IRQHandler)
    i.TIM_ClearFlag                          0x08002210   Section        0  stm32f10x_tim.o(i.TIM_ClearFlag)
    i.TIM_ClearITPendingBit                  0x08002216   Section        0  stm32f10x_tim.o(i.TIM_ClearITPendingBit)
    i.TIM_Cmd                                0x0800221c   Section        0  stm32f10x_tim.o(i.TIM_Cmd)
    i.TIM_GetITStatus                        0x08002234   Section        0  stm32f10x_tim.o(i.TIM_GetITStatus)
    i.TIM_ITConfig                           0x08002256   Section        0  stm32f10x_tim.o(i.TIM_ITConfig)
    i.TIM_TimeBaseInit                       0x08002268   Section        0  stm32f10x_tim.o(i.TIM_TimeBaseInit)
    i.USART1_IRQHandler                      0x0800230c   Section        0  usart_lib.o(i.USART1_IRQHandler)
    i.USART_ClearFlag                        0x0800237c   Section        0  stm32f10x_usart.o(i.USART_ClearFlag)
    i.USART_ClearITPendingBit                0x0800238e   Section        0  stm32f10x_usart.o(i.USART_ClearITPendingBit)
    i.USART_Cmd                              0x080023ac   Section        0  stm32f10x_usart.o(i.USART_Cmd)
    i.USART_GetFlagStatus                    0x080023c4   Section        0  stm32f10x_usart.o(i.USART_GetFlagStatus)
    i.USART_ITConfig                         0x080023de   Section        0  stm32f10x_usart.o(i.USART_ITConfig)
    i.USART_Init                             0x08002428   Section        0  stm32f10x_usart.o(i.USART_Init)
    i.USART_ReceiveData                      0x08002500   Section        0  stm32f10x_usart.o(i.USART_ReceiveData)
    i.USART_SendData                         0x0800250a   Section        0  stm32f10x_usart.o(i.USART_SendData)
    i.UsartLib_Init                          0x08002514   Section        0  usart_lib.o(i.UsartLib_Init)
    i.UsartLib_SendChar                      0x080025d0   Section        0  usart_lib.o(i.UsartLib_SendChar)
    i.__ARM_fpclassify                       0x080025f0   Section        0  fpclassify.o(i.__ARM_fpclassify)
    i.__kernel_poly                          0x08002618   Section        0  poly.o(i.__kernel_poly)
    i.__mathlib_dbl_divzero                  0x080026c4   Section        0  dunder.o(i.__mathlib_dbl_divzero)
    i.__mathlib_dbl_infnan                   0x080026d4   Section        0  dunder.o(i.__mathlib_dbl_infnan)
    i.__mathlib_dbl_infnan2                  0x080026da   Section        0  dunder.o(i.__mathlib_dbl_infnan2)
    i.__mathlib_dbl_invalid                  0x080026de   Section        0  dunder.o(i.__mathlib_dbl_invalid)
    i.__mathlib_dbl_overflow                 0x080026ea   Section        0  dunder.o(i.__mathlib_dbl_overflow)
    i.__mathlib_dbl_underflow                0x080026f8   Section        0  dunder.o(i.__mathlib_dbl_underflow)
    i.atan                                   0x08002708   Section        0  atan.o(i.atan)
    i.fputc                                  0x08002928   Section        0  usart_lib.o(i.fputc)
    i.main                                   0x08002938   Section        0  main.o(i.main)
    i.pow                                    0x08002944   Section        0  pow.o(i.pow)
    i.sqrt                                   0x0800331c   Section        0  sqrt.o(i.sqrt)
    locale$$code                             0x08003368   Section       44  lc_numeric_c.o(locale$$code)
    x$fpl$dadd                               0x08003394   Section      336  daddsub_clz.o(x$fpl$dadd)
    _dadd1                                   0x080033a5   Thumb Code     0  daddsub_clz.o(x$fpl$dadd)
    x$fpl$dcheck1                            0x080034e4   Section       16  dcheck1.o(x$fpl$dcheck1)
    x$fpl$dcmpinf                            0x080034f4   Section       24  dcmpi.o(x$fpl$dcmpinf)
    x$fpl$ddiv                               0x0800350c   Section      688  ddiv.o(x$fpl$ddiv)
    ddiv_entry                               0x08003513   Thumb Code     0  ddiv.o(x$fpl$ddiv)
    x$fpl$dflt                               0x080037bc   Section       46  dflt_clz.o(x$fpl$dflt)
    x$fpl$dfltu                              0x080037ea   Section       38  dflt_clz.o(x$fpl$dfltu)
    x$fpl$dleqf                              0x08003810   Section      120  dleqf.o(x$fpl$dleqf)
    x$fpl$dmul                               0x08003888   Section      340  dmul.o(x$fpl$dmul)
    x$fpl$dnaninf                            0x080039dc   Section      156  dnaninf.o(x$fpl$dnaninf)
    x$fpl$dretinf                            0x08003a78   Section       12  dretinf.o(x$fpl$dretinf)
    x$fpl$drleqf                             0x08003a84   Section      108  drleqf.o(x$fpl$drleqf)
    x$fpl$drsb                               0x08003af0   Section       22  daddsub_clz.o(x$fpl$drsb)
    x$fpl$dsqrt                              0x08003b08   Section      460  dsqrt_noumaal.o(x$fpl$dsqrt)
    x$fpl$dsub                               0x08003cd4   Section      468  daddsub_clz.o(x$fpl$dsub)
    _dsub1                                   0x08003ce5   Thumb Code     0  daddsub_clz.o(x$fpl$dsub)
    x$fpl$printf1                            0x08003ea8   Section        4  printf1.o(x$fpl$printf1)
    x$fpl$retnan                             0x08003eac   Section      100  retnan.o(x$fpl$retnan)
    x$fpl$scalbn                             0x08003f10   Section       92  scalbn.o(x$fpl$scalbn)
    x$fpl$trapveneer                         0x08003f6c   Section       48  trapv.o(x$fpl$trapveneer)
    x$fpl$usenofp                            0x08003f9c   Section        0  usenofp.o(x$fpl$usenofp)
    .constdata                               0x08003fa0   Section      152  atan.o(.constdata)
    atanhi                                   0x08003fa0   Data          32  atan.o(.constdata)
    atanlo                                   0x08003fc0   Data          32  atan.o(.constdata)
    aTodd                                    0x08003fe0   Data          40  atan.o(.constdata)
    aTeven                                   0x08004008   Data          48  atan.o(.constdata)
    .constdata                               0x08004038   Section      136  pow.o(.constdata)
    bp                                       0x08004038   Data          16  pow.o(.constdata)
    dp_h                                     0x08004048   Data          16  pow.o(.constdata)
    dp_l                                     0x08004058   Data          16  pow.o(.constdata)
    L                                        0x08004068   Data          48  pow.o(.constdata)
    P                                        0x08004098   Data          40  pow.o(.constdata)
    .constdata                               0x080040c0   Section        8  qnan.o(.constdata)
    .constdata                               0x080040c8   Section      148  bigflt0.o(.constdata)
    tenpwrs_x                                0x080040c8   Data          60  bigflt0.o(.constdata)
    tenpwrs_i                                0x08004104   Data          64  bigflt0.o(.constdata)
    locale$$data                             0x0800417c   Section       28  lc_numeric_c.o(locale$$data)
    __lcnum_c_name                           0x08004180   Data           2  lc_numeric_c.o(locale$$data)
    __lcnum_c_start                          0x08004188   Data           0  lc_numeric_c.o(locale$$data)
    __lcnum_c_point                          0x08004194   Data           0  lc_numeric_c.o(locale$$data)
    __lcnum_c_thousands                      0x08004196   Data           0  lc_numeric_c.o(locale$$data)
    __lcnum_c_grouping                       0x08004197   Data           0  lc_numeric_c.o(locale$$data)
    __lcnum_c_end                            0x08004198   Data           0  lc_numeric_c.o(locale$$data)
    .data                                    0x20000000   Section        8  i2c.o(.data)
    I2CTimeout                               0x20000004   Data           4  i2c.o(.data)
    .data                                    0x20000008   Section       48  motor.o(.data)
    .data                                    0x20000038   Section      104  mpu6050.o(.data)
    .data                                    0x200000a0   Section       96  system.o(.data)
    .data                                    0x20000100   Section       16  usart_lib.o(.data)
    .data                                    0x20000110   Section       20  stm32f10x_rcc.o(.data)
    APBAHBPrescTable                         0x20000110   Data          16  stm32f10x_rcc.o(.data)
    ADCPrescTable                            0x20000120   Data           4  stm32f10x_rcc.o(.data)
    .bss                                     0x20000124   Section      100  usart_lib.o(.bss)
    .bss                                     0x20000188   Section       96  libspace.o(.bss)
    HEAP                                     0x200001e8   Section      512  startup_stm32f10x_md.o(HEAP)
    Heap_Mem                                 0x200001e8   Data         512  startup_stm32f10x_md.o(HEAP)
    STACK                                    0x200003e8   Section     1024  startup_stm32f10x_md.o(STACK)
    Stack_Mem                                0x200003e8   Data        1024  startup_stm32f10x_md.o(STACK)
    __initial_sp                             0x200007e8   Data           0  startup_stm32f10x_md.o(STACK)

    Global Symbols

    Symbol Name                              Value     Ov Type        Size  Object(Section)

    BuildAttributes$$THM_ISAv4$P$D$K$B$S$PE$A:L22UL41UL21$X:L11$S22US41US21$IEEE1$IW$USESV6$~STKCKD$USESV7$~SHL$OTIME$ROPI$IEEEX$EBA8$UX$STANDARDLIB$REQ8$PRES8$EABIv2 0x00000000   Number         0  anon$$obj.o ABSOLUTE
    __ARM_use_no_argv                        0x00000000   Number         0  main.o ABSOLUTE
    _printf_flags                            0x00000000   Number         0  printf_stubs.o ABSOLUTE
    _printf_return_value                     0x00000000   Number         0  printf_stubs.o ABSOLUTE
    _printf_sizespec                         0x00000000   Number         0  printf_stubs.o ABSOLUTE
    _printf_widthprec                        0x00000000   Number         0  printf_stubs.o ABSOLUTE
    __ARM_exceptions_init                     - Undefined Weak Reference
    __alloca_initialize                       - Undefined Weak Reference
    __arm_preinit_                            - Undefined Weak Reference
    __cpp_initialize__aeabi_                  - Undefined Weak Reference
    __cxa_finalize                            - Undefined Weak Reference
    __sigvec_lookup                           - Undefined Weak Reference
    _atexit_init                              - Undefined Weak Reference
    _call_atexit_fns                          - Undefined Weak Reference
    _clock_init                               - Undefined Weak Reference
    _fp_trap_init                             - Undefined Weak Reference
    _fp_trap_shutdown                         - Undefined Weak Reference
    _get_lc_collate                           - Undefined Weak Reference
    _get_lc_ctype                             - Undefined Weak Reference
    _get_lc_monetary                          - Undefined Weak Reference
    _get_lc_time                              - Undefined Weak Reference
    _getenv_init                              - Undefined Weak Reference
    _handle_redirection                       - Undefined Weak Reference
    _init_alloc                               - Undefined Weak Reference
    _init_user_alloc                          - Undefined Weak Reference
    _initio                                   - Undefined Weak Reference
    _mutex_acquire                            - Undefined Weak Reference
    _mutex_release                            - Undefined Weak Reference
    _printf_post_padding                      - Undefined Weak Reference
    _printf_pre_padding                       - Undefined Weak Reference
    _printf_truncate_signed                   - Undefined Weak Reference
    _printf_truncate_unsigned                 - Undefined Weak Reference
    _rand_init                                - Undefined Weak Reference
    _signal_finish                            - Undefined Weak Reference
    _signal_init                              - Undefined Weak Reference
    _terminate_alloc                          - Undefined Weak Reference
    _terminate_user_alloc                     - Undefined Weak Reference
    _terminateio                              - Undefined Weak Reference
    __Vectors_Size                           0x000000ec   Number         0  startup_stm32f10x_md.o ABSOLUTE
    __Vectors                                0x08000000   Data           4  startup_stm32f10x_md.o(RESET)
    __Vectors_End                            0x080000ec   Data           0  startup_stm32f10x_md.o(RESET)
    __main                                   0x080000ed   Thumb Code     8  __main.o(!!!main)
    __scatterload                            0x080000f5   Thumb Code     0  __scatter.o(!!!scatter)
    __scatterload_rt2                        0x080000f5   Thumb Code    44  __scatter.o(!!!scatter)
    __scatterload_rt2_thumb_only             0x080000f5   Thumb Code     0  __scatter.o(!!!scatter)
    __scatterload_null                       0x08000103   Thumb Code     0  __scatter.o(!!!scatter)
    __scatterload_copy                       0x08000129   Thumb Code    26  __scatter_copy.o(!!handler_copy)
    __scatterload_zeroinit                   0x08000145   Thumb Code    28  __scatter_zi.o(!!handler_zi)
    _printf_f                                0x08000161   Thumb Code     0  _printf_f.o(.ARM.Collect$$_printf_percent$$00000003)
    _printf_percent                          0x08000161   Thumb Code     0  _printf_percent.o(.ARM.Collect$$_printf_percent$$00000000)
    _printf_d                                0x08000167   Thumb Code     0  _printf_d.o(.ARM.Collect$$_printf_percent$$00000009)
    _printf_percent_end                      0x0800016d   Thumb Code     0  _printf_percent_end.o(.ARM.Collect$$_printf_percent$$00000017)
    __rt_lib_init                            0x08000171   Thumb Code     0  libinit.o(.ARM.Collect$$libinit$$00000000)
    __rt_lib_init_fp_1                       0x08000173   Thumb Code     0  libinit2.o(.ARM.Collect$$libinit$$00000002)
    __rt_lib_init_heap_1                     0x08000173   Thumb Code     0  libinit2.o(.ARM.Collect$$libinit$$0000000A)
    __rt_lib_init_lc_common                  0x08000173   Thumb Code     0  libinit2.o(.ARM.Collect$$libinit$$0000000F)
    __rt_lib_init_preinit_1                  0x08000173   Thumb Code     0  libinit2.o(.ARM.Collect$$libinit$$00000004)
    __rt_lib_init_rand_1                     0x08000173   Thumb Code     0  libinit2.o(.ARM.Collect$$libinit$$0000000E)
    __rt_lib_init_user_alloc_1               0x08000173   Thumb Code     0  libinit2.o(.ARM.Collect$$libinit$$0000000C)
    __rt_lib_init_lc_collate_1               0x08000179   Thumb Code     0  libinit2.o(.ARM.Collect$$libinit$$00000011)
    __rt_lib_init_lc_ctype_1                 0x08000179   Thumb Code     0  libinit2.o(.ARM.Collect$$libinit$$00000013)
    __rt_lib_init_lc_monetary_1              0x08000179   Thumb Code     0  libinit2.o(.ARM.Collect$$libinit$$00000015)
    __rt_lib_init_lc_numeric_2               0x08000179   Thumb Code     0  libinit2.o(.ARM.Collect$$libinit$$00000016)
    __rt_lib_init_alloca_1                   0x08000183   Thumb Code     0  libinit2.o(.ARM.Collect$$libinit$$0000002E)
    __rt_lib_init_argv_1                     0x08000183   Thumb Code     0  libinit2.o(.ARM.Collect$$libinit$$0000002C)
    __rt_lib_init_atexit_1                   0x08000183   Thumb Code     0  libinit2.o(.ARM.Collect$$libinit$$0000001B)
    __rt_lib_init_clock_1                    0x08000183   Thumb Code     0  libinit2.o(.ARM.Collect$$libinit$$00000021)
    __rt_lib_init_cpp_1                      0x08000183   Thumb Code     0  libinit2.o(.ARM.Collect$$libinit$$00000032)
    __rt_lib_init_exceptions_1               0x08000183   Thumb Code     0  libinit2.o(.ARM.Collect$$libinit$$00000030)
    __rt_lib_init_fp_trap_1                  0x08000183   Thumb Code     0  libinit2.o(.ARM.Collect$$libinit$$0000001F)
    __rt_lib_init_getenv_1                   0x08000183   Thumb Code     0  libinit2.o(.ARM.Collect$$libinit$$00000023)
    __rt_lib_init_lc_numeric_1               0x08000183   Thumb Code     0  libinit2.o(.ARM.Collect$$libinit$$00000017)
    __rt_lib_init_lc_time_1                  0x08000183   Thumb Code     0  libinit2.o(.ARM.Collect$$libinit$$00000019)
    __rt_lib_init_return                     0x08000183   Thumb Code     0  libinit2.o(.ARM.Collect$$libinit$$00000033)
    __rt_lib_init_signal_1                   0x08000183   Thumb Code     0  libinit2.o(.ARM.Collect$$libinit$$0000001D)
    __rt_lib_init_stdio_1                    0x08000183   Thumb Code     0  libinit2.o(.ARM.Collect$$libinit$$00000025)
    __rt_lib_shutdown                        0x08000185   Thumb Code     0  libshutdown.o(.ARM.Collect$$libshutdown$$00000000)
    __rt_lib_shutdown_cpp_1                  0x08000187   Thumb Code     0  libshutdown2.o(.ARM.Collect$$libshutdown$$00000002)
    __rt_lib_shutdown_fp_trap_1              0x08000187   Thumb Code     0  libshutdown2.o(.ARM.Collect$$libshutdown$$00000007)
    __rt_lib_shutdown_heap_1                 0x08000187   Thumb Code     0  libshutdown2.o(.ARM.Collect$$libshutdown$$0000000F)
    __rt_lib_shutdown_return                 0x08000187   Thumb Code     0  libshutdown2.o(.ARM.Collect$$libshutdown$$00000010)
    __rt_lib_shutdown_signal_1               0x08000187   Thumb Code     0  libshutdown2.o(.ARM.Collect$$libshutdown$$0000000A)
    __rt_lib_shutdown_stdio_1                0x08000187   Thumb Code     0  libshutdown2.o(.ARM.Collect$$libshutdown$$00000004)
    __rt_lib_shutdown_user_alloc_1           0x08000187   Thumb Code     0  libshutdown2.o(.ARM.Collect$$libshutdown$$0000000C)
    __rt_entry                               0x08000189   Thumb Code     0  __rtentry.o(.ARM.Collect$$rtentry$$00000000)
    __rt_entry_presh_1                       0x08000189   Thumb Code     0  __rtentry2.o(.ARM.Collect$$rtentry$$00000002)
    __rt_entry_sh                            0x08000189   Thumb Code     0  __rtentry4.o(.ARM.Collect$$rtentry$$00000004)
    __rt_entry_li                            0x0800018f   Thumb Code     0  __rtentry2.o(.ARM.Collect$$rtentry$$0000000A)
    __rt_entry_postsh_1                      0x0800018f   Thumb Code     0  __rtentry2.o(.ARM.Collect$$rtentry$$00000009)
    __rt_entry_main                          0x08000193   Thumb Code     0  __rtentry2.o(.ARM.Collect$$rtentry$$0000000D)
    __rt_entry_postli_1                      0x08000193   Thumb Code     0  __rtentry2.o(.ARM.Collect$$rtentry$$0000000C)
    __rt_exit                                0x0800019b   Thumb Code     0  rtexit.o(.ARM.Collect$$rtexit$$00000000)
    __rt_exit_ls                             0x0800019d   Thumb Code     0  rtexit2.o(.ARM.Collect$$rtexit$$00000003)
    __rt_exit_prels_1                        0x0800019d   Thumb Code     0  rtexit2.o(.ARM.Collect$$rtexit$$00000002)
    __rt_exit_exit                           0x080001a1   Thumb Code     0  rtexit2.o(.ARM.Collect$$rtexit$$00000004)
    Reset_Handler                            0x080001a9   Thumb Code     8  startup_stm32f10x_md.o(.text)
    NMI_Handler                              0x080001b1   Thumb Code     2  startup_stm32f10x_md.o(.text)
    HardFault_Handler                        0x080001b3   Thumb Code     2  startup_stm32f10x_md.o(.text)
    MemManage_Handler                        0x080001b5   Thumb Code     2  startup_stm32f10x_md.o(.text)
    BusFault_Handler                         0x080001b7   Thumb Code     2  startup_stm32f10x_md.o(.text)
    UsageFault_Handler                       0x080001b9   Thumb Code     2  startup_stm32f10x_md.o(.text)
    SVC_Handler                              0x080001bb   Thumb Code     2  startup_stm32f10x_md.o(.text)
    DebugMon_Handler                         0x080001bd   Thumb Code     2  startup_stm32f10x_md.o(.text)
    PendSV_Handler                           0x080001bf   Thumb Code     2  startup_stm32f10x_md.o(.text)
    SysTick_Handler                          0x080001c1   Thumb Code     2  startup_stm32f10x_md.o(.text)
    ADC1_2_IRQHandler                        0x080001c3   Thumb Code     0  startup_stm32f10x_md.o(.text)
    CAN1_RX1_IRQHandler                      0x080001c3   Thumb Code     0  startup_stm32f10x_md.o(.text)
    CAN1_SCE_IRQHandler                      0x080001c3   Thumb Code     0  startup_stm32f10x_md.o(.text)
    DMA1_Channel1_IRQHandler                 0x080001c3   Thumb Code     0  startup_stm32f10x_md.o(.text)
    DMA1_Channel2_IRQHandler                 0x080001c3   Thumb Code     0  startup_stm32f10x_md.o(.text)
    DMA1_Channel3_IRQHandler                 0x080001c3   Thumb Code     0  startup_stm32f10x_md.o(.text)
    DMA1_Channel4_IRQHandler                 0x080001c3   Thumb Code     0  startup_stm32f10x_md.o(.text)
    DMA1_Channel5_IRQHandler                 0x080001c3   Thumb Code     0  startup_stm32f10x_md.o(.text)
    DMA1_Channel6_IRQHandler                 0x080001c3   Thumb Code     0  startup_stm32f10x_md.o(.text)
    DMA1_Channel7_IRQHandler                 0x080001c3   Thumb Code     0  startup_stm32f10x_md.o(.text)
    EXTI0_IRQHandler                         0x080001c3   Thumb Code     0  startup_stm32f10x_md.o(.text)
    EXTI15_10_IRQHandler                     0x080001c3   Thumb Code     0  startup_stm32f10x_md.o(.text)
    EXTI1_IRQHandler                         0x080001c3   Thumb Code     0  startup_stm32f10x_md.o(.text)
    EXTI2_IRQHandler                         0x080001c3   Thumb Code     0  startup_stm32f10x_md.o(.text)
    EXTI3_IRQHandler                         0x080001c3   Thumb Code     0  startup_stm32f10x_md.o(.text)
    EXTI4_IRQHandler                         0x080001c3   Thumb Code     0  startup_stm32f10x_md.o(.text)
    EXTI9_5_IRQHandler                       0x080001c3   Thumb Code     0  startup_stm32f10x_md.o(.text)
    FLASH_IRQHandler                         0x080001c3   Thumb Code     0  startup_stm32f10x_md.o(.text)
    I2C1_ER_IRQHandler                       0x080001c3   Thumb Code     0  startup_stm32f10x_md.o(.text)
    I2C1_EV_IRQHandler                       0x080001c3   Thumb Code     0  startup_stm32f10x_md.o(.text)
    I2C2_ER_IRQHandler                       0x080001c3   Thumb Code     0  startup_stm32f10x_md.o(.text)
    I2C2_EV_IRQHandler                       0x080001c3   Thumb Code     0  startup_stm32f10x_md.o(.text)
    PVD_IRQHandler                           0x080001c3   Thumb Code     0  startup_stm32f10x_md.o(.text)
    RCC_IRQHandler                           0x080001c3   Thumb Code     0  startup_stm32f10x_md.o(.text)
    RTCAlarm_IRQHandler                      0x080001c3   Thumb Code     0  startup_stm32f10x_md.o(.text)
    RTC_IRQHandler                           0x080001c3   Thumb Code     0  startup_stm32f10x_md.o(.text)
    SPI1_IRQHandler                          0x080001c3   Thumb Code     0  startup_stm32f10x_md.o(.text)
    SPI2_IRQHandler                          0x080001c3   Thumb Code     0  startup_stm32f10x_md.o(.text)
    TAMPER_IRQHandler                        0x080001c3   Thumb Code     0  startup_stm32f10x_md.o(.text)
    TIM1_BRK_IRQHandler                      0x080001c3   Thumb Code     0  startup_stm32f10x_md.o(.text)
    TIM1_CC_IRQHandler                       0x080001c3   Thumb Code     0  startup_stm32f10x_md.o(.text)
    TIM1_TRG_COM_IRQHandler                  0x080001c3   Thumb Code     0  startup_stm32f10x_md.o(.text)
    TIM1_UP_IRQHandler                       0x080001c3   Thumb Code     0  startup_stm32f10x_md.o(.text)
    TIM2_IRQHandler                          0x080001c3   Thumb Code     0  startup_stm32f10x_md.o(.text)
    TIM3_IRQHandler                          0x080001c3   Thumb Code     0  startup_stm32f10x_md.o(.text)
    USART2_IRQHandler                        0x080001c3   Thumb Code     0  startup_stm32f10x_md.o(.text)
    USART3_IRQHandler                        0x080001c3   Thumb Code     0  startup_stm32f10x_md.o(.text)
    USBWakeUp_IRQHandler                     0x080001c3   Thumb Code     0  startup_stm32f10x_md.o(.text)
    USB_HP_CAN1_TX_IRQHandler                0x080001c3   Thumb Code     0  startup_stm32f10x_md.o(.text)
    USB_LP_CAN1_RX0_IRQHandler               0x080001c3   Thumb Code     0  startup_stm32f10x_md.o(.text)
    WWDG_IRQHandler                          0x080001c3   Thumb Code     0  startup_stm32f10x_md.o(.text)
    __user_initial_stackheap                 0x080001c5   Thumb Code     0  startup_stm32f10x_md.o(.text)
    __2printf                                0x080001e9   Thumb Code    20  noretval__2printf.o(.text)
    _printf_int_dec                          0x08000201   Thumb Code   104  _printf_dec.o(.text)
    __printf                                 0x08000279   Thumb Code   184  __printf_ss.o(.text)
    __use_two_region_memory                  0x08000331   Thumb Code     2  heapauxi.o(.text)
    __rt_heap_escrow$2region                 0x08000333   Thumb Code     2  heapauxi.o(.text)
    __rt_heap_expand$2region                 0x08000335   Thumb Code     2  heapauxi.o(.text)
    __read_errno                             0x08000337   Thumb Code    10  _rserrno.o(.text)
    __set_errno                              0x08000341   Thumb Code    12  _rserrno.o(.text)
    _printf_int_common                       0x0800034d   Thumb Code   178  _printf_intcommon.o(.text)
    __lib_sel_fp_printf                      0x080003ff   Thumb Code     2  _printf_fp_dec.o(.text)
    _printf_fp_dec_real                      0x080005b1   Thumb Code   620  _printf_fp_dec.o(.text)
    _printf_char_common                      0x08000827   Thumb Code    32  _printf_char_common.o(.text)
    _printf_char_file                        0x0800084d   Thumb Code    32  _printf_char_file.o(.text)
    __rt_locale                              0x08000871   Thumb Code     8  rt_locale_intlibspace.o(.text)
    __aeabi_errno_addr                       0x08000879   Thumb Code     8  rt_errno_addr_intlibspace.o(.text)
    __errno$intlibspace                      0x08000879   Thumb Code     0  rt_errno_addr_intlibspace.o(.text)
    __rt_errno_addr$intlibspace              0x08000879   Thumb Code     0  rt_errno_addr_intlibspace.o(.text)
    _ll_udiv10                               0x08000881   Thumb Code   138  lludiv10.o(.text)
    _printf_fp_infnan                        0x0800090d   Thumb Code   112  _printf_fp_infnan.o(.text)
    _btod_etento                             0x0800098d   Thumb Code   224  bigflt0.o(.text)
    ferror                                   0x08000a71   Thumb Code     8  ferror.o(.text)
    __user_libspace                          0x08000a79   Thumb Code     8  libspace.o(.text)
    __user_perproc_libspace                  0x08000a79   Thumb Code     0  libspace.o(.text)
    __user_perthread_libspace                0x08000a79   Thumb Code     0  libspace.o(.text)
    __user_setup_stackheap                   0x08000a81   Thumb Code    74  sys_stackheap_outer.o(.text)
    exit                                     0x08000acb   Thumb Code    18  exit.o(.text)
    strcmp                                   0x08000add   Thumb Code   128  strcmpv7m.o(.text)
    _sys_exit                                0x08000b5d   Thumb Code     8  sys_exit.o(.text)
    __I$use$semihosting                      0x08000b69   Thumb Code     0  use_no_semi.o(.text)
    __use_no_semihosting_swi                 0x08000b69   Thumb Code     2  use_no_semi.o(.text)
    __semihosting_library_function           0x08000b6b   Thumb Code     0  indicate_semi.o(.text)
    _btod_d2e                                0x08000b6b   Thumb Code    62  btod.o(CL$$btod_d2e)
    _d2e_denorm_low                          0x08000ba9   Thumb Code    70  btod.o(CL$$btod_d2e_denorm_low)
    _d2e_norm_op1                            0x08000bef   Thumb Code    96  btod.o(CL$$btod_d2e_norm_op1)
    __btod_div_common                        0x08000c4f   Thumb Code   696  btod.o(CL$$btod_div_common)
    _e2e                                     0x08000f87   Thumb Code   220  btod.o(CL$$btod_e2e)
    _btod_ediv                               0x08001063   Thumb Code    42  btod.o(CL$$btod_ediv)
    _btod_emul                               0x0800108d   Thumb Code    42  btod.o(CL$$btod_emul)
    __btod_mult_common                       0x080010b7   Thumb Code   580  btod.o(CL$$btod_mult_common)
    GPIO_Init                                0x080012fb   Thumb Code   278  stm32f10x_gpio.o(i.GPIO_Init)
    GPIO_ResetBits                           0x08001411   Thumb Code     4  stm32f10x_gpio.o(i.GPIO_ResetBits)
    GPIO_WriteBit                            0x08001415   Thumb Code    10  stm32f10x_gpio.o(i.GPIO_WriteBit)
    I2C1_Init                                0x08001421   Thumb Code    96  i2c.o(i.I2C1_Init)
    I2C_AcknowledgeConfig                    0x0800148d   Thumb Code    24  stm32f10x_i2c.o(i.I2C_AcknowledgeConfig)
    I2C_BufferRead                           0x080014a5   Thumb Code   420  i2c.o(i.I2C_BufferRead)
    I2C_ByteWrite                            0x08001659   Thumb Code   218  i2c.o(i.I2C_ByteWrite)
    I2C_CheckEvent                           0x08001745   Thumb Code    42  stm32f10x_i2c.o(i.I2C_CheckEvent)
    I2C_Cmd                                  0x0800176f   Thumb Code    24  stm32f10x_i2c.o(i.I2C_Cmd)
    I2C_GenerateSTART                        0x08001787   Thumb Code    24  stm32f10x_i2c.o(i.I2C_GenerateSTART)
    I2C_GenerateSTOP                         0x0800179f   Thumb Code    24  stm32f10x_i2c.o(i.I2C_GenerateSTOP)
    I2C_GetFlagStatus                        0x080017b7   Thumb Code    58  stm32f10x_i2c.o(i.I2C_GetFlagStatus)
    I2C_Init                                 0x080017f1   Thumb Code   222  stm32f10x_i2c.o(i.I2C_Init)
    I2C_ReceiveData                          0x080018dd   Thumb Code     8  stm32f10x_i2c.o(i.I2C_ReceiveData)
    I2C_Send7bitAddress                      0x080018e5   Thumb Code    18  stm32f10x_i2c.o(i.I2C_Send7bitAddress)
    I2C_SendData                             0x080018f7   Thumb Code     4  stm32f10x_i2c.o(i.I2C_SendData)
    MotorInit                                0x08001935   Thumb Code   172  motor.o(i.MotorInit)
    Mpu6050_GetYAngle                        0x080019e9   Thumb Code    12  mpu6050.o(i.Mpu6050_GetYAngle)
    Mpu6050_Init                             0x080019f9   Thumb Code   126  mpu6050.o(i.Mpu6050_Init)
    Mpu6050_ReadAngles                       0x08001aa1   Thumb Code   778  mpu6050.o(i.Mpu6050_ReadAngles)
    RCC_APB1PeriphClockCmd                   0x08001e11   Thumb Code    26  stm32f10x_rcc.o(i.RCC_APB1PeriphClockCmd)
    RCC_APB2PeriphClockCmd                   0x08001e31   Thumb Code    26  stm32f10x_rcc.o(i.RCC_APB2PeriphClockCmd)
    RCC_GetClocksFreq                        0x08001e51   Thumb Code   192  stm32f10x_rcc.o(i.RCC_GetClocksFreq)
    SysInit                                  0x0800200d   Thumb Code    30  system.o(i.SysInit)
    SysRun                                   0x08002031   Thumb Code    22  system.o(i.SysRun)
    SystemInit                               0x08002055   Thumb Code    78  system_stm32f10x.o(i.SystemInit)
    SystickMillis                            0x080020b5   Thumb Code     6  motor.o(i.SystickMillis)
    TIM4_IRQHandler                          0x080020c1   Thumb Code   278  motor.o(i.TIM4_IRQHandler)
    TIM_ClearFlag                            0x08002211   Thumb Code     6  stm32f10x_tim.o(i.TIM_ClearFlag)
    TIM_ClearITPendingBit                    0x08002217   Thumb Code     6  stm32f10x_tim.o(i.TIM_ClearITPendingBit)
    TIM_Cmd                                  0x0800221d   Thumb Code    24  stm32f10x_tim.o(i.TIM_Cmd)
    TIM_GetITStatus                          0x08002235   Thumb Code    34  stm32f10x_tim.o(i.TIM_GetITStatus)
    TIM_ITConfig                             0x08002257   Thumb Code    18  stm32f10x_tim.o(i.TIM_ITConfig)
    TIM_TimeBaseInit                         0x08002269   Thumb Code   122  stm32f10x_tim.o(i.TIM_TimeBaseInit)
    USART1_IRQHandler                        0x0800230d   Thumb Code    92  usart_lib.o(i.USART1_IRQHandler)
    USART_ClearFlag                          0x0800237d   Thumb Code    18  stm32f10x_usart.o(i.USART_ClearFlag)
    USART_ClearITPendingBit                  0x0800238f   Thumb Code    30  stm32f10x_usart.o(i.USART_ClearITPendingBit)
    USART_Cmd                                0x080023ad   Thumb Code    24  stm32f10x_usart.o(i.USART_Cmd)
    USART_GetFlagStatus                      0x080023c5   Thumb Code    26  stm32f10x_usart.o(i.USART_GetFlagStatus)
    USART_ITConfig                           0x080023df   Thumb Code    74  stm32f10x_usart.o(i.USART_ITConfig)
    USART_Init                               0x08002429   Thumb Code   210  stm32f10x_usart.o(i.USART_Init)
    USART_ReceiveData                        0x08002501   Thumb Code    10  stm32f10x_usart.o(i.USART_ReceiveData)
    USART_SendData                           0x0800250b   Thumb Code     8  stm32f10x_usart.o(i.USART_SendData)
    UsartLib_Init                            0x08002515   Thumb Code   180  usart_lib.o(i.UsartLib_Init)
    UsartLib_SendChar                        0x080025d1   Thumb Code    28  usart_lib.o(i.UsartLib_SendChar)
    __ARM_fpclassify                         0x080025f1   Thumb Code    40  fpclassify.o(i.__ARM_fpclassify)
    __kernel_poly                            0x08002619   Thumb Code   170  poly.o(i.__kernel_poly)
    __mathlib_dbl_divzero                    0x080026c5   Thumb Code    12  dunder.o(i.__mathlib_dbl_divzero)
    __mathlib_dbl_infnan                     0x080026d5   Thumb Code     6  dunder.o(i.__mathlib_dbl_infnan)
    __mathlib_dbl_infnan2                    0x080026db   Thumb Code     4  dunder.o(i.__mathlib_dbl_infnan2)
    __mathlib_dbl_invalid                    0x080026df   Thumb Code    12  dunder.o(i.__mathlib_dbl_invalid)
    __mathlib_dbl_overflow                   0x080026eb   Thumb Code    14  dunder.o(i.__mathlib_dbl_overflow)
    __mathlib_dbl_underflow                  0x080026f9   Thumb Code    10  dunder.o(i.__mathlib_dbl_underflow)
    atan                                     0x08002709   Thumb Code   474  atan.o(i.atan)
    fputc                                    0x08002929   Thumb Code    16  usart_lib.o(i.fputc)
    main                                     0x08002939   Thumb Code    12  main.o(i.main)
    pow                                      0x08002945   Thumb Code  2512  pow.o(i.pow)
    sqrt                                     0x0800331d   Thumb Code    76  sqrt.o(i.sqrt)
    _get_lc_numeric                          0x08003369   Thumb Code    44  lc_numeric_c.o(locale$$code)
    __aeabi_dadd                             0x08003395   Thumb Code     0  daddsub_clz.o(x$fpl$dadd)
    _dadd                                    0x08003395   Thumb Code   332  daddsub_clz.o(x$fpl$dadd)
    __fpl_dcheck_NaN1                        0x080034e5   Thumb Code    10  dcheck1.o(x$fpl$dcheck1)
    __fpl_dcmp_Inf                           0x080034f5   Thumb Code    24  dcmpi.o(x$fpl$dcmpinf)
    __aeabi_ddiv                             0x0800350d   Thumb Code     0  ddiv.o(x$fpl$ddiv)
    _ddiv                                    0x0800350d   Thumb Code   552  ddiv.o(x$fpl$ddiv)
    __aeabi_i2d                              0x080037bd   Thumb Code     0  dflt_clz.o(x$fpl$dflt)
    _dflt                                    0x080037bd   Thumb Code    46  dflt_clz.o(x$fpl$dflt)
    __aeabi_ui2d                             0x080037eb   Thumb Code     0  dflt_clz.o(x$fpl$dfltu)
    _dfltu                                   0x080037eb   Thumb Code    38  dflt_clz.o(x$fpl$dfltu)
    __aeabi_cdcmple                          0x08003811   Thumb Code     0  dleqf.o(x$fpl$dleqf)
    _dcmple                                  0x08003811   Thumb Code   120  dleqf.o(x$fpl$dleqf)
    __fpl_dcmple_InfNaN                      0x08003873   Thumb Code     0  dleqf.o(x$fpl$dleqf)
    __aeabi_dmul                             0x08003889   Thumb Code     0  dmul.o(x$fpl$dmul)
    _dmul                                    0x08003889   Thumb Code   332  dmul.o(x$fpl$dmul)
    __fpl_dnaninf                            0x080039dd   Thumb Code   156  dnaninf.o(x$fpl$dnaninf)
    __fpl_dretinf                            0x08003a79   Thumb Code    12  dretinf.o(x$fpl$dretinf)
    __aeabi_cdrcmple                         0x08003a85   Thumb Code     0  drleqf.o(x$fpl$drleqf)
    _drcmple                                 0x08003a85   Thumb Code   108  drleqf.o(x$fpl$drleqf)
    __aeabi_drsub                            0x08003af1   Thumb Code     0  daddsub_clz.o(x$fpl$drsb)
    _drsb                                    0x08003af1   Thumb Code    22  daddsub_clz.o(x$fpl$drsb)
    _dsqrt                                   0x08003b09   Thumb Code   456  dsqrt_noumaal.o(x$fpl$dsqrt)
    __aeabi_dsub                             0x08003cd5   Thumb Code     0  daddsub_clz.o(x$fpl$dsub)
    _dsub                                    0x08003cd5   Thumb Code   464  daddsub_clz.o(x$fpl$dsub)
    _printf_fp_dec                           0x08003ea9   Thumb Code     4  printf1.o(x$fpl$printf1)
    __fpl_return_NaN                         0x08003ead   Thumb Code   100  retnan.o(x$fpl$retnan)
    __ARM_scalbn                             0x08003f11   Thumb Code    92  scalbn.o(x$fpl$scalbn)
    __fpl_cmpreturn                          0x08003f6d   Thumb Code    48  trapv.o(x$fpl$trapveneer)
    __I$use$fp                               0x08003f9c   Number         0  usenofp.o(x$fpl$usenofp)
    __mathlib_zero                           0x080040c0   Data           8  qnan.o(.constdata)
    Region$$Table$$Base                      0x0800415c   Number         0  anon$$obj.o(Region$$Table)
    Region$$Table$$Limit                     0x0800417c   Number         0  anon$$obj.o(Region$$Table)
    EEPROM_ADDRESS                           0x20000000   Data           2  i2c.o(.data)
    Dir_M2                                   0x20000008   Data           1  motor.o(.data)
    Dir_M3                                   0x20000009   Data           1  motor.o(.data)
    Count_TOP2                               0x2000000c   Data           4  motor.o(.data)
    Count_BOT2                               0x20000010   Data           4  motor.o(.data)
    Count_TOP3                               0x20000014   Data           4  motor.o(.data)
    Count_BOT3                               0x20000018   Data           4  motor.o(.data)
    Count_timer2                             0x2000001c   Data           4  motor.o(.data)
    Count_timer3                             0x20000020   Data           4  motor.o(.data)
    Step2                                    0x20000024   Data           4  motor.o(.data)
    Step3                                    0x20000028   Data           4  motor.o(.data)
    blink                                    0x2000002c   Data           4  motor.o(.data)
    Ms_Count                                 0x20000030   Data           4  motor.o(.data)
    u20u_Count                               0x20000034   Data           4  motor.o(.data)
    i2cAddress                               0x20000038   Data           4  mpu6050.o(.data)
    accX                                     0x20000040   Data           8  mpu6050.o(.data)
    accY                                     0x20000048   Data           8  mpu6050.o(.data)
    gyroX                                    0x20000050   Data           8  mpu6050.o(.data)
    gyroY                                    0x20000058   Data           8  mpu6050.o(.data)
    gyroZ                                    0x20000060   Data           8  mpu6050.o(.data)
    gyroXOffset                              0x20000068   Data           8  mpu6050.o(.data)
    gyroYOffset                              0x20000070   Data           8  mpu6050.o(.data)
    gyroZOffset                              0x20000078   Data           8  mpu6050.o(.data)
    xAngle                                   0x20000080   Data           8  mpu6050.o(.data)
    yAngle                                   0x20000088   Data           8  mpu6050.o(.data)
    zAngle                                   0x20000090   Data           8  mpu6050.o(.data)
    temp                                     0x20000098   Data           2  mpu6050.o(.data)
    prevMillis                               0x2000009c   Data           4  mpu6050.o(.data)
    AngleY                                   0x200000a0   Data           8  system.o(.data)
    Input_L                                  0x200000a8   Data           4  system.o(.data)
    Input_R                                  0x200000ac   Data           4  system.o(.data)
    Output                                   0x200000b0   Data           4  system.o(.data)
    I_L                                      0x200000b4   Data           4  system.o(.data)
    I_R                                      0x200000b8   Data           4  system.o(.data)
    Input_lastL                              0x200000bc   Data           4  system.o(.data)
    Input_lastR                              0x200000c0   Data           4  system.o(.data)
    Output_L                                 0x200000c4   Data           4  system.o(.data)
    Output_R                                 0x200000c8   Data           4  system.o(.data)
    M_L                                      0x200000cc   Data           4  system.o(.data)
    M_R                                      0x200000d0   Data           4  system.o(.data)
    Motor_L                                  0x200000d4   Data           4  system.o(.data)
    Motor_R                                  0x200000d8   Data           4  system.o(.data)
    Kp                                       0x200000dc   Data           4  system.o(.data)
    Ki                                       0x200000e0   Data           4  system.o(.data)
    Kd                                       0x200000e4   Data           4  system.o(.data)
    Offset                                   0x200000e8   Data           4  system.o(.data)
    Vgo                                      0x200000ec   Data           4  system.o(.data)
    Vgo_L                                    0x200000f0   Data           4  system.o(.data)
    Vgo_R                                    0x200000f4   Data           4  system.o(.data)
    Limited                                  0x200000f8   Data           4  system.o(.data)
    loop_timer                               0x200000fc   Data           4  system.o(.data)
    count                                    0x20000100   Data           4  usart_lib.o(.data)
    Data                                     0x20000104   Data           1  usart_lib.o(.data)
    Stt_receive                              0x20000108   Data           4  usart_lib.o(.data)
    __stdout                                 0x2000010c   Data           4  usart_lib.o(.data)
    String_receive                           0x20000124   Data         100  usart_lib.o(.bss)
    __libspace_start                         0x20000188   Data          96  libspace.o(.bss)
    __temporary_stack_top$libspace           0x200001e8   Data           0  libspace.o(.bss)



==============================================================================

Memory Map of the image

  Image Entry point : 0x080001a9

  Load Region LR_1 (Base: 0x08000000, Size: 0x000042bc, Max: 0xffffffff, ABSOLUTE)

    Execution Region ER_RO (Exec base: 0x08000000, Load base: 0x08000000, Size: 0x00004198, Max: 0xffffffff, ABSOLUTE)

    Exec Addr    Load Addr    Size         Type   Attr      Idx    E Section Name        Object

    0x08000000   0x08000000   0x000000ec   Data   RO         1739    RESET               startup_stm32f10x_md.o
    0x080000ec   0x080000ec   0x00000008   Code   RO         1831  * !!!main             c_w.l(__main.o)
    0x080000f4   0x080000f4   0x00000034   Code   RO         2141    !!!scatter          c_w.l(__scatter.o)
    0x08000128   0x08000128   0x0000001a   Code   RO         2143    !!handler_copy      c_w.l(__scatter_copy.o)
    0x08000142   0x08000142   0x00000002   PAD
    0x08000144   0x08000144   0x0000001c   Code   RO         2145    !!handler_zi        c_w.l(__scatter_zi.o)
    0x08000160   0x08000160   0x00000000   Code   RO         1826    .ARM.Collect$$_printf_percent$$00000000  c_w.l(_printf_percent.o)
    0x08000160   0x08000160   0x00000006   Code   RO         1825    .ARM.Collect$$_printf_percent$$00000003  c_w.l(_printf_f.o)
    0x08000166   0x08000166   0x00000006   Code   RO         1824    .ARM.Collect$$_printf_percent$$00000009  c_w.l(_printf_d.o)
    0x0800016c   0x0800016c   0x00000004   Code   RO         1894    .ARM.Collect$$_printf_percent$$00000017  c_w.l(_printf_percent_end.o)
    0x08000170   0x08000170   0x00000002   Code   RO         2010    .ARM.Collect$$libinit$$00000000  c_w.l(libinit.o)
    0x08000172   0x08000172   0x00000000   Code   RO         2012    .ARM.Collect$$libinit$$00000002  c_w.l(libinit2.o)
    0x08000172   0x08000172   0x00000000   Code   RO         2014    .ARM.Collect$$libinit$$00000004  c_w.l(libinit2.o)
    0x08000172   0x08000172   0x00000000   Code   RO         2017    .ARM.Collect$$libinit$$0000000A  c_w.l(libinit2.o)
    0x08000172   0x08000172   0x00000000   Code   RO         2019    .ARM.Collect$$libinit$$0000000C  c_w.l(libinit2.o)
    0x08000172   0x08000172   0x00000000   Code   RO         2021    .ARM.Collect$$libinit$$0000000E  c_w.l(libinit2.o)
    0x08000172   0x08000172   0x00000006   Code   RO         2022    .ARM.Collect$$libinit$$0000000F  c_w.l(libinit2.o)
    0x08000178   0x08000178   0x00000000   Code   RO         2024    .ARM.Collect$$libinit$$00000011  c_w.l(libinit2.o)
    0x08000178   0x08000178   0x00000000   Code   RO         2026    .ARM.Collect$$libinit$$00000013  c_w.l(libinit2.o)
    0x08000178   0x08000178   0x00000000   Code   RO         2028    .ARM.Collect$$libinit$$00000015  c_w.l(libinit2.o)
    0x08000178   0x08000178   0x0000000a   Code   RO         2029    .ARM.Collect$$libinit$$00000016  c_w.l(libinit2.o)
    0x08000182   0x08000182   0x00000000   Code   RO         2030    .ARM.Collect$$libinit$$00000017  c_w.l(libinit2.o)
    0x08000182   0x08000182   0x00000000   Code   RO         2032    .ARM.Collect$$libinit$$00000019  c_w.l(libinit2.o)
    0x08000182   0x08000182   0x00000000   Code   RO         2034    .ARM.Collect$$libinit$$0000001B  c_w.l(libinit2.o)
    0x08000182   0x08000182   0x00000000   Code   RO         2036    .ARM.Collect$$libinit$$0000001D  c_w.l(libinit2.o)
    0x08000182   0x08000182   0x00000000   Code   RO         2038    .ARM.Collect$$libinit$$0000001F  c_w.l(libinit2.o)
    0x08000182   0x08000182   0x00000000   Code   RO         2040    .ARM.Collect$$libinit$$00000021  c_w.l(libinit2.o)
    0x08000182   0x08000182   0x00000000   Code   RO         2042    .ARM.Collect$$libinit$$00000023  c_w.l(libinit2.o)
    0x08000182   0x08000182   0x00000000   Code   RO         2044    .ARM.Collect$$libinit$$00000025  c_w.l(libinit2.o)
    0x08000182   0x08000182   0x00000000   Code   RO         2048    .ARM.Collect$$libinit$$0000002C  c_w.l(libinit2.o)
    0x08000182   0x08000182   0x00000000   Code   RO         2050    .ARM.Collect$$libinit$$0000002E  c_w.l(libinit2.o)
    0x08000182   0x08000182   0x00000000   Code   RO         2052    .ARM.Collect$$libinit$$00000030  c_w.l(libinit2.o)
    0x08000182   0x08000182   0x00000000   Code   RO         2054    .ARM.Collect$$libinit$$00000032  c_w.l(libinit2.o)
    0x08000182   0x08000182   0x00000002   Code   RO         2055    .ARM.Collect$$libinit$$00000033  c_w.l(libinit2.o)
    0x08000184   0x08000184   0x00000002   Code   RO         2089    .ARM.Collect$$libshutdown$$00000000  c_w.l(libshutdown.o)
    0x08000186   0x08000186   0x00000000   Code   RO         2100    .ARM.Collect$$libshutdown$$00000002  c_w.l(libshutdown2.o)
    0x08000186   0x08000186   0x00000000   Code   RO         2102    .ARM.Collect$$libshutdown$$00000004  c_w.l(libshutdown2.o)
    0x08000186   0x08000186   0x00000000   Code   RO         2105    .ARM.Collect$$libshutdown$$00000007  c_w.l(libshutdown2.o)
    0x08000186   0x08000186   0x00000000   Code   RO         2108    .ARM.Collect$$libshutdown$$0000000A  c_w.l(libshutdown2.o)
    0x08000186   0x08000186   0x00000000   Code   RO         2110    .ARM.Collect$$libshutdown$$0000000C  c_w.l(libshutdown2.o)
    0x08000186   0x08000186   0x00000000   Code   RO         2113    .ARM.Collect$$libshutdown$$0000000F  c_w.l(libshutdown2.o)
    0x08000186   0x08000186   0x00000002   Code   RO         2114    .ARM.Collect$$libshutdown$$00000010  c_w.l(libshutdown2.o)
    0x08000188   0x08000188   0x00000000   Code   RO         1881    .ARM.Collect$$rtentry$$00000000  c_w.l(__rtentry.o)
    0x08000188   0x08000188   0x00000000   Code   RO         1928    .ARM.Collect$$rtentry$$00000002  c_w.l(__rtentry2.o)
    0x08000188   0x08000188   0x00000006   Code   RO         1940    .ARM.Collect$$rtentry$$00000004  c_w.l(__rtentry4.o)
    0x0800018e   0x0800018e   0x00000000   Code   RO         1930    .ARM.Collect$$rtentry$$00000009  c_w.l(__rtentry2.o)
    0x0800018e   0x0800018e   0x00000004   Code   RO         1931    .ARM.Collect$$rtentry$$0000000A  c_w.l(__rtentry2.o)
    0x08000192   0x08000192   0x00000000   Code   RO         1933    .ARM.Collect$$rtentry$$0000000C  c_w.l(__rtentry2.o)
    0x08000192   0x08000192   0x00000008   Code   RO         1934    .ARM.Collect$$rtentry$$0000000D  c_w.l(__rtentry2.o)
    0x0800019a   0x0800019a   0x00000002   Code   RO         2058    .ARM.Collect$$rtexit$$00000000  c_w.l(rtexit.o)
    0x0800019c   0x0800019c   0x00000000   Code   RO         2067    .ARM.Collect$$rtexit$$00000002  c_w.l(rtexit2.o)
    0x0800019c   0x0800019c   0x00000004   Code   RO         2068    .ARM.Collect$$rtexit$$00000003  c_w.l(rtexit2.o)
    0x080001a0   0x080001a0   0x00000006   Code   RO         2069    .ARM.Collect$$rtexit$$00000004  c_w.l(rtexit2.o)
    0x080001a6   0x080001a6   0x00000002   PAD
    0x080001a8   0x080001a8   0x00000040   Code   RO         1740  * .text               startup_stm32f10x_md.o
    0x080001e8   0x080001e8   0x00000018   Code   RO         1796    .text               c_w.l(noretval__2printf.o)
    0x08000200   0x08000200   0x00000078   Code   RO         1802    .text               c_w.l(_printf_dec.o)
    0x08000278   0x08000278   0x000000b8   Code   RO         1807    .text               c_w.l(__printf_ss.o)
    0x08000330   0x08000330   0x00000006   Code   RO         1829    .text               c_w.l(heapauxi.o)
    0x08000336   0x08000336   0x00000016   Code   RO         1882    .text               c_w.l(_rserrno.o)
    0x0800034c   0x0800034c   0x000000b2   Code   RO         1884    .text               c_w.l(_printf_intcommon.o)
    0x080003fe   0x080003fe   0x0000041e   Code   RO         1886    .text               c_w.l(_printf_fp_dec.o)
    0x0800081c   0x0800081c   0x00000030   Code   RO         1888    .text               c_w.l(_printf_char_common.o)
    0x0800084c   0x0800084c   0x00000024   Code   RO         1892    .text               c_w.l(_printf_char_file.o)
    0x08000870   0x08000870   0x00000008   Code   RO         1945    .text               c_w.l(rt_locale_intlibspace.o)
    0x08000878   0x08000878   0x00000008   Code   RO         1950    .text               c_w.l(rt_errno_addr_intlibspace.o)
    0x08000880   0x08000880   0x0000008a   Code   RO         1952    .text               c_w.l(lludiv10.o)
    0x0800090a   0x0800090a   0x00000002   PAD
    0x0800090c   0x0800090c   0x00000080   Code   RO         1954    .text               c_w.l(_printf_fp_infnan.o)
    0x0800098c   0x0800098c   0x000000e4   Code   RO         1958    .text               c_w.l(bigflt0.o)
    0x08000a70   0x08000a70   0x00000008   Code   RO         1983    .text               c_w.l(ferror.o)
    0x08000a78   0x08000a78   0x00000008   Code   RO         1996    .text               c_w.l(libspace.o)
    0x08000a80   0x08000a80   0x0000004a   Code   RO         1999    .text               c_w.l(sys_stackheap_outer.o)
    0x08000aca   0x08000aca   0x00000012   Code   RO         2001    .text               c_w.l(exit.o)
    0x08000adc   0x08000adc   0x00000080   Code   RO         2003    .text               c_w.l(strcmpv7m.o)
    0x08000b5c   0x08000b5c   0x0000000c   Code   RO         2079    .text               c_w.l(sys_exit.o)
    0x08000b68   0x08000b68   0x00000002   Code   RO         2090    .text               c_w.l(use_no_semi.o)
    0x08000b6a   0x08000b6a   0x00000000   Code   RO         2092    .text               c_w.l(indicate_semi.o)
    0x08000b6a   0x08000b6a   0x0000003e   Code   RO         1961    CL$$btod_d2e        c_w.l(btod.o)
    0x08000ba8   0x08000ba8   0x00000046   Code   RO         1963    CL$$btod_d2e_denorm_low  c_w.l(btod.o)
    0x08000bee   0x08000bee   0x00000060   Code   RO         1962    CL$$btod_d2e_norm_op1  c_w.l(btod.o)
    0x08000c4e   0x08000c4e   0x00000338   Code   RO         1971    CL$$btod_div_common  c_w.l(btod.o)
    0x08000f86   0x08000f86   0x000000dc   Code   RO         1968    CL$$btod_e2e        c_w.l(btod.o)
    0x08001062   0x08001062   0x0000002a   Code   RO         1965    CL$$btod_ediv       c_w.l(btod.o)
    0x0800108c   0x0800108c   0x0000002a   Code   RO         1964    CL$$btod_emul       c_w.l(btod.o)
    0x080010b6   0x080010b6   0x00000244   Code   RO         1970    CL$$btod_mult_common  c_w.l(btod.o)
    0x080012fa   0x080012fa   0x00000116   Code   RO          440    i.GPIO_Init         stm32f10x_gpio.o
    0x08001410   0x08001410   0x00000004   Code   RO          447    i.GPIO_ResetBits    stm32f10x_gpio.o
    0x08001414   0x08001414   0x0000000a   Code   RO          451    i.GPIO_WriteBit     stm32f10x_gpio.o
    0x0800141e   0x0800141e   0x00000002   PAD
    0x08001420   0x08001420   0x0000006c   Code   RO            4    i.I2C1_Init         i2c.o
    0x0800148c   0x0800148c   0x00000018   Code   RO          561    i.I2C_AcknowledgeConfig  stm32f10x_i2c.o
    0x080014a4   0x080014a4   0x000001b4   Code   RO            5    i.I2C_BufferRead    i2c.o
    0x08001658   0x08001658   0x000000ec   Code   RO            6    i.I2C_ByteWrite     i2c.o
    0x08001744   0x08001744   0x0000002a   Code   RO          563    i.I2C_CheckEvent    stm32f10x_i2c.o
    0x0800176e   0x0800176e   0x00000018   Code   RO          566    i.I2C_Cmd           stm32f10x_i2c.o
    0x08001786   0x08001786   0x00000018   Code   RO          573    i.I2C_GenerateSTART  stm32f10x_i2c.o
    0x0800179e   0x0800179e   0x00000018   Code   RO          574    i.I2C_GenerateSTOP  stm32f10x_i2c.o
    0x080017b6   0x080017b6   0x0000003a   Code   RO          575    i.I2C_GetFlagStatus  stm32f10x_i2c.o
    0x080017f0   0x080017f0   0x000000ec   Code   RO          580    i.I2C_Init          stm32f10x_i2c.o
    0x080018dc   0x080018dc   0x00000008   Code   RO          585    i.I2C_ReceiveData   stm32f10x_i2c.o
    0x080018e4   0x080018e4   0x00000012   Code   RO          587    i.I2C_Send7bitAddress  stm32f10x_i2c.o
    0x080018f6   0x080018f6   0x00000004   Code   RO          588    i.I2C_SendData      stm32f10x_i2c.o
    0x080018fa   0x080018fa   0x00000002   PAD
    0x080018fc   0x080018fc   0x00000038   Code   RO            8    i.I2C_TIMEOUT_UserCallback  i2c.o
    0x08001934   0x08001934   0x000000b4   Code   RO          151    i.MotorInit         motor.o
    0x080019e8   0x080019e8   0x00000010   Code   RO          207    i.Mpu6050_GetYAngle  mpu6050.o
    0x080019f8   0x080019f8   0x000000a8   Code   RO          208    i.Mpu6050_Init      mpu6050.o
    0x08001aa0   0x08001aa0   0x00000370   Code   RO          209    i.Mpu6050_ReadAngles  mpu6050.o
    0x08001e10   0x08001e10   0x00000020   Code   RO          778    i.RCC_APB1PeriphClockCmd  stm32f10x_rcc.o
    0x08001e30   0x08001e30   0x00000020   Code   RO          780    i.RCC_APB2PeriphClockCmd  stm32f10x_rcc.o
    0x08001e50   0x08001e50   0x000000d4   Code   RO          788    i.RCC_GetClocksFreq  stm32f10x_rcc.o
    0x08001f24   0x08001f24   0x00000008   Code   RO         1747    i.SetSysClock       system_stm32f10x.o
    0x08001f2c   0x08001f2c   0x000000e0   Code   RO         1748    i.SetSysClockTo72   system_stm32f10x.o
    0x0800200c   0x0800200c   0x00000024   Code   RO          251    i.SysInit           system.o
    0x08002030   0x08002030   0x00000024   Code   RO          252    i.SysRun            system.o
    0x08002054   0x08002054   0x00000060   Code   RO         1750    i.SystemInit        system_stm32f10x.o
    0x080020b4   0x080020b4   0x0000000c   Code   RO          154    i.SystickMillis     motor.o
    0x080020c0   0x080020c0   0x00000150   Code   RO          155    i.TIM4_IRQHandler   motor.o
    0x08002210   0x08002210   0x00000006   Code   RO          998    i.TIM_ClearFlag     stm32f10x_tim.o
    0x08002216   0x08002216   0x00000006   Code   RO          999    i.TIM_ClearITPendingBit  stm32f10x_tim.o
    0x0800221c   0x0800221c   0x00000018   Code   RO         1004    i.TIM_Cmd           stm32f10x_tim.o
    0x08002234   0x08002234   0x00000022   Code   RO         1025    i.TIM_GetITStatus   stm32f10x_tim.o
    0x08002256   0x08002256   0x00000012   Code   RO         1029    i.TIM_ITConfig      stm32f10x_tim.o
    0x08002268   0x08002268   0x000000a4   Code   RO         1075    i.TIM_TimeBaseInit  stm32f10x_tim.o
    0x0800230c   0x0800230c   0x00000070   Code   RO          288    i.USART1_IRQHandler  usart_lib.o
    0x0800237c   0x0800237c   0x00000012   Code   RO         1548    i.USART_ClearFlag   stm32f10x_usart.o
    0x0800238e   0x0800238e   0x0000001e   Code   RO         1549    i.USART_ClearITPendingBit  stm32f10x_usart.o
    0x080023ac   0x080023ac   0x00000018   Code   RO         1552    i.USART_Cmd         stm32f10x_usart.o
    0x080023c4   0x080023c4   0x0000001a   Code   RO         1555    i.USART_GetFlagStatus  stm32f10x_usart.o
    0x080023de   0x080023de   0x0000004a   Code   RO         1558    i.USART_ITConfig    stm32f10x_usart.o
    0x08002428   0x08002428   0x000000d8   Code   RO         1559    i.USART_Init        stm32f10x_usart.o
    0x08002500   0x08002500   0x0000000a   Code   RO         1566    i.USART_ReceiveData  stm32f10x_usart.o
    0x0800250a   0x0800250a   0x00000008   Code   RO         1569    i.USART_SendData    stm32f10x_usart.o
    0x08002512   0x08002512   0x00000002   PAD
    0x08002514   0x08002514   0x000000bc   Code   RO          291    i.UsartLib_Init     usart_lib.o
    0x080025d0   0x080025d0   0x00000020   Code   RO          293    i.UsartLib_SendChar  usart_lib.o
    0x080025f0   0x080025f0   0x00000028   Code   RO         1922    i.__ARM_fpclassify  m_ws.l(fpclassify.o)
    0x08002618   0x08002618   0x000000aa   Code   RO         1924    i.__kernel_poly     m_ws.l(poly.o)
    0x080026c2   0x080026c2   0x00000002   PAD
    0x080026c4   0x080026c4   0x00000010   Code   RO         1908    i.__mathlib_dbl_divzero  m_ws.l(dunder.o)
    0x080026d4   0x080026d4   0x00000006   Code   RO         1909    i.__mathlib_dbl_infnan  m_ws.l(dunder.o)
    0x080026da   0x080026da   0x00000004   Code   RO         1910    i.__mathlib_dbl_infnan2  m_ws.l(dunder.o)
    0x080026de   0x080026de   0x0000000c   Code   RO         1911    i.__mathlib_dbl_invalid  m_ws.l(dunder.o)
    0x080026ea   0x080026ea   0x0000000e   Code   RO         1912    i.__mathlib_dbl_overflow  m_ws.l(dunder.o)
    0x080026f8   0x080026f8   0x00000010   Code   RO         1914    i.__mathlib_dbl_underflow  m_ws.l(dunder.o)
    0x08002708   0x08002708   0x00000220   Code   RO         1854    i.atan              m_ws.l(atan.o)
    0x08002928   0x08002928   0x00000010   Code   RO          298    i.fputc             usart_lib.o
    0x08002938   0x08002938   0x0000000c   Code   RO          110    i.main              main.o
    0x08002944   0x08002944   0x000009d8   Code   RO         1864    i.pow               m_ws.l(pow.o)
    0x0800331c   0x0800331c   0x0000004c   Code   RO         1874    i.sqrt              m_ws.l(sqrt.o)
    0x08003368   0x08003368   0x0000002c   Code   RO         1988    locale$$code        c_w.l(lc_numeric_c.o)
    0x08003394   0x08003394   0x00000150   Code   RO         1833    x$fpl$dadd          fz_ws.l(daddsub_clz.o)
    0x080034e4   0x080034e4   0x00000010   Code   RO         1990    x$fpl$dcheck1       fz_ws.l(dcheck1.o)
    0x080034f4   0x080034f4   0x00000018   Code   RO         1992    x$fpl$dcmpinf       fz_ws.l(dcmpi.o)
    0x0800350c   0x0800350c   0x000002b0   Code   RO         1840    x$fpl$ddiv          fz_ws.l(ddiv.o)
    0x080037bc   0x080037bc   0x0000002e   Code   RO         1844    x$fpl$dflt          fz_ws.l(dflt_clz.o)
    0x080037ea   0x080037ea   0x00000026   Code   RO         1843    x$fpl$dfltu         fz_ws.l(dflt_clz.o)
    0x08003810   0x08003810   0x00000078   Code   RO         1895    x$fpl$dleqf         fz_ws.l(dleqf.o)
    0x08003888   0x08003888   0x00000154   Code   RO         1849    x$fpl$dmul          fz_ws.l(dmul.o)
    0x080039dc   0x080039dc   0x0000009c   Code   RO         1897    x$fpl$dnaninf       fz_ws.l(dnaninf.o)
    0x08003a78   0x08003a78   0x0000000c   Code   RO         1899    x$fpl$dretinf       fz_ws.l(dretinf.o)
    0x08003a84   0x08003a84   0x0000006c   Code   RO         1901    x$fpl$drleqf        fz_ws.l(drleqf.o)
    0x08003af0   0x08003af0   0x00000016   Code   RO         1834    x$fpl$drsb          fz_ws.l(daddsub_clz.o)
    0x08003b06   0x08003b06   0x00000002   PAD
    0x08003b08   0x08003b08   0x000001cc   Code   RO         1903    x$fpl$dsqrt         fz_ws.l(dsqrt_noumaal.o)
    0x08003cd4   0x08003cd4   0x000001d4   Code   RO         1835    x$fpl$dsub          fz_ws.l(daddsub_clz.o)
    0x08003ea8   0x08003ea8   0x00000004   Code   RO         1851    x$fpl$printf1       fz_ws.l(printf1.o)
    0x08003eac   0x08003eac   0x00000064   Code   RO         2056    x$fpl$retnan        fz_ws.l(retnan.o)
    0x08003f10   0x08003f10   0x0000005c   Code   RO         1905    x$fpl$scalbn        fz_ws.l(scalbn.o)
    0x08003f6c   0x08003f6c   0x00000030   Code   RO         2064    x$fpl$trapveneer    fz_ws.l(trapv.o)
    0x08003f9c   0x08003f9c   0x00000000   Code   RO         1907    x$fpl$usenofp       fz_ws.l(usenofp.o)
    0x08003f9c   0x08003f9c   0x00000004   PAD
    0x08003fa0   0x08003fa0   0x00000098   Data   RO         1855    .constdata          m_ws.l(atan.o)
    0x08004038   0x08004038   0x00000088   Data   RO         1865    .constdata          m_ws.l(pow.o)
    0x080040c0   0x080040c0   0x00000008   Data   RO         1926    .constdata          m_ws.l(qnan.o)
    0x080040c8   0x080040c8   0x00000094   Data   RO         1959    .constdata          c_w.l(bigflt0.o)
    0x0800415c   0x0800415c   0x00000020   Data   RO         2139    Region$$Table       anon$$obj.o
    0x0800417c   0x0800417c   0x0000001c   Data   RO         1987    locale$$data        c_w.l(lc_numeric_c.o)


    Execution Region ER_RW (Exec base: 0x20000000, Load base: 0x08004198, Size: 0x00000124, Max: 0xffffffff, ABSOLUTE)

    Exec Addr    Load Addr    Size         Type   Attr      Idx    E Section Name        Object

    0x20000000   0x08004198   0x00000008   Data   RW            9    .data               i2c.o
    0x20000008   0x080041a0   0x00000030   Data   RW          156    .data               motor.o
    0x20000038   0x080041d0   0x00000068   Data   RW          210    .data               mpu6050.o
    0x200000a0   0x08004238   0x00000060   Data   RW          253    .data               system.o
    0x20000100   0x08004298   0x00000010   Data   RW          300    .data               usart_lib.o
    0x20000110   0x080042a8   0x00000014   Data   RW          808    .data               stm32f10x_rcc.o


    Execution Region ER_ZI (Exec base: 0x20000124, Load base: 0x080042bc, Size: 0x000006c4, Max: 0xffffffff, ABSOLUTE)

    Exec Addr    Load Addr    Size         Type   Attr      Idx    E Section Name        Object

    0x20000124        -       0x00000064   Zero   RW          299    .bss                usart_lib.o
    0x20000188        -       0x00000060   Zero   RW         1997    .bss                c_w.l(libspace.o)
    0x200001e8        -       0x00000200   Zero   RW         1738    HEAP                startup_stm32f10x_md.o
    0x200003e8        -       0x00000400   Zero   RW         1737    STACK               startup_stm32f10x_md.o


==============================================================================

Image component sizes


      Code (inc. data)   RO Data    RW Data    ZI Data      Debug   Object Name

       836         86          0          8          0     263082   i2c.o
        12          0          0          0          0        423   main.o
       528         72          0         48          0      28057   motor.o
      1064        148          0        104          0       2678   mpu6050.o
        64         26        236          0       1536        824   startup_stm32f10x_md.o
       292          0          0          0          0       3305   stm32f10x_gpio.o
       462         14          0          0          0       8020   stm32f10x_i2c.o
       276         32          0         20          0       4634   stm32f10x_rcc.o
       252         42          0          0          0       4346   stm32f10x_tim.o
       406          6          0          0          0       6889   stm32f10x_usart.o
        72         20          0         96          0       1720   system.o
       328         28          0          0          0       2117   system_stm32f10x.o
       348         32          0         16        100       4532   usart_lib.o

    ----------------------------------------------------------------------
      4946        506        268        292       1636     330627   Object Totals
         0          0         32          0          0          0   (incl. Generated)
         6          0          0          0          0          0   (incl. Padding)

    ----------------------------------------------------------------------

      Code (inc. data)   RO Data    RW Data    ZI Data      Debug   Library Member Name

         8          0          0          0          0         68   __main.o
       184          0          0          0          0         84   __printf_ss.o
         0          0          0          0          0          0   __rtentry.o
        12          0          0          0          0          0   __rtentry2.o
         6          0          0          0          0          0   __rtentry4.o
        52          8          0          0          0          0   __scatter.o
        26          0          0          0          0          0   __scatter_copy.o
        28          0          0          0          0          0   __scatter_zi.o
        48          6          0          0          0         96   _printf_char_common.o
        36          4          0          0          0         80   _printf_char_file.o
         6          0          0          0          0          0   _printf_d.o
       120         16          0          0          0         92   _printf_dec.o
         6          0          0          0          0          0   _printf_f.o
      1054          0          0          0          0        216   _printf_fp_dec.o
       128         16          0          0          0         84   _printf_fp_infnan.o
       178          0          0          0          0         88   _printf_intcommon.o
         0          0          0          0          0          0   _printf_percent.o
         4          0          0          0          0          0   _printf_percent_end.o
        22          0          0          0          0        100   _rserrno.o
       228          4        148          0          0         96   bigflt0.o
      1936        128          0          0          0        672   btod.o
        18          0          0          0          0         80   exit.o
         8          0          0          0          0         68   ferror.o
         6          0          0          0          0        152   heapauxi.o
         0          0          0          0          0          0   indicate_semi.o
        44         10         28          0          0         76   lc_numeric_c.o
         2          0          0          0          0          0   libinit.o
        18          0          0          0          0          0   libinit2.o
         2          0          0          0          0          0   libshutdown.o
         2          0          0          0          0          0   libshutdown2.o
         8          4          0          0         96         68   libspace.o
       138          0          0          0          0         80   lludiv10.o
        24          4          0          0          0         84   noretval__2printf.o
         8          4          0          0          0         68   rt_errno_addr_intlibspace.o
         8          4          0          0          0         68   rt_locale_intlibspace.o
         2          0          0          0          0          0   rtexit.o
        10          0          0          0          0          0   rtexit2.o
       128          0          0          0          0         68   strcmpv7m.o
        12          4          0          0          0         68   sys_exit.o
        74          0          0          0          0         80   sys_stackheap_outer.o
         2          0          0          0          0         68   use_no_semi.o
       826         16          0          0          0        348   daddsub_clz.o
        16          4          0          0          0         68   dcheck1.o
        24          0          0          0          0         68   dcmpi.o
       688        140          0          0          0        208   ddiv.o
        84          0          0          0          0        136   dflt_clz.o
       120          4          0          0          0         92   dleqf.o
       340         12          0          0          0        104   dmul.o
       156          4          0          0          0         92   dnaninf.o
        12          0          0          0          0         68   dretinf.o
       108          0          0          0          0         80   drleqf.o
       460         56          0          0          0        120   dsqrt_noumaal.o
         4          0          0          0          0         68   printf1.o
       100          0          0          0          0         68   retnan.o
        92          0          0          0          0         68   scalbn.o
        48          0          0          0          0         68   trapv.o
         0          0          0          0          0          0   usenofp.o
       544         70        152          0          0        124   atan.o
        68         10          0          0          0        408   dunder.o
        40          0          0          0          0         68   fpclassify.o
       170          0          0          0          0         96   poly.o
      2520        190        136          0          0        324   pow.o
         0          0          8          0          0          0   qnan.o
        76          0          0          0          0         84   sqrt.o

    ----------------------------------------------------------------------
     11106        718        472          0         96       5464   Library Totals
        14          0          0          0          0          0   (incl. Padding)

    ----------------------------------------------------------------------

      Code (inc. data)   RO Data    RW Data    ZI Data      Debug   Library Name

      4596        212        176          0         96       2704   c_w.l
      3078        236          0          0          0       1656   fz_ws.l
      3418        270        296          0          0       1104   m_ws.l

    ----------------------------------------------------------------------
     11106        718        472          0         96       5464   Library Totals

    ----------------------------------------------------------------------

==============================================================================


      Code (inc. data)   RO Data    RW Data    ZI Data      Debug   

     16052       1224        740        292       1732     330731   Grand Totals
     16052       1224        740        292       1732     330731   ELF Image Totals
     16052       1224        740        292          0          0   ROM Totals

==============================================================================

    Total RO  Size (Code + RO Data)                16792 (  16.40kB)
    Total RW  Size (RW Data + ZI Data)              2024 (   1.98kB)
    Total ROM Size (Code + RO Data + RW Data)      17084 (  16.68kB)

==============================================================================

