<html>
<body>
<pre>
<h1>µVision Build Log</h1>
<h2>Tool Versions:</h2>
IDE-Version: µVision V5.28.0.0
Copyright (C) 2019 ARM Ltd and ARM Germany GmbH. All rights reserved.
License Information: sdbvchcfhweb rwgvbwergv, rvergverver, LIC=----
 
Tool Versions:
Toolchain:       MDK-Lite  Version: 5.28.0.0
Toolchain Path:  D:\Keil C\ARM\ARMCC\Bin
C Compiler:      Armcc.exe V5.06 update 6 (build 750)
Assembler:       Armasm.exe V5.06 update 6 (build 750)
Linker/Locator:  ArmLink.exe V5.06 update 6 (build 750)
Library Manager: ArmAr.exe V5.06 update 6 (build 750)
Hex Converter:   FromElf.exe V5.06 update 6 (build 750)
CPU DLL:         SARMCM3.DLL V5.28.0.0
Dialog DLL:      DCM.DLL V1.17.3.0
Target DLL:      STLink\ST-LINKIII-KEIL_SWO.dll V3.0.6.0
Dialog DLL:      TCM.DLL V1.36.2.0
 
<h2>Project:</h2>
C:\Users\hnaco\Desktop\Thiet_ke_dien_tu\Robot_version1\MDK\balancing_robot.uvprojx
Project File Date:  09/30/2022

<h2>Output:</h2>
*** Using Compiler 'V5.06 update 6 (build 750)', folder: 'D:\Keil C\ARM\ARMCC\Bin'
Rebuild target 'Balancing'
compiling usart_lib.c...
compiling system.c...
..\USER\i2c.h(46): warning:  #1-D: last line of file ends without a newline
  																					
..\USER\mpu6050.h(19): warning:  #1295-D: Deprecated declaration Mpu6050_ReadAngles - give arg types
  void Mpu6050_ReadAngles();
..\USER\mpu6050.h(20): warning:  #1295-D: Deprecated declaration Mpu6050_GetYAngle - give arg types
  double Mpu6050_GetYAngle();
..\USER\system.c: 3 warnings, 0 errors
compiling i2c.c...
..\USER\i2c.h(46): warning:  #1-D: last line of file ends without a newline
  																					
..\USER\i2c.c(43): warning:  #223-D: function "printf" declared implicitly
    IDP_IIC__ERROR("I2C !errorCode = %d",errorCode);
..\USER\i2c.c: 2 warnings, 0 errors
compiling main.c...
..\USER\i2c.h(46): warning:  #1-D: last line of file ends without a newline
  																					
..\USER\mpu6050.h(19): warning:  #1295-D: Deprecated declaration Mpu6050_ReadAngles - give arg types
  void Mpu6050_ReadAngles();
..\USER\mpu6050.h(20): warning:  #1295-D: Deprecated declaration Mpu6050_GetYAngle - give arg types
  double Mpu6050_GetYAngle();
..\USER\main.c: 3 warnings, 0 errors
compiling time.c...
compiling motor.c...
compiling misc.c...
compiling mpu6050.c...
..\USER\i2c.h(46): warning:  #1-D: last line of file ends without a newline
  																					
..\USER\mpu6050.h(19): warning:  #1295-D: Deprecated declaration Mpu6050_ReadAngles - give arg types
  void Mpu6050_ReadAngles();
..\USER\mpu6050.h(20): warning:  #1295-D: Deprecated declaration Mpu6050_GetYAngle - give arg types
  double Mpu6050_GetYAngle();
..\USER\mpu6050.c(40): warning:  #550-D: variable "res"  was set but never used
  			u8 buf[6],res;  
..\USER\mpu6050.c(60): warning:  #550-D: variable "res"  was set but never used
  		u8 Rec_Data[14],res;
..\USER\mpu6050.c: 5 warnings, 0 errors
compiling stm32f10x_i2c.c...
compiling stm32f10x_gpio.c...
compiling stm32f10x_rcc.c...
assembling startup_stm32f10x_md.s...
compiling stm32f10x_tim.c...
compiling stm32f10x_usart.c...
compiling system_stm32f10x.c...
linking...
Program Size: Code=4756 RO-data=268 RW-data=172 ZI-data=1732  
".\Objects\balancing_robot.axf" - 0 Error(s), 13 Warning(s).

<h2>Software Packages used:</h2>

Package Vendor: ARM
                http://www.keil.com/pack/ARM.CMSIS.5.9.0.pack
                ARM.CMSIS.5.9.0
                CMSIS (Common Microcontroller Software Interface Standard)
   * Component: CORE Version: 5.6.0

Package Vendor: Keil
                http://www.keil.com/pack/Keil.STM32F1xx_DFP.2.4.0.pack
                Keil.STM32F1xx_DFP.2.4.0
                STMicroelectronics STM32F1 Series Device Support, Drivers and Examples
   * Component: Startup Version: 1.0.0
   * Component: Framework Version: 3.6.0
   * Component: GPIO Version: 3.6.0
   * Component: I2C Version: 3.6.0
   * Component: RCC Version: 3.6.0
   * Component: TIM Version: 3.6.0
   * Component: USART Version: 3.6.0

<h2>Collection of Component include folders:</h2>
  .\RTE\Device\STM32F103C8
  .\RTE\_Balancing
  D:\Keil C\ARM\CMSIS\5.9.0\CMSIS\Core\Include
  D:\Keil C\Keil\STM32F1xx_DFP\2.4.0\Device\Include
  D:\Keil C\Keil\STM32F1xx_DFP\2.4.0\Device\StdPeriph_Driver\inc

<h2>Collection of Component Files used:</h2>

   * Component: ARM::CMSIS:CORE:5.6.0

   * Component: Keil::Device:Startup:1.0.0
      Source file:   Device\Source\system_stm32f10x.c
      Source file:   Device\Source\ARM\startup_stm32f10x_md.s
      Source file:   Device\Source\ARM\STM32F1xx_OPT.s
      Include file:  RTE_Driver\Config\RTE_Device.h

   * Component: Keil::Device:StdPeriph Drivers:Framework:3.6.0
      Source file:   Device\StdPeriph_Driver\src\misc.c
      Source file:   Device\StdPeriph_Driver\templates\stm32f10x_it.c
      Source file:   Device\StdPeriph_Driver\templates\stm32f10x_conf.h
      Include file:  Device\StdPeriph_Driver\templates\stm32f10x_it.h
      Include file:  Device\StdPeriph_Driver\inc\misc.h

   * Component: Keil::Device:StdPeriph Drivers:GPIO:3.6.0
      Source file:   Device\StdPeriph_Driver\src\stm32f10x_gpio.c
      Include file:  Device\StdPeriph_Driver\inc\stm32f10x_gpio.h

   * Component: Keil::Device:StdPeriph Drivers:I2C:3.6.0
      Include file:  Device\StdPeriph_Driver\inc\stm32f10x_i2c.h
      Source file:   Device\StdPeriph_Driver\src\stm32f10x_i2c.c

   * Component: Keil::Device:StdPeriph Drivers:RCC:3.6.0
      Include file:  Device\StdPeriph_Driver\inc\stm32f10x_rcc.h
      Source file:   Device\StdPeriph_Driver\src\stm32f10x_rcc.c

   * Component: Keil::Device:StdPeriph Drivers:TIM:3.6.0
      Include file:  Device\StdPeriph_Driver\inc\stm32f10x_tim.h
      Source file:   Device\StdPeriph_Driver\src\stm32f10x_tim.c

   * Component: Keil::Device:StdPeriph Drivers:USART:3.6.0
      Include file:  Device\StdPeriph_Driver\inc\stm32f10x_usart.h
      Source file:   Device\StdPeriph_Driver\src\stm32f10x_usart.c
Build Time Elapsed:  00:00:02
</pre>
</body>
</html>
